===== SEED 123 START 2026-08-04 22:23:44 =====
[NbConvertApp] Converting notebook notebook/_multiseed/input_seed123.ipynb to notebook
C:\Users\Ohi\AppData\Roaming\Python\Python310\site-packages\zmq\_future.py:718: RuntimeWarning: Proactor event loop does not implement add_reader family of methods required for zmq. Registering an additional selector thread for add_reader support via tornado. Use `asyncio.set_event_loop_policy(WindowsSelectorEventLoopPolicy())` to avoid this warning.
  self._get_loop()
[NbConvertApp] Writing 155746 bytes to notebook\_multiseed\executed_seed123.ipynb
===== SEED 123 END 2026-08-04 22:33:20 rc=0 =====
===== SEED 456 START 2026-08-04 22:33:20 =====
[NbConvertApp] Converting notebook notebook/_multiseed/input_seed456.ipynb to notebook
C:\Users\Ohi\AppData\Roaming\Python\Python310\site-packages\zmq\_future.py:718: RuntimeWarning: Proactor event loop does not implement add_reader family of methods required for zmq. Registering an additional selector thread for add_reader support via tornado. Use `asyncio.set_event_loop_policy(WindowsSelectorEventLoopPolicy())` to avoid this warning.
  self._get_loop()
[NbConvertApp] Writing 156088 bytes to notebook\_multiseed\executed_seed456.ipynb
===== SEED 456 END 2026-08-04 22:45:47 rc=0 =====
===== SEED 789 START 2026-08-04 22:45:47 =====
[NbConvertApp] Converting notebook notebook/_multiseed/input_seed789.ipynb to notebook
C:\Users\Ohi\AppData\Roaming\Python\Python310\site-packages\zmq\_future.py:718: RuntimeWarning: Proactor event loop does not implement add_reader family of methods required for zmq. Registering an additional selector thread for add_reader support via tornado. Use `asyncio.set_event_loop_policy(WindowsSelectorEventLoopPolicy())` to avoid this warning.
  self._get_loop()
[NbConvertApp] Writing 157425 bytes to notebook\_multiseed\executed_seed789.ipynb
===== SEED 789 END 2026-08-04 22:59:15 rc=0 =====
===== SEED 2024 START 2026-08-04 22:59:15 =====
[NbConvertApp] Converting notebook notebook/_multiseed/input_seed2024.ipynb to notebook
C:\Users\Ohi\AppData\Roaming\Python\Python310\site-packages\zmq\_future.py:718: RuntimeWarning: Proactor event loop does not implement add_reader family of methods required for zmq. Registering an additional selector thread for add_reader support via tornado. Use `asyncio.set_event_loop_policy(WindowsSelectorEventLoopPolicy())` to avoid this warning.
  self._get_loop()
[NbConvertApp] Writing 155604 bytes to notebook\_multiseed\executed_seed2024.ipynb
===== SEED 2024 END 2026-08-04 23:35:54 rc=0 =====
ALL_SEEDS_DONE
