
===== c_d2_nf start 2026-09-18T11:19:51 host=master job=31823.master
Seed set to 0
GPU available: True (cuda), used: True
TPU available: False, using: 0 TPU cores
You are using a CUDA device ('NVIDIA H100 NVL MIG 3g.47gb') that has Tensor Cores. To properly utilize them, you should set `torch.set_float32_matmul_precision('medium' | 'high')` which will trade-off precision for performance. For more details, read https://pytorch.org/docs/stable/generated/torch.set_float32_matmul_precision.html#torch.set_float32_matmul_precision
LOCAL_RANK: 0 - CUDA_VISIBLE_DEVICES: [MIG-4d38d5cf-c802-5308-80b8-251f3cec7480]
GPU available: True (cuda), used: True
TPU available: False, using: 0 TPU cores
LOCAL_RANK: 0 - CUDA_VISIBLE_DEVICES: [MIG-4d38d5cf-c802-5308-80b8-251f3cec7480]
  nhits T1 window 56: val pinball 0.3233 [12s]
  nhits T1 seed 0: 89862 rows [12s]
Seed set to 1
GPU available: True (cuda), used: True
TPU available: False, using: 0 TPU cores
LOCAL_RANK: 0 - CUDA_VISIBLE_DEVICES: [MIG-4d38d5cf-c802-5308-80b8-251f3cec7480]
GPU available: True (cuda), used: True
TPU available: False, using: 0 TPU cores
LOCAL_RANK: 0 - CUDA_VISIBLE_DEVICES: [MIG-4d38d5cf-c802-5308-80b8-251f3cec7480]
  nhits T1 seed 1: 89862 rows [18s]
Seed set to 2
GPU available: True (cuda), used: True
TPU available: False, using: 0 TPU cores
LOCAL_RANK: 0 - CUDA_VISIBLE_DEVICES: [MIG-4d38d5cf-c802-5308-80b8-251f3cec7480]
GPU available: True (cuda), used: True
TPU available: False, using: 0 TPU cores
LOCAL_RANK: 0 - CUDA_VISIBLE_DEVICES: [MIG-4d38d5cf-c802-5308-80b8-251f3cec7480]
  nhits T1 seed 2: 89862 rows [25s]
Seed set to 3
GPU available: True (cuda), used: True
TPU available: False, using: 0 TPU cores
LOCAL_RANK: 0 - CUDA_VISIBLE_DEVICES: [MIG-4d38d5cf-c802-5308-80b8-251f3cec7480]
GPU available: True (cuda), used: True
TPU available: False, using: 0 TPU cores
LOCAL_RANK: 0 - CUDA_VISIBLE_DEVICES: [MIG-4d38d5cf-c802-5308-80b8-251f3cec7480]
  nhits T1 seed 3: 89862 rows [39s]
Seed set to 4
GPU available: True (cuda), used: True
TPU available: False, using: 0 TPU cores
LOCAL_RANK: 0 - CUDA_VISIBLE_DEVICES: [MIG-4d38d5cf-c802-5308-80b8-251f3cec7480]
GPU available: True (cuda), used: True
TPU available: False, using: 0 TPU cores
LOCAL_RANK: 0 - CUDA_VISIBLE_DEVICES: [MIG-4d38d5cf-c802-5308-80b8-251f3cec7480]
  nhits T1 seed 4: 89862 rows [49s]
nhits T1 done, window 56 50.0s
Seed set to 0
GPU available: True (cuda), used: True
TPU available: False, using: 0 TPU cores
LOCAL_RANK: 0 - CUDA_VISIBLE_DEVICES: [MIG-4d38d5cf-c802-5308-80b8-251f3cec7480]
GPU available: True (cuda), used: True
TPU available: False, using: 0 TPU cores
LOCAL_RANK: 0 - CUDA_VISIBLE_DEVICES: [MIG-4d38d5cf-c802-5308-80b8-251f3cec7480]
  tide T1 window 56: val pinball 0.3106 [15s]
  tide T1 seed 0: 89862 rows [15s]
Seed set to 1
GPU available: True (cuda), used: True
TPU available: False, using: 0 TPU cores
LOCAL_RANK: 0 - CUDA_VISIBLE_DEVICES: [MIG-4d38d5cf-c802-5308-80b8-251f3cec7480]
GPU available: True (cuda), used: True
TPU available: False, using: 0 TPU cores
LOCAL_RANK: 0 - CUDA_VISIBLE_DEVICES: [MIG-4d38d5cf-c802-5308-80b8-251f3cec7480]
  tide T1 seed 1: 89862 rows [29s]
Seed set to 2
GPU available: True (cuda), used: True
TPU available: False, using: 0 TPU cores
LOCAL_RANK: 0 - CUDA_VISIBLE_DEVICES: [MIG-4d38d5cf-c802-5308-80b8-251f3cec7480]
GPU available: True (cuda), used: True
TPU available: False, using: 0 TPU cores
LOCAL_RANK: 0 - CUDA_VISIBLE_DEVICES: [MIG-4d38d5cf-c802-5308-80b8-251f3cec7480]
  tide T1 seed 2: 89862 rows [42s]
Seed set to 3
GPU available: True (cuda), used: True
TPU available: False, using: 0 TPU cores
LOCAL_RANK: 0 - CUDA_VISIBLE_DEVICES: [MIG-4d38d5cf-c802-5308-80b8-251f3cec7480]
GPU available: True (cuda), used: True
TPU available: False, using: 0 TPU cores
LOCAL_RANK: 0 - CUDA_VISIBLE_DEVICES: [MIG-4d38d5cf-c802-5308-80b8-251f3cec7480]
  tide T1 seed 3: 89862 rows [55s]
Seed set to 4
GPU available: True (cuda), used: True
TPU available: False, using: 0 TPU cores
LOCAL_RANK: 0 - CUDA_VISIBLE_DEVICES: [MIG-4d38d5cf-c802-5308-80b8-251f3cec7480]
GPU available: True (cuda), used: True
TPU available: False, using: 0 TPU cores
LOCAL_RANK: 0 - CUDA_VISIBLE_DEVICES: [MIG-4d38d5cf-c802-5308-80b8-251f3cec7480]
  tide T1 seed 4: 89862 rows [66s]
tide T1 done, window 56 66.3s
Seed set to 0
GPU available: True (cuda), used: True
TPU available: False, using: 0 TPU cores
LOCAL_RANK: 0 - CUDA_VISIBLE_DEVICES: [MIG-4d38d5cf-c802-5308-80b8-251f3cec7480]
GPU available: True (cuda), used: True
TPU available: False, using: 0 TPU cores
LOCAL_RANK: 0 - CUDA_VISIBLE_DEVICES: [MIG-4d38d5cf-c802-5308-80b8-251f3cec7480]
  bitcn T1 window 56: val pinball 0.2957 [20s]
  bitcn T1 seed 0: 89862 rows [20s]
Seed set to 1
GPU available: True (cuda), used: True
TPU available: False, using: 0 TPU cores
LOCAL_RANK: 0 - CUDA_VISIBLE_DEVICES: [MIG-4d38d5cf-c802-5308-80b8-251f3cec7480]
GPU available: True (cuda), used: True
TPU available: False, using: 0 TPU cores
LOCAL_RANK: 0 - CUDA_VISIBLE_DEVICES: [MIG-4d38d5cf-c802-5308-80b8-251f3cec7480]
  bitcn T1 seed 1: 89862 rows [32s]
Seed set to 2
GPU available: True (cuda), used: True
TPU available: False, using: 0 TPU cores
LOCAL_RANK: 0 - CUDA_VISIBLE_DEVICES: [MIG-4d38d5cf-c802-5308-80b8-251f3cec7480]
GPU available: True (cuda), used: True
TPU available: False, using: 0 TPU cores
LOCAL_RANK: 0 - CUDA_VISIBLE_DEVICES: [MIG-4d38d5cf-c802-5308-80b8-251f3cec7480]
  bitcn T1 seed 2: 89862 rows [46s]
Seed set to 3
GPU available: True (cuda), used: True
TPU available: False, using: 0 TPU cores
LOCAL_RANK: 0 - CUDA_VISIBLE_DEVICES: [MIG-4d38d5cf-c802-5308-80b8-251f3cec7480]
GPU available: True (cuda), used: True
TPU available: False, using: 0 TPU cores
LOCAL_RANK: 0 - CUDA_VISIBLE_DEVICES: [MIG-4d38d5cf-c802-5308-80b8-251f3cec7480]
  bitcn T1 seed 3: 89862 rows [58s]
Seed set to 4
GPU available: True (cuda), used: True
TPU available: False, using: 0 TPU cores
LOCAL_RANK: 0 - CUDA_VISIBLE_DEVICES: [MIG-4d38d5cf-c802-5308-80b8-251f3cec7480]
GPU available: True (cuda), used: True
TPU available: False, using: 0 TPU cores
LOCAL_RANK: 0 - CUDA_VISIBLE_DEVICES: [MIG-4d38d5cf-c802-5308-80b8-251f3cec7480]
  bitcn T1 seed 4: 89862 rows [75s]
bitcn T1 done, window 56 75.3s
Seed set to 0
GPU available: True (cuda), used: True
TPU available: False, using: 0 TPU cores
LOCAL_RANK: 0 - CUDA_VISIBLE_DEVICES: [MIG-4d38d5cf-c802-5308-80b8-251f3cec7480]
GPU available: True (cuda), used: True
TPU available: False, using: 0 TPU cores
LOCAL_RANK: 0 - CUDA_VISIBLE_DEVICES: [MIG-4d38d5cf-c802-5308-80b8-251f3cec7480]
  nbeatsx T1 window 56: val pinball 0.3292 [4s]
  nbeatsx T1 seed 0: 89862 rows [4s]
Seed set to 1
GPU available: True (cuda), used: True
TPU available: False, using: 0 TPU cores
LOCAL_RANK: 0 - CUDA_VISIBLE_DEVICES: [MIG-4d38d5cf-c802-5308-80b8-251f3cec7480]
GPU available: True (cuda), used: True
TPU available: False, using: 0 TPU cores
LOCAL_RANK: 0 - CUDA_VISIBLE_DEVICES: [MIG-4d38d5cf-c802-5308-80b8-251f3cec7480]
  nbeatsx T1 seed 1: 89862 rows [9s]
Seed set to 2
GPU available: True (cuda), used: True
TPU available: False, using: 0 TPU cores
LOCAL_RANK: 0 - CUDA_VISIBLE_DEVICES: [MIG-4d38d5cf-c802-5308-80b8-251f3cec7480]
GPU available: True (cuda), used: True
TPU available: False, using: 0 TPU cores
LOCAL_RANK: 0 - CUDA_VISIBLE_DEVICES: [MIG-4d38d5cf-c802-5308-80b8-251f3cec7480]
  nbeatsx T1 seed 2: 89862 rows [13s]
Seed set to 3
GPU available: True (cuda), used: True
TPU available: False, using: 0 TPU cores
LOCAL_RANK: 0 - CUDA_VISIBLE_DEVICES: [MIG-4d38d5cf-c802-5308-80b8-251f3cec7480]
GPU available: True (cuda), used: True
TPU available: False, using: 0 TPU cores
LOCAL_RANK: 0 - CUDA_VISIBLE_DEVICES: [MIG-4d38d5cf-c802-5308-80b8-251f3cec7480]
  nbeatsx T1 seed 3: 89862 rows [19s]
Seed set to 4
GPU available: True (cuda), used: True
TPU available: False, using: 0 TPU cores
LOCAL_RANK: 0 - CUDA_VISIBLE_DEVICES: [MIG-4d38d5cf-c802-5308-80b8-251f3cec7480]
GPU available: True (cuda), used: True
TPU available: False, using: 0 TPU cores
LOCAL_RANK: 0 - CUDA_VISIBLE_DEVICES: [MIG-4d38d5cf-c802-5308-80b8-251f3cec7480]
  nbeatsx T1 seed 4: 89862 rows [24s]
nbeatsx T1 done, window 56 24.6s
Seed set to 0
GPU available: True (cuda), used: True
TPU available: False, using: 0 TPU cores
LOCAL_RANK: 0 - CUDA_VISIBLE_DEVICES: [MIG-4d38d5cf-c802-5308-80b8-251f3cec7480]
GPU available: True (cuda), used: True
TPU available: False, using: 0 TPU cores
LOCAL_RANK: 0 - CUDA_VISIBLE_DEVICES: [MIG-4d38d5cf-c802-5308-80b8-251f3cec7480]
  nhits T2 window 28: val pinball 0.3059 [8s]
  nhits T2 seed 0: 89862 rows [8s]
Seed set to 1
GPU available: True (cuda), used: True
TPU available: False, using: 0 TPU cores
LOCAL_RANK: 0 - CUDA_VISIBLE_DEVICES: [MIG-4d38d5cf-c802-5308-80b8-251f3cec7480]
GPU available: True (cuda), used: True
TPU available: False, using: 0 TPU cores
LOCAL_RANK: 0 - CUDA_VISIBLE_DEVICES: [MIG-4d38d5cf-c802-5308-80b8-251f3cec7480]
  nhits T2 seed 1: 89862 rows [14s]
Seed set to 2
GPU available: True (cuda), used: True
TPU available: False, using: 0 TPU cores
LOCAL_RANK: 0 - CUDA_VISIBLE_DEVICES: [MIG-4d38d5cf-c802-5308-80b8-251f3cec7480]
GPU available: True (cuda), used: True
TPU available: False, using: 0 TPU cores
LOCAL_RANK: 0 - CUDA_VISIBLE_DEVICES: [MIG-4d38d5cf-c802-5308-80b8-251f3cec7480]
  nhits T2 seed 2: 89862 rows [17s]
Seed set to 3
GPU available: True (cuda), used: True
TPU available: False, using: 0 TPU cores
LOCAL_RANK: 0 - CUDA_VISIBLE_DEVICES: [MIG-4d38d5cf-c802-5308-80b8-251f3cec7480]
GPU available: True (cuda), used: True
TPU available: False, using: 0 TPU cores
LOCAL_RANK: 0 - CUDA_VISIBLE_DEVICES: [MIG-4d38d5cf-c802-5308-80b8-251f3cec7480]
  nhits T2 seed 3: 89862 rows [21s]
Seed set to 4
GPU available: True (cuda), used: True
TPU available: False, using: 0 TPU cores
LOCAL_RANK: 0 - CUDA_VISIBLE_DEVICES: [MIG-4d38d5cf-c802-5308-80b8-251f3cec7480]
GPU available: True (cuda), used: True
TPU available: False, using: 0 TPU cores
LOCAL_RANK: 0 - CUDA_VISIBLE_DEVICES: [MIG-4d38d5cf-c802-5308-80b8-251f3cec7480]
  nhits T2 seed 4: 89862 rows [29s]
nhits T2 done, window 28 29.9s
Seed set to 0
GPU available: True (cuda), used: True
TPU available: False, using: 0 TPU cores
LOCAL_RANK: 0 - CUDA_VISIBLE_DEVICES: [MIG-4d38d5cf-c802-5308-80b8-251f3cec7480]
GPU available: True (cuda), used: True
TPU available: False, using: 0 TPU cores
LOCAL_RANK: 0 - CUDA_VISIBLE_DEVICES: [MIG-4d38d5cf-c802-5308-80b8-251f3cec7480]
  tide T2 window 28: val pinball 0.2969 [13s]
  tide T2 seed 0: 89862 rows [13s]
Seed set to 1
GPU available: True (cuda), used: True
TPU available: False, using: 0 TPU cores
LOCAL_RANK: 0 - CUDA_VISIBLE_DEVICES: [MIG-4d38d5cf-c802-5308-80b8-251f3cec7480]
`Trainer.fit` stopped: `max_steps=1500` reached.
GPU available: True (cuda), used: True
TPU available: False, using: 0 TPU cores
LOCAL_RANK: 0 - CUDA_VISIBLE_DEVICES: [MIG-4d38d5cf-c802-5308-80b8-251f3cec7480]
  tide T2 seed 1: 89862 rows [26s]
Seed set to 2
GPU available: True (cuda), used: True
TPU available: False, using: 0 TPU cores
LOCAL_RANK: 0 - CUDA_VISIBLE_DEVICES: [MIG-4d38d5cf-c802-5308-80b8-251f3cec7480]
GPU available: True (cuda), used: True
TPU available: False, using: 0 TPU cores
LOCAL_RANK: 0 - CUDA_VISIBLE_DEVICES: [MIG-4d38d5cf-c802-5308-80b8-251f3cec7480]
  tide T2 seed 2: 89862 rows [37s]
Seed set to 3
GPU available: True (cuda), used: True
TPU available: False, using: 0 TPU cores
LOCAL_RANK: 0 - CUDA_VISIBLE_DEVICES: [MIG-4d38d5cf-c802-5308-80b8-251f3cec7480]
GPU available: True (cuda), used: True
TPU available: False, using: 0 TPU cores
LOCAL_RANK: 0 - CUDA_VISIBLE_DEVICES: [MIG-4d38d5cf-c802-5308-80b8-251f3cec7480]
  tide T2 seed 3: 89862 rows [50s]
Seed set to 4
GPU available: True (cuda), used: True
TPU available: False, using: 0 TPU cores
LOCAL_RANK: 0 - CUDA_VISIBLE_DEVICES: [MIG-4d38d5cf-c802-5308-80b8-251f3cec7480]
GPU available: True (cuda), used: True
TPU available: False, using: 0 TPU cores
LOCAL_RANK: 0 - CUDA_VISIBLE_DEVICES: [MIG-4d38d5cf-c802-5308-80b8-251f3cec7480]
  tide T2 seed 4: 89862 rows [62s]
tide T2 done, window 28 62.2s
Seed set to 0
GPU available: True (cuda), used: True
TPU available: False, using: 0 TPU cores
LOCAL_RANK: 0 - CUDA_VISIBLE_DEVICES: [MIG-4d38d5cf-c802-5308-80b8-251f3cec7480]
GPU available: True (cuda), used: True
TPU available: False, using: 0 TPU cores
LOCAL_RANK: 0 - CUDA_VISIBLE_DEVICES: [MIG-4d38d5cf-c802-5308-80b8-251f3cec7480]
  bitcn T2 window 56: val pinball 0.2924 [17s]
  bitcn T2 seed 0: 89862 rows [17s]
Seed set to 1
GPU available: True (cuda), used: True
TPU available: False, using: 0 TPU cores
LOCAL_RANK: 0 - CUDA_VISIBLE_DEVICES: [MIG-4d38d5cf-c802-5308-80b8-251f3cec7480]
GPU available: True (cuda), used: True
TPU available: False, using: 0 TPU cores
LOCAL_RANK: 0 - CUDA_VISIBLE_DEVICES: [MIG-4d38d5cf-c802-5308-80b8-251f3cec7480]
  bitcn T2 seed 1: 89862 rows [32s]
Seed set to 2
GPU available: True (cuda), used: True
TPU available: False, using: 0 TPU cores
LOCAL_RANK: 0 - CUDA_VISIBLE_DEVICES: [MIG-4d38d5cf-c802-5308-80b8-251f3cec7480]
GPU available: True (cuda), used: True
TPU available: False, using: 0 TPU cores
LOCAL_RANK: 0 - CUDA_VISIBLE_DEVICES: [MIG-4d38d5cf-c802-5308-80b8-251f3cec7480]
  bitcn T2 seed 2: 89862 rows [42s]
Seed set to 3
GPU available: True (cuda), used: True
TPU available: False, using: 0 TPU cores
LOCAL_RANK: 0 - CUDA_VISIBLE_DEVICES: [MIG-4d38d5cf-c802-5308-80b8-251f3cec7480]
GPU available: True (cuda), used: True
TPU available: False, using: 0 TPU cores
LOCAL_RANK: 0 - CUDA_VISIBLE_DEVICES: [MIG-4d38d5cf-c802-5308-80b8-251f3cec7480]
  bitcn T2 seed 3: 89862 rows [54s]
Seed set to 4
GPU available: True (cuda), used: True
TPU available: False, using: 0 TPU cores
LOCAL_RANK: 0 - CUDA_VISIBLE_DEVICES: [MIG-4d38d5cf-c802-5308-80b8-251f3cec7480]
`Trainer.fit` stopped: `max_steps=1500` reached.
GPU available: True (cuda), used: True
TPU available: False, using: 0 TPU cores
LOCAL_RANK: 0 - CUDA_VISIBLE_DEVICES: [MIG-4d38d5cf-c802-5308-80b8-251f3cec7480]
  bitcn T2 seed 4: 89862 rows [77s]
bitcn T2 done, window 56 77.9s
Seed set to 0
GPU available: True (cuda), used: True
TPU available: False, using: 0 TPU cores
LOCAL_RANK: 0 - CUDA_VISIBLE_DEVICES: [MIG-4d38d5cf-c802-5308-80b8-251f3cec7480]
GPU available: True (cuda), used: True
TPU available: False, using: 0 TPU cores
LOCAL_RANK: 0 - CUDA_VISIBLE_DEVICES: [MIG-4d38d5cf-c802-5308-80b8-251f3cec7480]
  nbeatsx T2 window 28: val pinball 0.3065 [6s]
  nbeatsx T2 seed 0: 89862 rows [6s]
Seed set to 1
GPU available: True (cuda), used: True
TPU available: False, using: 0 TPU cores
LOCAL_RANK: 0 - CUDA_VISIBLE_DEVICES: [MIG-4d38d5cf-c802-5308-80b8-251f3cec7480]
GPU available: True (cuda), used: True
TPU available: False, using: 0 TPU cores
LOCAL_RANK: 0 - CUDA_VISIBLE_DEVICES: [MIG-4d38d5cf-c802-5308-80b8-251f3cec7480]
  nbeatsx T2 seed 1: 89862 rows [10s]
Seed set to 2
GPU available: True (cuda), used: True
TPU available: False, using: 0 TPU cores
LOCAL_RANK: 0 - CUDA_VISIBLE_DEVICES: [MIG-4d38d5cf-c802-5308-80b8-251f3cec7480]
GPU available: True (cuda), used: True
TPU available: False, using: 0 TPU cores
LOCAL_RANK: 0 - CUDA_VISIBLE_DEVICES: [MIG-4d38d5cf-c802-5308-80b8-251f3cec7480]
  nbeatsx T2 seed 2: 89862 rows [15s]
Seed set to 3
GPU available: True (cuda), used: True
TPU available: False, using: 0 TPU cores
LOCAL_RANK: 0 - CUDA_VISIBLE_DEVICES: [MIG-4d38d5cf-c802-5308-80b8-251f3cec7480]
GPU available: True (cuda), used: True
TPU available: False, using: 0 TPU cores
LOCAL_RANK: 0 - CUDA_VISIBLE_DEVICES: [MIG-4d38d5cf-c802-5308-80b8-251f3cec7480]
  nbeatsx T2 seed 3: 89862 rows [21s]
Seed set to 4
GPU available: True (cuda), used: True
TPU available: False, using: 0 TPU cores
LOCAL_RANK: 0 - CUDA_VISIBLE_DEVICES: [MIG-4d38d5cf-c802-5308-80b8-251f3cec7480]
GPU available: True (cuda), used: True
TPU available: False, using: 0 TPU cores
LOCAL_RANK: 0 - CUDA_VISIBLE_DEVICES: [MIG-4d38d5cf-c802-5308-80b8-251f3cec7480]
  nbeatsx T2 seed 4: 89862 rows [29s]
nbeatsx T2 done, window 28 29.5s
Seed set to 0
GPU available: True (cuda), used: True
TPU available: False, using: 0 TPU cores
LOCAL_RANK: 0 - CUDA_VISIBLE_DEVICES: [MIG-4d38d5cf-c802-5308-80b8-251f3cec7480]
GPU available: True (cuda), used: True
TPU available: False, using: 0 TPU cores
LOCAL_RANK: 0 - CUDA_VISIBLE_DEVICES: [MIG-4d38d5cf-c802-5308-80b8-251f3cec7480]
  nhits T3 window 28: val pinball 0.2598 [7s]
  nhits T3 seed 0: 71361 rows [7s]
Seed set to 1
GPU available: True (cuda), used: True
TPU available: False, using: 0 TPU cores
LOCAL_RANK: 0 - CUDA_VISIBLE_DEVICES: [MIG-4d38d5cf-c802-5308-80b8-251f3cec7480]
GPU available: True (cuda), used: True
TPU available: False, using: 0 TPU cores
LOCAL_RANK: 0 - CUDA_VISIBLE_DEVICES: [MIG-4d38d5cf-c802-5308-80b8-251f3cec7480]
  nhits T3 seed 1: 71361 rows [19s]
Seed set to 2
GPU available: True (cuda), used: True
TPU available: False, using: 0 TPU cores
LOCAL_RANK: 0 - CUDA_VISIBLE_DEVICES: [MIG-4d38d5cf-c802-5308-80b8-251f3cec7480]
GPU available: True (cuda), used: True
TPU available: False, using: 0 TPU cores
LOCAL_RANK: 0 - CUDA_VISIBLE_DEVICES: [MIG-4d38d5cf-c802-5308-80b8-251f3cec7480]
  nhits T3 seed 2: 71361 rows [34s]
Seed set to 3
GPU available: True (cuda), used: True
TPU available: False, using: 0 TPU cores
LOCAL_RANK: 0 - CUDA_VISIBLE_DEVICES: [MIG-4d38d5cf-c802-5308-80b8-251f3cec7480]
GPU available: True (cuda), used: True
TPU available: False, using: 0 TPU cores
LOCAL_RANK: 0 - CUDA_VISIBLE_DEVICES: [MIG-4d38d5cf-c802-5308-80b8-251f3cec7480]
  nhits T3 seed 3: 71361 rows [44s]
Seed set to 4
GPU available: True (cuda), used: True
TPU available: False, using: 0 TPU cores
LOCAL_RANK: 0 - CUDA_VISIBLE_DEVICES: [MIG-4d38d5cf-c802-5308-80b8-251f3cec7480]
GPU available: True (cuda), used: True
TPU available: False, using: 0 TPU cores
LOCAL_RANK: 0 - CUDA_VISIBLE_DEVICES: [MIG-4d38d5cf-c802-5308-80b8-251f3cec7480]
  nhits T3 seed 4: 71361 rows [53s]
nhits T3 done, window 28 53.8s
Seed set to 0
GPU available: True (cuda), used: True
TPU available: False, using: 0 TPU cores
LOCAL_RANK: 0 - CUDA_VISIBLE_DEVICES: [MIG-4d38d5cf-c802-5308-80b8-251f3cec7480]
GPU available: True (cuda), used: True
TPU available: False, using: 0 TPU cores
LOCAL_RANK: 0 - CUDA_VISIBLE_DEVICES: [MIG-4d38d5cf-c802-5308-80b8-251f3cec7480]
  tide T3 window 28: val pinball 0.2571 [14s]
  tide T3 seed 0: 71361 rows [14s]
Seed set to 1
GPU available: True (cuda), used: True
TPU available: False, using: 0 TPU cores
LOCAL_RANK: 0 - CUDA_VISIBLE_DEVICES: [MIG-4d38d5cf-c802-5308-80b8-251f3cec7480]
GPU available: True (cuda), used: True
TPU available: False, using: 0 TPU cores
LOCAL_RANK: 0 - CUDA_VISIBLE_DEVICES: [MIG-4d38d5cf-c802-5308-80b8-251f3cec7480]
  tide T3 seed 1: 71361 rows [29s]
Seed set to 2
GPU available: True (cuda), used: True
TPU available: False, using: 0 TPU cores
LOCAL_RANK: 0 - CUDA_VISIBLE_DEVICES: [MIG-4d38d5cf-c802-5308-80b8-251f3cec7480]
GPU available: True (cuda), used: True
TPU available: False, using: 0 TPU cores
LOCAL_RANK: 0 - CUDA_VISIBLE_DEVICES: [MIG-4d38d5cf-c802-5308-80b8-251f3cec7480]
  tide T3 seed 2: 71361 rows [46s]
Seed set to 3
GPU available: True (cuda), used: True
TPU available: False, using: 0 TPU cores
LOCAL_RANK: 0 - CUDA_VISIBLE_DEVICES: [MIG-4d38d5cf-c802-5308-80b8-251f3cec7480]
GPU available: True (cuda), used: True
TPU available: False, using: 0 TPU cores
LOCAL_RANK: 0 - CUDA_VISIBLE_DEVICES: [MIG-4d38d5cf-c802-5308-80b8-251f3cec7480]
  tide T3 seed 3: 71361 rows [61s]
Seed set to 4
GPU available: True (cuda), used: True
TPU available: False, using: 0 TPU cores
LOCAL_RANK: 0 - CUDA_VISIBLE_DEVICES: [MIG-4d38d5cf-c802-5308-80b8-251f3cec7480]
GPU available: True (cuda), used: True
TPU available: False, using: 0 TPU cores
LOCAL_RANK: 0 - CUDA_VISIBLE_DEVICES: [MIG-4d38d5cf-c802-5308-80b8-251f3cec7480]
  tide T3 seed 4: 71361 rows [74s]
tide T3 done, window 28 74.3s
Seed set to 0
GPU available: True (cuda), used: True
TPU available: False, using: 0 TPU cores
LOCAL_RANK: 0 - CUDA_VISIBLE_DEVICES: [MIG-4d38d5cf-c802-5308-80b8-251f3cec7480]
`Trainer.fit` stopped: `max_steps=1500` reached.
GPU available: True (cuda), used: True
TPU available: False, using: 0 TPU cores
LOCAL_RANK: 0 - CUDA_VISIBLE_DEVICES: [MIG-4d38d5cf-c802-5308-80b8-251f3cec7480]
  bitcn T3 window 28: val pinball 0.3233 [24s]
  bitcn T3 seed 0: 71361 rows [24s]
Seed set to 1
GPU available: True (cuda), used: True
TPU available: False, using: 0 TPU cores
LOCAL_RANK: 0 - CUDA_VISIBLE_DEVICES: [MIG-4d38d5cf-c802-5308-80b8-251f3cec7480]
`Trainer.fit` stopped: `max_steps=1500` reached.
GPU available: True (cuda), used: True
TPU available: False, using: 0 TPU cores
LOCAL_RANK: 0 - CUDA_VISIBLE_DEVICES: [MIG-4d38d5cf-c802-5308-80b8-251f3cec7480]
  bitcn T3 seed 1: 71361 rows [48s]
Seed set to 2
GPU available: True (cuda), used: True
TPU available: False, using: 0 TPU cores
LOCAL_RANK: 0 - CUDA_VISIBLE_DEVICES: [MIG-4d38d5cf-c802-5308-80b8-251f3cec7480]
`Trainer.fit` stopped: `max_steps=1500` reached.
GPU available: True (cuda), used: True
TPU available: False, using: 0 TPU cores
LOCAL_RANK: 0 - CUDA_VISIBLE_DEVICES: [MIG-4d38d5cf-c802-5308-80b8-251f3cec7480]
  bitcn T3 seed 2: 71361 rows [71s]
Seed set to 3
GPU available: True (cuda), used: True
TPU available: False, using: 0 TPU cores
LOCAL_RANK: 0 - CUDA_VISIBLE_DEVICES: [MIG-4d38d5cf-c802-5308-80b8-251f3cec7480]
`Trainer.fit` stopped: `max_steps=1500` reached.
GPU available: True (cuda), used: True
TPU available: False, using: 0 TPU cores
LOCAL_RANK: 0 - CUDA_VISIBLE_DEVICES: [MIG-4d38d5cf-c802-5308-80b8-251f3cec7480]
  bitcn T3 seed 3: 71361 rows [93s]
Seed set to 4
GPU available: True (cuda), used: True
TPU available: False, using: 0 TPU cores
LOCAL_RANK: 0 - CUDA_VISIBLE_DEVICES: [MIG-4d38d5cf-c802-5308-80b8-251f3cec7480]
GPU available: True (cuda), used: True
TPU available: False, using: 0 TPU cores
LOCAL_RANK: 0 - CUDA_VISIBLE_DEVICES: [MIG-4d38d5cf-c802-5308-80b8-251f3cec7480]
  bitcn T3 seed 4: 71361 rows [115s]
bitcn T3 done, window 28 115.2s
Seed set to 0
GPU available: True (cuda), used: True
TPU available: False, using: 0 TPU cores
LOCAL_RANK: 0 - CUDA_VISIBLE_DEVICES: [MIG-4d38d5cf-c802-5308-80b8-251f3cec7480]
GPU available: True (cuda), used: True
TPU available: False, using: 0 TPU cores
LOCAL_RANK: 0 - CUDA_VISIBLE_DEVICES: [MIG-4d38d5cf-c802-5308-80b8-251f3cec7480]
  nbeatsx T3 window 28: val pinball 0.2649 [7s]
  nbeatsx T3 seed 0: 71361 rows [7s]
Seed set to 1
GPU available: True (cuda), used: True
TPU available: False, using: 0 TPU cores
LOCAL_RANK: 0 - CUDA_VISIBLE_DEVICES: [MIG-4d38d5cf-c802-5308-80b8-251f3cec7480]
GPU available: True (cuda), used: True
TPU available: False, using: 0 TPU cores
LOCAL_RANK: 0 - CUDA_VISIBLE_DEVICES: [MIG-4d38d5cf-c802-5308-80b8-251f3cec7480]
  nbeatsx T3 seed 1: 71361 rows [13s]
Seed set to 2
GPU available: True (cuda), used: True
TPU available: False, using: 0 TPU cores
LOCAL_RANK: 0 - CUDA_VISIBLE_DEVICES: [MIG-4d38d5cf-c802-5308-80b8-251f3cec7480]
GPU available: True (cuda), used: True
TPU available: False, using: 0 TPU cores
LOCAL_RANK: 0 - CUDA_VISIBLE_DEVICES: [MIG-4d38d5cf-c802-5308-80b8-251f3cec7480]
  nbeatsx T3 seed 2: 71361 rows [21s]
Seed set to 3
GPU available: True (cuda), used: True
TPU available: False, using: 0 TPU cores
LOCAL_RANK: 0 - CUDA_VISIBLE_DEVICES: [MIG-4d38d5cf-c802-5308-80b8-251f3cec7480]
GPU available: True (cuda), used: True
TPU available: False, using: 0 TPU cores
LOCAL_RANK: 0 - CUDA_VISIBLE_DEVICES: [MIG-4d38d5cf-c802-5308-80b8-251f3cec7480]
  nbeatsx T3 seed 3: 71361 rows [29s]
Seed set to 4
GPU available: True (cuda), used: True
TPU available: False, using: 0 TPU cores
LOCAL_RANK: 0 - CUDA_VISIBLE_DEVICES: [MIG-4d38d5cf-c802-5308-80b8-251f3cec7480]
GPU available: True (cuda), used: True
TPU available: False, using: 0 TPU cores
LOCAL_RANK: 0 - CUDA_VISIBLE_DEVICES: [MIG-4d38d5cf-c802-5308-80b8-251f3cec7480]
  nbeatsx T3 seed 4: 71361 rows [34s]
nbeatsx T3 done, window 28 34.1s
Seed set to 0
GPU available: True (cuda), used: True
TPU available: False, using: 0 TPU cores
LOCAL_RANK: 0 - CUDA_VISIBLE_DEVICES: [MIG-4d38d5cf-c802-5308-80b8-251f3cec7480]
GPU available: True (cuda), used: True
TPU available: False, using: 0 TPU cores
LOCAL_RANK: 0 - CUDA_VISIBLE_DEVICES: [MIG-4d38d5cf-c802-5308-80b8-251f3cec7480]
  nhits T4 window 28: val pinball 0.2974 [11s]
  nhits T4 seed 0: 29085 rows [11s]
Seed set to 1
GPU available: True (cuda), used: True
TPU available: False, using: 0 TPU cores
LOCAL_RANK: 0 - CUDA_VISIBLE_DEVICES: [MIG-4d38d5cf-c802-5308-80b8-251f3cec7480]
GPU available: True (cuda), used: True
TPU available: False, using: 0 TPU cores
LOCAL_RANK: 0 - CUDA_VISIBLE_DEVICES: [MIG-4d38d5cf-c802-5308-80b8-251f3cec7480]
  nhits T4 seed 1: 29085 rows [16s]
Seed set to 2
GPU available: True (cuda), used: True
TPU available: False, using: 0 TPU cores
LOCAL_RANK: 0 - CUDA_VISIBLE_DEVICES: [MIG-4d38d5cf-c802-5308-80b8-251f3cec7480]
GPU available: True (cuda), used: True
TPU available: False, using: 0 TPU cores
LOCAL_RANK: 0 - CUDA_VISIBLE_DEVICES: [MIG-4d38d5cf-c802-5308-80b8-251f3cec7480]
  nhits T4 seed 2: 29085 rows [24s]
Seed set to 3
GPU available: True (cuda), used: True
TPU available: False, using: 0 TPU cores
LOCAL_RANK: 0 - CUDA_VISIBLE_DEVICES: [MIG-4d38d5cf-c802-5308-80b8-251f3cec7480]
GPU available: True (cuda), used: True
TPU available: False, using: 0 TPU cores
LOCAL_RANK: 0 - CUDA_VISIBLE_DEVICES: [MIG-4d38d5cf-c802-5308-80b8-251f3cec7480]
  nhits T4 seed 3: 29085 rows [35s]
Seed set to 4
GPU available: True (cuda), used: True
TPU available: False, using: 0 TPU cores
LOCAL_RANK: 0 - CUDA_VISIBLE_DEVICES: [MIG-4d38d5cf-c802-5308-80b8-251f3cec7480]
GPU available: True (cuda), used: True
TPU available: False, using: 0 TPU cores
LOCAL_RANK: 0 - CUDA_VISIBLE_DEVICES: [MIG-4d38d5cf-c802-5308-80b8-251f3cec7480]
  nhits T4 seed 4: 29085 rows [42s]
nhits T4 done, window 28 41.7s
Seed set to 0
GPU available: True (cuda), used: True
TPU available: False, using: 0 TPU cores
LOCAL_RANK: 0 - CUDA_VISIBLE_DEVICES: [MIG-4d38d5cf-c802-5308-80b8-251f3cec7480]
GPU available: True (cuda), used: True
TPU available: False, using: 0 TPU cores
LOCAL_RANK: 0 - CUDA_VISIBLE_DEVICES: [MIG-4d38d5cf-c802-5308-80b8-251f3cec7480]
  tide T4 window 28: val pinball 0.2787 [11s]
  tide T4 seed 0: 29085 rows [11s]
Seed set to 1
GPU available: True (cuda), used: True
TPU available: False, using: 0 TPU cores
LOCAL_RANK: 0 - CUDA_VISIBLE_DEVICES: [MIG-4d38d5cf-c802-5308-80b8-251f3cec7480]
GPU available: True (cuda), used: True
TPU available: False, using: 0 TPU cores
LOCAL_RANK: 0 - CUDA_VISIBLE_DEVICES: [MIG-4d38d5cf-c802-5308-80b8-251f3cec7480]
  tide T4 seed 1: 29085 rows [22s]
Seed set to 2
GPU available: True (cuda), used: True
TPU available: False, using: 0 TPU cores
LOCAL_RANK: 0 - CUDA_VISIBLE_DEVICES: [MIG-4d38d5cf-c802-5308-80b8-251f3cec7480]
GPU available: True (cuda), used: True
TPU available: False, using: 0 TPU cores
LOCAL_RANK: 0 - CUDA_VISIBLE_DEVICES: [MIG-4d38d5cf-c802-5308-80b8-251f3cec7480]
  tide T4 seed 2: 29085 rows [32s]
Seed set to 3
GPU available: True (cuda), used: True
TPU available: False, using: 0 TPU cores
LOCAL_RANK: 0 - CUDA_VISIBLE_DEVICES: [MIG-4d38d5cf-c802-5308-80b8-251f3cec7480]
GPU available: True (cuda), used: True
TPU available: False, using: 0 TPU cores
LOCAL_RANK: 0 - CUDA_VISIBLE_DEVICES: [MIG-4d38d5cf-c802-5308-80b8-251f3cec7480]
  tide T4 seed 3: 29085 rows [43s]
Seed set to 4
GPU available: True (cuda), used: True
TPU available: False, using: 0 TPU cores
LOCAL_RANK: 0 - CUDA_VISIBLE_DEVICES: [MIG-4d38d5cf-c802-5308-80b8-251f3cec7480]
GPU available: True (cuda), used: True
TPU available: False, using: 0 TPU cores
LOCAL_RANK: 0 - CUDA_VISIBLE_DEVICES: [MIG-4d38d5cf-c802-5308-80b8-251f3cec7480]
  tide T4 seed 4: 29085 rows [54s]
tide T4 done, window 28 54.6s
Seed set to 0
GPU available: True (cuda), used: True
TPU available: False, using: 0 TPU cores
LOCAL_RANK: 0 - CUDA_VISIBLE_DEVICES: [MIG-4d38d5cf-c802-5308-80b8-251f3cec7480]
`Trainer.fit` stopped: `max_steps=1500` reached.
GPU available: True (cuda), used: True
TPU available: False, using: 0 TPU cores
LOCAL_RANK: 0 - CUDA_VISIBLE_DEVICES: [MIG-4d38d5cf-c802-5308-80b8-251f3cec7480]
  bitcn T4 window 28: val pinball 0.2899 [19s]
  bitcn T4 seed 0: 29085 rows [19s]
Seed set to 1
GPU available: True (cuda), used: True
TPU available: False, using: 0 TPU cores
LOCAL_RANK: 0 - CUDA_VISIBLE_DEVICES: [MIG-4d38d5cf-c802-5308-80b8-251f3cec7480]
GPU available: True (cuda), used: True
TPU available: False, using: 0 TPU cores
LOCAL_RANK: 0 - CUDA_VISIBLE_DEVICES: [MIG-4d38d5cf-c802-5308-80b8-251f3cec7480]
  bitcn T4 seed 1: 29085 rows [37s]
Seed set to 2
GPU available: True (cuda), used: True
TPU available: False, using: 0 TPU cores
LOCAL_RANK: 0 - CUDA_VISIBLE_DEVICES: [MIG-4d38d5cf-c802-5308-80b8-251f3cec7480]
GPU available: True (cuda), used: True
TPU available: False, using: 0 TPU cores
LOCAL_RANK: 0 - CUDA_VISIBLE_DEVICES: [MIG-4d38d5cf-c802-5308-80b8-251f3cec7480]
  bitcn T4 seed 2: 29085 rows [57s]
Seed set to 3
GPU available: True (cuda), used: True
TPU available: False, using: 0 TPU cores
LOCAL_RANK: 0 - CUDA_VISIBLE_DEVICES: [MIG-4d38d5cf-c802-5308-80b8-251f3cec7480]
GPU available: True (cuda), used: True
TPU available: False, using: 0 TPU cores
LOCAL_RANK: 0 - CUDA_VISIBLE_DEVICES: [MIG-4d38d5cf-c802-5308-80b8-251f3cec7480]
  bitcn T4 seed 3: 29085 rows [72s]
Seed set to 4
GPU available: True (cuda), used: True
TPU available: False, using: 0 TPU cores
LOCAL_RANK: 0 - CUDA_VISIBLE_DEVICES: [MIG-4d38d5cf-c802-5308-80b8-251f3cec7480]
`Trainer.fit` stopped: `max_steps=1500` reached.
GPU available: True (cuda), used: True
TPU available: False, using: 0 TPU cores
LOCAL_RANK: 0 - CUDA_VISIBLE_DEVICES: [MIG-4d38d5cf-c802-5308-80b8-251f3cec7480]
  bitcn T4 seed 4: 29085 rows [95s]
bitcn T4 done, window 28 95.3s
Seed set to 0
GPU available: True (cuda), used: True
TPU available: False, using: 0 TPU cores
LOCAL_RANK: 0 - CUDA_VISIBLE_DEVICES: [MIG-4d38d5cf-c802-5308-80b8-251f3cec7480]
GPU available: True (cuda), used: True
TPU available: False, using: 0 TPU cores
LOCAL_RANK: 0 - CUDA_VISIBLE_DEVICES: [MIG-4d38d5cf-c802-5308-80b8-251f3cec7480]
  nbeatsx T4 window 28: val pinball 0.2822 [7s]
  nbeatsx T4 seed 0: 29085 rows [7s]
Seed set to 1
GPU available: True (cuda), used: True
TPU available: False, using: 0 TPU cores
LOCAL_RANK: 0 - CUDA_VISIBLE_DEVICES: [MIG-4d38d5cf-c802-5308-80b8-251f3cec7480]
GPU available: True (cuda), used: True
TPU available: False, using: 0 TPU cores
LOCAL_RANK: 0 - CUDA_VISIBLE_DEVICES: [MIG-4d38d5cf-c802-5308-80b8-251f3cec7480]
  nbeatsx T4 seed 1: 29085 rows [11s]
Seed set to 2
GPU available: True (cuda), used: True
TPU available: False, using: 0 TPU cores
LOCAL_RANK: 0 - CUDA_VISIBLE_DEVICES: [MIG-4d38d5cf-c802-5308-80b8-251f3cec7480]
GPU available: True (cuda), used: True
TPU available: False, using: 0 TPU cores
LOCAL_RANK: 0 - CUDA_VISIBLE_DEVICES: [MIG-4d38d5cf-c802-5308-80b8-251f3cec7480]
  nbeatsx T4 seed 2: 29085 rows [15s]
Seed set to 3
GPU available: True (cuda), used: True
TPU available: False, using: 0 TPU cores
LOCAL_RANK: 0 - CUDA_VISIBLE_DEVICES: [MIG-4d38d5cf-c802-5308-80b8-251f3cec7480]
GPU available: True (cuda), used: True
TPU available: False, using: 0 TPU cores
LOCAL_RANK: 0 - CUDA_VISIBLE_DEVICES: [MIG-4d38d5cf-c802-5308-80b8-251f3cec7480]
  nbeatsx T4 seed 3: 29085 rows [20s]
Seed set to 4
GPU available: True (cuda), used: True
TPU available: False, using: 0 TPU cores
LOCAL_RANK: 0 - CUDA_VISIBLE_DEVICES: [MIG-4d38d5cf-c802-5308-80b8-251f3cec7480]
GPU available: True (cuda), used: True
TPU available: False, using: 0 TPU cores
LOCAL_RANK: 0 - CUDA_VISIBLE_DEVICES: [MIG-4d38d5cf-c802-5308-80b8-251f3cec7480]
  nbeatsx T4 seed 4: 29085 rows [24s]
nbeatsx T4 done, window 28 24.4s
Seed set to 0
GPU available: True (cuda), used: True
TPU available: False, using: 0 TPU cores
LOCAL_RANK: 0 - CUDA_VISIBLE_DEVICES: [MIG-4d38d5cf-c802-5308-80b8-251f3cec7480]
GPU available: True (cuda), used: True
TPU available: False, using: 0 TPU cores
LOCAL_RANK: 0 - CUDA_VISIBLE_DEVICES: [MIG-4d38d5cf-c802-5308-80b8-251f3cec7480]
  nhits T5 window 28: val pinball 0.3146 [6s]
  nhits T5 seed 0: 34359 rows [6s]
Seed set to 1
GPU available: True (cuda), used: True
TPU available: False, using: 0 TPU cores
LOCAL_RANK: 0 - CUDA_VISIBLE_DEVICES: [MIG-4d38d5cf-c802-5308-80b8-251f3cec7480]
GPU available: True (cuda), used: True
TPU available: False, using: 0 TPU cores
LOCAL_RANK: 0 - CUDA_VISIBLE_DEVICES: [MIG-4d38d5cf-c802-5308-80b8-251f3cec7480]
  nhits T5 seed 1: 34359 rows [10s]
Seed set to 2
GPU available: True (cuda), used: True
TPU available: False, using: 0 TPU cores
LOCAL_RANK: 0 - CUDA_VISIBLE_DEVICES: [MIG-4d38d5cf-c802-5308-80b8-251f3cec7480]
GPU available: True (cuda), used: True
TPU available: False, using: 0 TPU cores
LOCAL_RANK: 0 - CUDA_VISIBLE_DEVICES: [MIG-4d38d5cf-c802-5308-80b8-251f3cec7480]
  nhits T5 seed 2: 34359 rows [15s]
Seed set to 3
GPU available: True (cuda), used: True
TPU available: False, using: 0 TPU cores
LOCAL_RANK: 0 - CUDA_VISIBLE_DEVICES: [MIG-4d38d5cf-c802-5308-80b8-251f3cec7480]
GPU available: True (cuda), used: True
TPU available: False, using: 0 TPU cores
LOCAL_RANK: 0 - CUDA_VISIBLE_DEVICES: [MIG-4d38d5cf-c802-5308-80b8-251f3cec7480]
  nhits T5 seed 3: 34359 rows [20s]
Seed set to 4
GPU available: True (cuda), used: True
TPU available: False, using: 0 TPU cores
LOCAL_RANK: 0 - CUDA_VISIBLE_DEVICES: [MIG-4d38d5cf-c802-5308-80b8-251f3cec7480]
GPU available: True (cuda), used: True
TPU available: False, using: 0 TPU cores
LOCAL_RANK: 0 - CUDA_VISIBLE_DEVICES: [MIG-4d38d5cf-c802-5308-80b8-251f3cec7480]
  nhits T5 seed 4: 34359 rows [24s]
nhits T5 done, window 28 24.4s
Seed set to 0
GPU available: True (cuda), used: True
TPU available: False, using: 0 TPU cores
LOCAL_RANK: 0 - CUDA_VISIBLE_DEVICES: [MIG-4d38d5cf-c802-5308-80b8-251f3cec7480]
GPU available: True (cuda), used: True
TPU available: False, using: 0 TPU cores
LOCAL_RANK: 0 - CUDA_VISIBLE_DEVICES: [MIG-4d38d5cf-c802-5308-80b8-251f3cec7480]
  tide T5 window 56: val pinball 0.2320 [10s]
  tide T5 seed 0: 34359 rows [10s]
Seed set to 1
GPU available: True (cuda), used: True
TPU available: False, using: 0 TPU cores
LOCAL_RANK: 0 - CUDA_VISIBLE_DEVICES: [MIG-4d38d5cf-c802-5308-80b8-251f3cec7480]
GPU available: True (cuda), used: True
TPU available: False, using: 0 TPU cores
LOCAL_RANK: 0 - CUDA_VISIBLE_DEVICES: [MIG-4d38d5cf-c802-5308-80b8-251f3cec7480]
  tide T5 seed 1: 34359 rows [16s]
Seed set to 2
GPU available: True (cuda), used: True
TPU available: False, using: 0 TPU cores
LOCAL_RANK: 0 - CUDA_VISIBLE_DEVICES: [MIG-4d38d5cf-c802-5308-80b8-251f3cec7480]
GPU available: True (cuda), used: True
TPU available: False, using: 0 TPU cores
LOCAL_RANK: 0 - CUDA_VISIBLE_DEVICES: [MIG-4d38d5cf-c802-5308-80b8-251f3cec7480]
  tide T5 seed 2: 34359 rows [25s]
Seed set to 3
GPU available: True (cuda), used: True
TPU available: False, using: 0 TPU cores
LOCAL_RANK: 0 - CUDA_VISIBLE_DEVICES: [MIG-4d38d5cf-c802-5308-80b8-251f3cec7480]
GPU available: True (cuda), used: True
TPU available: False, using: 0 TPU cores
LOCAL_RANK: 0 - CUDA_VISIBLE_DEVICES: [MIG-4d38d5cf-c802-5308-80b8-251f3cec7480]
  tide T5 seed 3: 34359 rows [32s]
Seed set to 4
GPU available: True (cuda), used: True
TPU available: False, using: 0 TPU cores
LOCAL_RANK: 0 - CUDA_VISIBLE_DEVICES: [MIG-4d38d5cf-c802-5308-80b8-251f3cec7480]
GPU available: True (cuda), used: True
TPU available: False, using: 0 TPU cores
LOCAL_RANK: 0 - CUDA_VISIBLE_DEVICES: [MIG-4d38d5cf-c802-5308-80b8-251f3cec7480]
  tide T5 seed 4: 34359 rows [40s]
tide T5 done, window 56 40.1s
Seed set to 0
GPU available: True (cuda), used: True
TPU available: False, using: 0 TPU cores
LOCAL_RANK: 0 - CUDA_VISIBLE_DEVICES: [MIG-4d38d5cf-c802-5308-80b8-251f3cec7480]
GPU available: True (cuda), used: True
TPU available: False, using: 0 TPU cores
LOCAL_RANK: 0 - CUDA_VISIBLE_DEVICES: [MIG-4d38d5cf-c802-5308-80b8-251f3cec7480]
  bitcn T5 window 56: val pinball 0.2100 [27s]
  bitcn T5 seed 0: 34359 rows [27s]
Seed set to 1
GPU available: True (cuda), used: True
TPU available: False, using: 0 TPU cores
LOCAL_RANK: 0 - CUDA_VISIBLE_DEVICES: [MIG-4d38d5cf-c802-5308-80b8-251f3cec7480]
GPU available: True (cuda), used: True
TPU available: False, using: 0 TPU cores
LOCAL_RANK: 0 - CUDA_VISIBLE_DEVICES: [MIG-4d38d5cf-c802-5308-80b8-251f3cec7480]
  bitcn T5 seed 1: 34359 rows [42s]
Seed set to 2
GPU available: True (cuda), used: True
TPU available: False, using: 0 TPU cores
LOCAL_RANK: 0 - CUDA_VISIBLE_DEVICES: [MIG-4d38d5cf-c802-5308-80b8-251f3cec7480]
GPU available: True (cuda), used: True
TPU available: False, using: 0 TPU cores
LOCAL_RANK: 0 - CUDA_VISIBLE_DEVICES: [MIG-4d38d5cf-c802-5308-80b8-251f3cec7480]
  bitcn T5 seed 2: 34359 rows [57s]
Seed set to 3
GPU available: True (cuda), used: True
TPU available: False, using: 0 TPU cores
LOCAL_RANK: 0 - CUDA_VISIBLE_DEVICES: [MIG-4d38d5cf-c802-5308-80b8-251f3cec7480]
GPU available: True (cuda), used: True
TPU available: False, using: 0 TPU cores
LOCAL_RANK: 0 - CUDA_VISIBLE_DEVICES: [MIG-4d38d5cf-c802-5308-80b8-251f3cec7480]
  bitcn T5 seed 3: 34359 rows [76s]
Seed set to 4
GPU available: True (cuda), used: True
TPU available: False, using: 0 TPU cores
LOCAL_RANK: 0 - CUDA_VISIBLE_DEVICES: [MIG-4d38d5cf-c802-5308-80b8-251f3cec7480]
GPU available: True (cuda), used: True
TPU available: False, using: 0 TPU cores
LOCAL_RANK: 0 - CUDA_VISIBLE_DEVICES: [MIG-4d38d5cf-c802-5308-80b8-251f3cec7480]
  bitcn T5 seed 4: 34359 rows [94s]
bitcn T5 done, window 56 94.2s
Seed set to 0
GPU available: True (cuda), used: True
TPU available: False, using: 0 TPU cores
LOCAL_RANK: 0 - CUDA_VISIBLE_DEVICES: [MIG-4d38d5cf-c802-5308-80b8-251f3cec7480]
GPU available: True (cuda), used: True
TPU available: False, using: 0 TPU cores
LOCAL_RANK: 0 - CUDA_VISIBLE_DEVICES: [MIG-4d38d5cf-c802-5308-80b8-251f3cec7480]
  nbeatsx T5 window 28: val pinball 0.3226 [4s]
  nbeatsx T5 seed 0: 34359 rows [4s]
Seed set to 1
GPU available: True (cuda), used: True
TPU available: False, using: 0 TPU cores
LOCAL_RANK: 0 - CUDA_VISIBLE_DEVICES: [MIG-4d38d5cf-c802-5308-80b8-251f3cec7480]
GPU available: True (cuda), used: True
TPU available: False, using: 0 TPU cores
LOCAL_RANK: 0 - CUDA_VISIBLE_DEVICES: [MIG-4d38d5cf-c802-5308-80b8-251f3cec7480]
  nbeatsx T5 seed 1: 34359 rows [7s]
Seed set to 2
GPU available: True (cuda), used: True
TPU available: False, using: 0 TPU cores
LOCAL_RANK: 0 - CUDA_VISIBLE_DEVICES: [MIG-4d38d5cf-c802-5308-80b8-251f3cec7480]
GPU available: True (cuda), used: True
TPU available: False, using: 0 TPU cores
LOCAL_RANK: 0 - CUDA_VISIBLE_DEVICES: [MIG-4d38d5cf-c802-5308-80b8-251f3cec7480]
  nbeatsx T5 seed 2: 34359 rows [11s]
Seed set to 3
GPU available: True (cuda), used: True
TPU available: False, using: 0 TPU cores
LOCAL_RANK: 0 - CUDA_VISIBLE_DEVICES: [MIG-4d38d5cf-c802-5308-80b8-251f3cec7480]
GPU available: True (cuda), used: True
TPU available: False, using: 0 TPU cores
LOCAL_RANK: 0 - CUDA_VISIBLE_DEVICES: [MIG-4d38d5cf-c802-5308-80b8-251f3cec7480]
  nbeatsx T5 seed 3: 34359 rows [14s]
Seed set to 4
GPU available: True (cuda), used: True
TPU available: False, using: 0 TPU cores
LOCAL_RANK: 0 - CUDA_VISIBLE_DEVICES: [MIG-4d38d5cf-c802-5308-80b8-251f3cec7480]
GPU available: True (cuda), used: True
TPU available: False, using: 0 TPU cores
LOCAL_RANK: 0 - CUDA_VISIBLE_DEVICES: [MIG-4d38d5cf-c802-5308-80b8-251f3cec7480]
  nbeatsx T5 seed 4: 34359 rows [18s]
nbeatsx T5 done, window 28 17.8s
===== c_d2_nf end 2026-09-18T11:37:58 rc=0 seconds=1087
