
===== c_rehearsal start 2026-09-18T10:05:25 host=master job=31820.master
=== rehearsal: d2_01_xgb.py T5 --smoke
  T5 xgb seed 0 done [10s]
T5 xgb done, depth {1: 6, 2: 6, 3: 6} 10.4s
=== rehearsal end rc=0 11s
=== rehearsal: d2_02_nf_models.py nhits,tide,bitcn,nbeatsx T5 --smoke
Seed set to 0
GPU available: True (cuda), used: True
TPU available: False, using: 0 TPU cores
You are using a CUDA device ('NVIDIA H100 NVL MIG 3g.47gb') that has Tensor Cores. To properly utilize them, you should set `torch.set_float32_matmul_precision('medium' | 'high')` which will trade-off precision for performance. For more details, read https://pytorch.org/docs/stable/generated/torch.set_float32_matmul_precision.html#torch.set_float32_matmul_precision
LOCAL_RANK: 0 - CUDA_VISIBLE_DEVICES: [MIG-4d38d5cf-c802-5308-80b8-251f3cec7480]
`Trainer.fit` stopped: `max_steps=20` reached.
GPU available: True (cuda), used: True
TPU available: False, using: 0 TPU cores
LOCAL_RANK: 0 - CUDA_VISIBLE_DEVICES: [MIG-4d38d5cf-c802-5308-80b8-251f3cec7480]
  nhits T5 window 28: val pinball 0.5726 [7s]
  nhits T5 seed 0: 28431 rows [7s]
nhits T5 done, window 28 7.1s
Seed set to 0
GPU available: True (cuda), used: True
TPU available: False, using: 0 TPU cores
LOCAL_RANK: 0 - CUDA_VISIBLE_DEVICES: [MIG-4d38d5cf-c802-5308-80b8-251f3cec7480]
`Trainer.fit` stopped: `max_steps=20` reached.
GPU available: True (cuda), used: True
TPU available: False, using: 0 TPU cores
LOCAL_RANK: 0 - CUDA_VISIBLE_DEVICES: [MIG-4d38d5cf-c802-5308-80b8-251f3cec7480]
  tide T5 window 56: val pinball 0.5803 [2s]
  tide T5 seed 0: 28431 rows [2s]
tide T5 done, window 56 2.1s
Seed set to 0
GPU available: True (cuda), used: True
TPU available: False, using: 0 TPU cores
LOCAL_RANK: 0 - CUDA_VISIBLE_DEVICES: [MIG-4d38d5cf-c802-5308-80b8-251f3cec7480]
`Trainer.fit` stopped: `max_steps=20` reached.
GPU available: True (cuda), used: True
TPU available: False, using: 0 TPU cores
LOCAL_RANK: 0 - CUDA_VISIBLE_DEVICES: [MIG-4d38d5cf-c802-5308-80b8-251f3cec7480]
  bitcn T5 window 56: val pinball 0.5885 [2s]
  bitcn T5 seed 0: 28431 rows [2s]
bitcn T5 done, window 56 2.4s
Seed set to 0
GPU available: True (cuda), used: True
TPU available: False, using: 0 TPU cores
LOCAL_RANK: 0 - CUDA_VISIBLE_DEVICES: [MIG-4d38d5cf-c802-5308-80b8-251f3cec7480]
`Trainer.fit` stopped: `max_steps=20` reached.
GPU available: True (cuda), used: True
TPU available: False, using: 0 TPU cores
LOCAL_RANK: 0 - CUDA_VISIBLE_DEVICES: [MIG-4d38d5cf-c802-5308-80b8-251f3cec7480]
  nbeatsx T5 window 28: val pinball 0.5367 [2s]
  nbeatsx T5 seed 0: 28431 rows [2s]
nbeatsx T5 done, window 28 2.3s
=== rehearsal end rc=0 15s
=== rehearsal: d2_03_chronos.py chronos2,chronos_base T5 --smoke

Loading weights:   0%|          | 0/170 [00:00<?, ?it/s]
Loading weights: 100%|██████████| 170/170 [00:00<00:00, 2412.09it/s]
  T5 chronos2 cross_learning=True: val MASE 1.9534 [3s]
T5 chronos2 done, cross_learning True 2.6s

Loading weights:   0%|          | 0/269 [00:00<?, ?it/s]
Loading weights:  58%|█████▊    | 156/269 [00:00<00:00, 1558.74it/s]
Loading weights: 100%|██████████| 269/269 [00:00<00:00, 1575.41it/s]
T5 chronos_base 195 rows 2s
=== rehearsal end rc=0 9s
=== rehearsal: o3_01_lamcag.py T5 mcag_instance_sd,fusion_fixed_sd 1
  T5 mcag_instance_sd seed 0: epochs 1 es 0.2627 [10s]
T5 mcag_instance_sd done 10s
  T5 fusion_fixed_sd seed 0: epochs 1 es 0.2428 [8s]
T5 fusion_fixed_sd done 8s
=== rehearsal end rc=0 21s
=== rehearsal: d2_05_ensemble.py T5 --smoke
T5 ensembles done: members 13, k=6, lambda=0.1, online (0.5, 1.0, 'all'); cross-fitted val MASE {"best_single": 0.4371, "ens_top": 1.1575, "ens_stack": 1.0505, "ens_online": 1.4936} [2.0s]
=== rehearsal end rc=0 5s
=== rehearsal: d2_06_o2_eval.py T5 --smoke
T5 rows per member: {'lgbm': 28509, 'bilstm': 28431, 'tft': 28431, 'patchtst': 28431, 'chronos': 28470, 'xgb': 28509, 'nhits': 28431, 'tide': 28431, 'bitcn': 28431, 'nbeatsx': 28431, 'chronos2': 195, 'chronos_base': 195, 'mcag_instance_sd': 28431, 'ens_top': 195, 'ens_stack': 195, 'ens_online': 195, 'seasonal_naive': 28509} -> common rows: 195
/Data3/<hpc-user>/RefusedH100/codes/scripts/confirm/../dev2/../o2/o2_06_evaluate.py:151: RuntimeWarning: Mean of empty slice.
  return dict(n_scored=int(ok.sum()), pinball=float(pin.mean()), crps_approx=float(crps_from_quantiles(y / sc, Q / sc[:, None], LEV).mean()),
/Data3/<hpc-user>/.conda/envs/refused_h100/lib/python3.10/site-packages/numpy/_core/_methods.py:145: RuntimeWarning: invalid value encountered in scalar divide
  ret = ret.dtype.type(ret / rcount)
/Data3/<hpc-user>/RefusedH100/codes/scripts/confirm/../dev2/../o2/o2_06_evaluate.py:152: RuntimeWarning: Mean of empty slice.
  cov80=float(cov80.mean()), cov90=float(cov90.mean()),
/Data3/<hpc-user>/RefusedH100/codes/scripts/confirm/../dev2/../o2/o2_06_evaluate.py:154: RuntimeWarning: Mean of empty slice.
  width90_scaled=float(((Q[:, 6] - Q[:, 0]) / sc).mean())), pin.mean(axis=1)
/Data3/<hpc-user>/RefusedH100/codes/scripts/confirm/../dev2/../o2/o2_06_evaluate.py:151: RuntimeWarning: Mean of empty slice.
  return dict(n_scored=int(ok.sum()), pinball=float(pin.mean()), crps_approx=float(crps_from_quantiles(y / sc, Q / sc[:, None], LEV).mean()),
/Data3/<hpc-user>/.conda/envs/refused_h100/lib/python3.10/site-packages/numpy/_core/_methods.py:145: RuntimeWarning: invalid value encountered in scalar divide
  ret = ret.dtype.type(ret / rcount)
/Data3/<hpc-user>/RefusedH100/codes/scripts/confirm/../dev2/../o2/o2_06_evaluate.py:152: RuntimeWarning: Mean of empty slice.
  cov80=float(cov80.mean()), cov90=float(cov90.mean()),
/Data3/<hpc-user>/RefusedH100/codes/scripts/confirm/../dev2/../o2/o2_06_evaluate.py:154: RuntimeWarning: Mean of empty slice.
  width90_scaled=float(((Q[:, 6] - Q[:, 0]) / sc).mean())), pin.mean(axis=1)
/Data3/<hpc-user>/RefusedH100/codes/scripts/confirm/../dev2/../o2/o2_06_evaluate.py:151: RuntimeWarning: Mean of empty slice.
  return dict(n_scored=int(ok.sum()), pinball=float(pin.mean()), crps_approx=float(crps_from_quantiles(y / sc, Q / sc[:, None], LEV).mean()),
/Data3/<hpc-user>/.conda/envs/refused_h100/lib/python3.10/site-packages/numpy/_core/_methods.py:145: RuntimeWarning: invalid value encountered in scalar divide
  ret = ret.dtype.type(ret / rcount)
/Data3/<hpc-user>/RefusedH100/codes/scripts/confirm/../dev2/../o2/o2_06_evaluate.py:152: RuntimeWarning: Mean of empty slice.
  cov80=float(cov80.mean()), cov90=float(cov90.mean()),
/Data3/<hpc-user>/RefusedH100/codes/scripts/confirm/../dev2/../o2/o2_06_evaluate.py:154: RuntimeWarning: Mean of empty slice.
  width90_scaled=float(((Q[:, 6] - Q[:, 0]) / sc).mean())), pin.mean(axis=1)
/Data3/<hpc-user>/RefusedH100/codes/scripts/confirm/../dev2/../o2/o2_06_evaluate.py:151: RuntimeWarning: Mean of empty slice.
  return dict(n_scored=int(ok.sum()), pinball=float(pin.mean()), crps_approx=float(crps_from_quantiles(y / sc, Q / sc[:, None], LEV).mean()),
/Data3/<hpc-user>/.conda/envs/refused_h100/lib/python3.10/site-packages/numpy/_core/_methods.py:145: RuntimeWarning: invalid value encountered in scalar divide
  ret = ret.dtype.type(ret / rcount)
/Data3/<hpc-user>/RefusedH100/codes/scripts/confirm/../dev2/../o2/o2_06_evaluate.py:152: RuntimeWarning: Mean of empty slice.
  cov80=float(cov80.mean()), cov90=float(cov90.mean()),
/Data3/<hpc-user>/RefusedH100/codes/scripts/confirm/../dev2/../o2/o2_06_evaluate.py:154: RuntimeWarning: Mean of empty slice.
  width90_scaled=float(((Q[:, 6] - Q[:, 0]) / sc).mean())), pin.mean(axis=1)
/Data3/<hpc-user>/RefusedH100/codes/scripts/confirm/../dev2/../o2/o2_06_evaluate.py:151: RuntimeWarning: Mean of empty slice.
  return dict(n_scored=int(ok.sum()), pinball=float(pin.mean()), crps_approx=float(crps_from_quantiles(y / sc, Q / sc[:, None], LEV).mean()),
/Data3/<hpc-user>/.conda/envs/refused_h100/lib/python3.10/site-packages/numpy/_core/_methods.py:145: RuntimeWarning: invalid value encountered in scalar divide
  ret = ret.dtype.type(ret / rcount)
/Data3/<hpc-user>/RefusedH100/codes/scripts/confirm/../dev2/../o2/o2_06_evaluate.py:152: RuntimeWarning: Mean of empty slice.
  cov80=float(cov80.mean()), cov90=float(cov90.mean()),
/Data3/<hpc-user>/RefusedH100/codes/scripts/confirm/../dev2/../o2/o2_06_evaluate.py:154: RuntimeWarning: Mean of empty slice.
  width90_scaled=float(((Q[:, 6] - Q[:, 0]) / sc).mean())), pin.mean(axis=1)
/Data3/<hpc-user>/RefusedH100/codes/scripts/confirm/../dev2/../o2/o2_06_evaluate.py:151: RuntimeWarning: Mean of empty slice.
  return dict(n_scored=int(ok.sum()), pinball=float(pin.mean()), crps_approx=float(crps_from_quantiles(y / sc, Q / sc[:, None], LEV).mean()),
/Data3/<hpc-user>/.conda/envs/refused_h100/lib/python3.10/site-packages/numpy/_core/_methods.py:145: RuntimeWarning: invalid value encountered in scalar divide
  ret = ret.dtype.type(ret / rcount)
/Data3/<hpc-user>/RefusedH100/codes/scripts/confirm/../dev2/../o2/o2_06_evaluate.py:152: RuntimeWarning: Mean of empty slice.
  cov80=float(cov80.mean()), cov90=float(cov90.mean()),
/Data3/<hpc-user>/RefusedH100/codes/scripts/confirm/../dev2/../o2/o2_06_evaluate.py:154: RuntimeWarning: Mean of empty slice.
  width90_scaled=float(((Q[:, 6] - Q[:, 0]) / sc).mean())), pin.mean(axis=1)
/Data3/<hpc-user>/RefusedH100/codes/scripts/confirm/../dev2/../o2/o2_06_evaluate.py:151: RuntimeWarning: Mean of empty slice.
  return dict(n_scored=int(ok.sum()), pinball=float(pin.mean()), crps_approx=float(crps_from_quantiles(y / sc, Q / sc[:, None], LEV).mean()),
/Data3/<hpc-user>/.conda/envs/refused_h100/lib/python3.10/site-packages/numpy/_core/_methods.py:145: RuntimeWarning: invalid value encountered in scalar divide
  ret = ret.dtype.type(ret / rcount)
/Data3/<hpc-user>/RefusedH100/codes/scripts/confirm/../dev2/../o2/o2_06_evaluate.py:152: RuntimeWarning: Mean of empty slice.
  cov80=float(cov80.mean()), cov90=float(cov90.mean()),
/Data3/<hpc-user>/RefusedH100/codes/scripts/confirm/../dev2/../o2/o2_06_evaluate.py:154: RuntimeWarning: Mean of empty slice.
  width90_scaled=float(((Q[:, 6] - Q[:, 0]) / sc).mean())), pin.mean(axis=1)
/Data3/<hpc-user>/RefusedH100/codes/scripts/confirm/../dev2/../o2/o2_06_evaluate.py:151: RuntimeWarning: Mean of empty slice.
  return dict(n_scored=int(ok.sum()), pinball=float(pin.mean()), crps_approx=float(crps_from_quantiles(y / sc, Q / sc[:, None], LEV).mean()),
/Data3/<hpc-user>/.conda/envs/refused_h100/lib/python3.10/site-packages/numpy/_core/_methods.py:145: RuntimeWarning: invalid value encountered in scalar divide
  ret = ret.dtype.type(ret / rcount)
/Data3/<hpc-user>/RefusedH100/codes/scripts/confirm/../dev2/../o2/o2_06_evaluate.py:152: RuntimeWarning: Mean of empty slice.
  cov80=float(cov80.mean()), cov90=float(cov90.mean()),
/Data3/<hpc-user>/RefusedH100/codes/scripts/confirm/../dev2/../o2/o2_06_evaluate.py:154: RuntimeWarning: Mean of empty slice.
  width90_scaled=float(((Q[:, 6] - Q[:, 0]) / sc).mean())), pin.mean(axis=1)
/Data3/<hpc-user>/RefusedH100/codes/scripts/confirm/../dev2/../o2/o2_06_evaluate.py:151: RuntimeWarning: Mean of empty slice.
  return dict(n_scored=int(ok.sum()), pinball=float(pin.mean()), crps_approx=float(crps_from_quantiles(y / sc, Q / sc[:, None], LEV).mean()),
/Data3/<hpc-user>/.conda/envs/refused_h100/lib/python3.10/site-packages/numpy/_core/_methods.py:145: RuntimeWarning: invalid value encountered in scalar divide
  ret = ret.dtype.type(ret / rcount)
/Data3/<hpc-user>/RefusedH100/codes/scripts/confirm/../dev2/../o2/o2_06_evaluate.py:152: RuntimeWarning: Mean of empty slice.
  cov80=float(cov80.mean()), cov90=float(cov90.mean()),
/Data3/<hpc-user>/RefusedH100/codes/scripts/confirm/../dev2/../o2/o2_06_evaluate.py:154: RuntimeWarning: Mean of empty slice.
  width90_scaled=float(((Q[:, 6] - Q[:, 0]) / sc).mean())), pin.mean(axis=1)
/Data3/<hpc-user>/RefusedH100/codes/scripts/confirm/../dev2/../o2/o2_06_evaluate.py:151: RuntimeWarning: Mean of empty slice.
  return dict(n_scored=int(ok.sum()), pinball=float(pin.mean()), crps_approx=float(crps_from_quantiles(y / sc, Q / sc[:, None], LEV).mean()),
/Data3/<hpc-user>/.conda/envs/refused_h100/lib/python3.10/site-packages/numpy/_core/_methods.py:145: RuntimeWarning: invalid value encountered in scalar divide
  ret = ret.dtype.type(ret / rcount)
/Data3/<hpc-user>/RefusedH100/codes/scripts/confirm/../dev2/../o2/o2_06_evaluate.py:152: RuntimeWarning: Mean of empty slice.
  cov80=float(cov80.mean()), cov90=float(cov90.mean()),
/Data3/<hpc-user>/RefusedH100/codes/scripts/confirm/../dev2/../o2/o2_06_evaluate.py:154: RuntimeWarning: Mean of empty slice.
  width90_scaled=float(((Q[:, 6] - Q[:, 0]) / sc).mean())), pin.mean(axis=1)
/Data3/<hpc-user>/RefusedH100/codes/scripts/confirm/../dev2/../o2/o2_06_evaluate.py:151: RuntimeWarning: Mean of empty slice.
  return dict(n_scored=int(ok.sum()), pinball=float(pin.mean()), crps_approx=float(crps_from_quantiles(y / sc, Q / sc[:, None], LEV).mean()),
/Data3/<hpc-user>/.conda/envs/refused_h100/lib/python3.10/site-packages/numpy/_core/_methods.py:145: RuntimeWarning: invalid value encountered in scalar divide
  ret = ret.dtype.type(ret / rcount)
/Data3/<hpc-user>/RefusedH100/codes/scripts/confirm/../dev2/../o2/o2_06_evaluate.py:152: RuntimeWarning: Mean of empty slice.
  cov80=float(cov80.mean()), cov90=float(cov90.mean()),
/Data3/<hpc-user>/RefusedH100/codes/scripts/confirm/../dev2/../o2/o2_06_evaluate.py:154: RuntimeWarning: Mean of empty slice.
  width90_scaled=float(((Q[:, 6] - Q[:, 0]) / sc).mean())), pin.mean(axis=1)
/Data3/<hpc-user>/RefusedH100/codes/scripts/confirm/../dev2/../o2/o2_06_evaluate.py:151: RuntimeWarning: Mean of empty slice.
  return dict(n_scored=int(ok.sum()), pinball=float(pin.mean()), crps_approx=float(crps_from_quantiles(y / sc, Q / sc[:, None], LEV).mean()),
/Data3/<hpc-user>/.conda/envs/refused_h100/lib/python3.10/site-packages/numpy/_core/_methods.py:145: RuntimeWarning: invalid value encountered in scalar divide
  ret = ret.dtype.type(ret / rcount)
/Data3/<hpc-user>/RefusedH100/codes/scripts/confirm/../dev2/../o2/o2_06_evaluate.py:152: RuntimeWarning: Mean of empty slice.
  cov80=float(cov80.mean()), cov90=float(cov90.mean()),
/Data3/<hpc-user>/RefusedH100/codes/scripts/confirm/../dev2/../o2/o2_06_evaluate.py:154: RuntimeWarning: Mean of empty slice.
  width90_scaled=float(((Q[:, 6] - Q[:, 0]) / sc).mean())), pin.mean(axis=1)
/Data3/<hpc-user>/RefusedH100/codes/scripts/confirm/../dev2/../o2/o2_06_evaluate.py:151: RuntimeWarning: Mean of empty slice.
  return dict(n_scored=int(ok.sum()), pinball=float(pin.mean()), crps_approx=float(crps_from_quantiles(y / sc, Q / sc[:, None], LEV).mean()),
/Data3/<hpc-user>/.conda/envs/refused_h100/lib/python3.10/site-packages/numpy/_core/_methods.py:145: RuntimeWarning: invalid value encountered in scalar divide
  ret = ret.dtype.type(ret / rcount)
/Data3/<hpc-user>/RefusedH100/codes/scripts/confirm/../dev2/../o2/o2_06_evaluate.py:152: RuntimeWarning: Mean of empty slice.
  cov80=float(cov80.mean()), cov90=float(cov90.mean()),
/Data3/<hpc-user>/RefusedH100/codes/scripts/confirm/../dev2/../o2/o2_06_evaluate.py:154: RuntimeWarning: Mean of empty slice.
  width90_scaled=float(((Q[:, 6] - Q[:, 0]) / sc).mean())), pin.mean(axis=1)
/Data3/<hpc-user>/RefusedH100/codes/scripts/confirm/../dev2/../o2/o2_06_evaluate.py:151: RuntimeWarning: Mean of empty slice.
  return dict(n_scored=int(ok.sum()), pinball=float(pin.mean()), crps_approx=float(crps_from_quantiles(y / sc, Q / sc[:, None], LEV).mean()),
/Data3/<hpc-user>/.conda/envs/refused_h100/lib/python3.10/site-packages/numpy/_core/_methods.py:145: RuntimeWarning: invalid value encountered in scalar divide
  ret = ret.dtype.type(ret / rcount)
/Data3/<hpc-user>/RefusedH100/codes/scripts/confirm/../dev2/../o2/o2_06_evaluate.py:152: RuntimeWarning: Mean of empty slice.
  cov80=float(cov80.mean()), cov90=float(cov90.mean()),
/Data3/<hpc-user>/RefusedH100/codes/scripts/confirm/../dev2/../o2/o2_06_evaluate.py:154: RuntimeWarning: Mean of empty slice.
  width90_scaled=float(((Q[:, 6] - Q[:, 0]) / sc).mean())), pin.mean(axis=1)
/Data3/<hpc-user>/RefusedH100/codes/scripts/confirm/../dev2/../o2/o2_06_evaluate.py:151: RuntimeWarning: Mean of empty slice.
  return dict(n_scored=int(ok.sum()), pinball=float(pin.mean()), crps_approx=float(crps_from_quantiles(y / sc, Q / sc[:, None], LEV).mean()),
/Data3/<hpc-user>/.conda/envs/refused_h100/lib/python3.10/site-packages/numpy/_core/_methods.py:145: RuntimeWarning: invalid value encountered in scalar divide
  ret = ret.dtype.type(ret / rcount)
/Data3/<hpc-user>/RefusedH100/codes/scripts/confirm/../dev2/../o2/o2_06_evaluate.py:152: RuntimeWarning: Mean of empty slice.
  cov80=float(cov80.mean()), cov90=float(cov90.mean()),
/Data3/<hpc-user>/RefusedH100/codes/scripts/confirm/../dev2/../o2/o2_06_evaluate.py:154: RuntimeWarning: Mean of empty slice.
  width90_scaled=float(((Q[:, 6] - Q[:, 0]) / sc).mean())), pin.mean(axis=1)
/Data3/<hpc-user>/RefusedH100/codes/scripts/confirm/../dev2/../o2/o2_06_evaluate.py:151: RuntimeWarning: Mean of empty slice.
  return dict(n_scored=int(ok.sum()), pinball=float(pin.mean()), crps_approx=float(crps_from_quantiles(y / sc, Q / sc[:, None], LEV).mean()),
/Data3/<hpc-user>/.conda/envs/refused_h100/lib/python3.10/site-packages/numpy/_core/_methods.py:145: RuntimeWarning: invalid value encountered in scalar divide
  ret = ret.dtype.type(ret / rcount)
/Data3/<hpc-user>/RefusedH100/codes/scripts/confirm/../dev2/../o2/o2_06_evaluate.py:152: RuntimeWarning: Mean of empty slice.
  cov80=float(cov80.mean()), cov90=float(cov90.mean()),
/Data3/<hpc-user>/RefusedH100/codes/scripts/confirm/../dev2/../o2/o2_06_evaluate.py:154: RuntimeWarning: Mean of empty slice.
  width90_scaled=float(((Q[:, 6] - Q[:, 0]) / sc).mean())), pin.mean(axis=1)
/Data3/<hpc-user>/RefusedH100/codes/scripts/confirm/../dev2/../../refused8/stats.py:17: RuntimeWarning: invalid value encountered in divide
  return sums / (n_blocks * block)
/Data3/<hpc-user>/RefusedH100/codes/scripts/confirm/../dev2/../../refused8/stats.py:24: RuntimeWarning: Mean of empty slice.
  m = float(d.mean())
/Data3/<hpc-user>/.conda/envs/refused_h100/lib/python3.10/site-packages/numpy/_core/_methods.py:145: RuntimeWarning: invalid value encountered in scalar divide
  ret = ret.dtype.type(ret / rcount)
/Data3/<hpc-user>/RefusedH100/codes/scripts/confirm/../dev2/d2_06_o2_eval.py:63: RuntimeWarning: Mean of empty slice.
  return dict(mean_diff=float(dd.mean()), lo=ci["lo"], hi=ci["hi"], p_one_sided=p, n_days=len(dd))
/Data3/<hpc-user>/RefusedH100/codes/scripts/confirm/../dev2/../../refused8/stats.py:17: RuntimeWarning: invalid value encountered in divide
  return sums / (n_blocks * block)
/Data3/<hpc-user>/RefusedH100/codes/scripts/confirm/../dev2/../../refused8/stats.py:24: RuntimeWarning: Mean of empty slice.
  m = float(d.mean())
/Data3/<hpc-user>/.conda/envs/refused_h100/lib/python3.10/site-packages/numpy/_core/_methods.py:145: RuntimeWarning: invalid value encountered in scalar divide
  ret = ret.dtype.type(ret / rcount)
/Data3/<hpc-user>/RefusedH100/codes/scripts/confirm/../dev2/d2_06_o2_eval.py:63: RuntimeWarning: Mean of empty slice.
  return dict(mean_diff=float(dd.mean()), lo=ci["lo"], hi=ci["hi"], p_one_sided=p, n_days=len(dd))
/Data3/<hpc-user>/RefusedH100/codes/scripts/confirm/../dev2/../../refused8/stats.py:17: RuntimeWarning: invalid value encountered in divide
  return sums / (n_blocks * block)
/Data3/<hpc-user>/RefusedH100/codes/scripts/confirm/../dev2/../../refused8/stats.py:24: RuntimeWarning: Mean of empty slice.
  m = float(d.mean())
/Data3/<hpc-user>/.conda/envs/refused_h100/lib/python3.10/site-packages/numpy/_core/_methods.py:145: RuntimeWarning: invalid value encountered in scalar divide
  ret = ret.dtype.type(ret / rcount)
/Data3/<hpc-user>/RefusedH100/codes/scripts/confirm/../dev2/d2_06_o2_eval.py:63: RuntimeWarning: Mean of empty slice.
  return dict(mean_diff=float(dd.mean()), lo=ci["lo"], hi=ci["hi"], p_one_sided=p, n_days=len(dd))
/Data3/<hpc-user>/RefusedH100/codes/scripts/confirm/../dev2/../../refused8/stats.py:17: RuntimeWarning: invalid value encountered in divide
  return sums / (n_blocks * block)
/Data3/<hpc-user>/RefusedH100/codes/scripts/confirm/../dev2/../../refused8/stats.py:24: RuntimeWarning: Mean of empty slice.
  m = float(d.mean())
/Data3/<hpc-user>/.conda/envs/refused_h100/lib/python3.10/site-packages/numpy/_core/_methods.py:145: RuntimeWarning: invalid value encountered in scalar divide
  ret = ret.dtype.type(ret / rcount)
/Data3/<hpc-user>/RefusedH100/codes/scripts/confirm/../dev2/d2_06_o2_eval.py:63: RuntimeWarning: Mean of empty slice.
  return dict(mean_diff=float(dd.mean()), lo=ci["lo"], hi=ci["hi"], p_one_sided=p, n_days=len(dd))
/Data3/<hpc-user>/RefusedH100/codes/scripts/confirm/../dev2/../../refused8/stats.py:17: RuntimeWarning: invalid value encountered in divide
  return sums / (n_blocks * block)
/Data3/<hpc-user>/RefusedH100/codes/scripts/confirm/../dev2/../../refused8/stats.py:24: RuntimeWarning: Mean of empty slice.
  m = float(d.mean())
/Data3/<hpc-user>/.conda/envs/refused_h100/lib/python3.10/site-packages/numpy/_core/_methods.py:145: RuntimeWarning: invalid value encountered in scalar divide
  ret = ret.dtype.type(ret / rcount)
/Data3/<hpc-user>/RefusedH100/codes/scripts/confirm/../dev2/d2_06_o2_eval.py:63: RuntimeWarning: Mean of empty slice.
  return dict(mean_diff=float(dd.mean()), lo=ci["lo"], hi=ci["hi"], p_one_sided=p, n_days=len(dd))
/Data3/<hpc-user>/RefusedH100/codes/scripts/confirm/../dev2/../../refused8/stats.py:17: RuntimeWarning: invalid value encountered in divide
  return sums / (n_blocks * block)
/Data3/<hpc-user>/RefusedH100/codes/scripts/confirm/../dev2/../../refused8/stats.py:24: RuntimeWarning: Mean of empty slice.
  m = float(d.mean())
/Data3/<hpc-user>/.conda/envs/refused_h100/lib/python3.10/site-packages/numpy/_core/_methods.py:145: RuntimeWarning: invalid value encountered in scalar divide
  ret = ret.dtype.type(ret / rcount)
/Data3/<hpc-user>/RefusedH100/codes/scripts/confirm/../dev2/d2_06_o2_eval.py:63: RuntimeWarning: Mean of empty slice.
  return dict(mean_diff=float(dd.mean()), lo=ci["lo"], hi=ci["hi"], p_one_sided=p, n_days=len(dd))
/Data3/<hpc-user>/RefusedH100/codes/scripts/confirm/../dev2/../../refused8/stats.py:17: RuntimeWarning: invalid value encountered in divide
  return sums / (n_blocks * block)
/Data3/<hpc-user>/RefusedH100/codes/scripts/confirm/../dev2/../../refused8/stats.py:24: RuntimeWarning: Mean of empty slice.
  m = float(d.mean())
/Data3/<hpc-user>/.conda/envs/refused_h100/lib/python3.10/site-packages/numpy/_core/_methods.py:145: RuntimeWarning: invalid value encountered in scalar divide
  ret = ret.dtype.type(ret / rcount)
/Data3/<hpc-user>/RefusedH100/codes/scripts/confirm/../dev2/d2_06_o2_eval.py:63: RuntimeWarning: Mean of empty slice.
  return dict(mean_diff=float(dd.mean()), lo=ci["lo"], hi=ci["hi"], p_one_sided=p, n_days=len(dd))
/Data3/<hpc-user>/RefusedH100/codes/scripts/confirm/../dev2/../../refused8/stats.py:17: RuntimeWarning: invalid value encountered in divide
  return sums / (n_blocks * block)
/Data3/<hpc-user>/RefusedH100/codes/scripts/confirm/../dev2/../../refused8/stats.py:24: RuntimeWarning: Mean of empty slice.
  m = float(d.mean())
/Data3/<hpc-user>/.conda/envs/refused_h100/lib/python3.10/site-packages/numpy/_core/_methods.py:145: RuntimeWarning: invalid value encountered in scalar divide
  ret = ret.dtype.type(ret / rcount)
/Data3/<hpc-user>/RefusedH100/codes/scripts/confirm/../dev2/d2_06_o2_eval.py:63: RuntimeWarning: Mean of empty slice.
  return dict(mean_diff=float(dd.mean()), lo=ci["lo"], hi=ci["hi"], p_one_sided=p, n_days=len(dd))
/Data3/<hpc-user>/RefusedH100/codes/scripts/confirm/../dev2/../../refused8/stats.py:17: RuntimeWarning: invalid value encountered in divide
  return sums / (n_blocks * block)
/Data3/<hpc-user>/RefusedH100/codes/scripts/confirm/../dev2/../../refused8/stats.py:24: RuntimeWarning: Mean of empty slice.
  m = float(d.mean())
/Data3/<hpc-user>/.conda/envs/refused_h100/lib/python3.10/site-packages/numpy/_core/_methods.py:145: RuntimeWarning: invalid value encountered in scalar divide
  ret = ret.dtype.type(ret / rcount)
/Data3/<hpc-user>/RefusedH100/codes/scripts/confirm/../dev2/d2_06_o2_eval.py:63: RuntimeWarning: Mean of empty slice.
  return dict(mean_diff=float(dd.mean()), lo=ci["lo"], hi=ci["hi"], p_one_sided=p, n_days=len(dd))
/Data3/<hpc-user>/RefusedH100/codes/scripts/confirm/../dev2/../../refused8/stats.py:17: RuntimeWarning: invalid value encountered in divide
  return sums / (n_blocks * block)
/Data3/<hpc-user>/RefusedH100/codes/scripts/confirm/../dev2/../../refused8/stats.py:24: RuntimeWarning: Mean of empty slice.
  m = float(d.mean())
/Data3/<hpc-user>/.conda/envs/refused_h100/lib/python3.10/site-packages/numpy/_core/_methods.py:145: RuntimeWarning: invalid value encountered in scalar divide
  ret = ret.dtype.type(ret / rcount)
/Data3/<hpc-user>/RefusedH100/codes/scripts/confirm/../dev2/d2_06_o2_eval.py:63: RuntimeWarning: Mean of empty slice.
  return dict(mean_diff=float(dd.mean()), lo=ci["lo"], hi=ci["hi"], p_one_sided=p, n_days=len(dd))
/Data3/<hpc-user>/RefusedH100/codes/scripts/confirm/../dev2/../../refused8/stats.py:17: RuntimeWarning: invalid value encountered in divide
  return sums / (n_blocks * block)
/Data3/<hpc-user>/RefusedH100/codes/scripts/confirm/../dev2/../../refused8/stats.py:24: RuntimeWarning: Mean of empty slice.
  m = float(d.mean())
/Data3/<hpc-user>/.conda/envs/refused_h100/lib/python3.10/site-packages/numpy/_core/_methods.py:145: RuntimeWarning: invalid value encountered in scalar divide
  ret = ret.dtype.type(ret / rcount)
/Data3/<hpc-user>/RefusedH100/codes/scripts/confirm/../dev2/d2_06_o2_eval.py:63: RuntimeWarning: Mean of empty slice.
  return dict(mean_diff=float(dd.mean()), lo=ci["lo"], hi=ci["hi"], p_one_sided=p, n_days=len(dd))
/Data3/<hpc-user>/RefusedH100/codes/scripts/confirm/../dev2/../../refused8/stats.py:17: RuntimeWarning: invalid value encountered in divide
  return sums / (n_blocks * block)
/Data3/<hpc-user>/RefusedH100/codes/scripts/confirm/../dev2/../../refused8/stats.py:24: RuntimeWarning: Mean of empty slice.
  m = float(d.mean())
/Data3/<hpc-user>/.conda/envs/refused_h100/lib/python3.10/site-packages/numpy/_core/_methods.py:145: RuntimeWarning: invalid value encountered in scalar divide
  ret = ret.dtype.type(ret / rcount)
/Data3/<hpc-user>/RefusedH100/codes/scripts/confirm/../dev2/d2_06_o2_eval.py:63: RuntimeWarning: Mean of empty slice.
  return dict(mean_diff=float(dd.mean()), lo=ci["lo"], hi=ci["hi"], p_one_sided=p, n_days=len(dd))
T5 final: ens_top window 365
=== rehearsal end rc=0 4s
=== rehearsal: d2_07_o3_eval.py T5 --smoke
T5 O3 round-2 checks done
# O3 round 2 — staleness-matched dropout and PART as a decision rule

Development test FY2024-25, reported only (protocol `codes/design/06_dev2_protocol.md`, section 4).

## Variants (development test)

| tid | model | mase | rmsse | pinball | cov80 | cov90 | n |
|---|---|---|---|---|---|---|---|
| T5 | mcag_instance | 1.3793 | 1.0422 | 0.2555 | 0.8059 | 0.8919 | 14196 |
| T5 | fusion_fixed | 1.2671 | 0.956 | 0.2446 | 0.8227 | 0.9034 | 14196 |
| T5 | mcag_instance_sd | 0.9058 | 0.722 | 0.2736 | 0.782 | 0.86 | 14196 |
| T5 | fusion_fixed_sd | 0.8457 | 0.6768 | 0.2652 | 0.7798 | 0.8777 | 14196 |

## Paired tests (all horizons pooled)

| tid | comparison | metric | H | mean_a | mean_b | mean_diff | lo | hi | p_a_better | n_days |
|---|---|---|---|---|---|---|---|---|---|---|
| T5 | A2 sd: instance vs fusion | mae | all | 0.9059 | 0.8457 | 0.0603 | 0.0321 | 0.0918 | 1.0 | 365 |
| T5 | A2 sd: instance vs fusion | pinball | all | 0.2736 | 0.2652 | 0.0084 | 0.0017 | 0.015 | 0.9996 | 365 |
| T5 | sd vs round 1 (instance) | mae | all | 0.9059 | 1.3791 | -0.4749 | -0.6263 | -0.3228 | 7.025e-19 | 365 |
| T5 | sd vs round 1 (instance) | pinball | all | 0.2736 | 0.2555 | 0.0181 | -0.0099 | 0.0428 | 0.9798 | 365 |
| T5 | sd vs round 1 (fusion) | mae | all | 0.8457 | 1.2669 | -0.4228 | -0.5652 | -0.2818 | 1.666e-17 | 365 |
| T5 | sd vs round 1 (fusion) | pinball | all | 0.2652 | 0.2446 | 0.0205 | 0.002 | 0.0386 | 0.9995 | 365 |

## PART decision rule (N9)

Total realised development-test gain collected (MSE, scaled units; higher is better): rule +0.2462, sign_only +0.2462, always +4.9452, never +0.0000, oracle +5.0625.

Sign agreement, all cells: 4/9; cells with a clear realised gain: 3/6.

| tid | H | refinement | G_val | G_lower80 | G_upper80 | refine_rule | refine_sign | realised_gain_dev | gain_lo | gain_hi | clear |
|---|---|---|---|---|---|---|---|---|---|---|---|
| T5 | 1 | regime vs fixed | 0.0277 | 0.0192 | 0.0373 | True | True | 0.1054 | 0.0415 | 0.1759 | True |
| T5 | 1 | instance vs fixed | -0.2229 | -0.2501 | -0.1082 | False | False | -0.0384 | -0.1848 | 0.0921 | False |
| T5 | 1 | OTG vs fixed | -0.2006 | -0.1969 | -0.182 | False | False | 1.7267 | 1.2059 | 2.343 | True |
| T5 | 2 | regime vs fixed | -0.0352 | -0.0377 | 0.0006092 | False | False | 0.0491 | -0.0156 | 0.1162 | False |
| T5 | 2 | instance vs fixed | 0.1414 | 0.0713 | 0.746 | True | True | -0.0789 | -0.2233 | 0.0466 | False |
| T5 | 2 | OTG vs fixed | -0.1989 | -0.2337 | -0.2098 | False | False | 1.5741 | 1.0535 | 2.1836 | True |
| T5 | 3 | regime vs fixed | 0.0276 | 0.0195 | 0.0663 | True | True | 0.0541 | 0.0017 | 0.1164 | True |
| T5 | 3 | instance vs fixed | 0.3549 | 0.4241 | 0.8215 | True | True | 0.1656 | 0.0442 | 0.2897 | True |
| T5 | 3 | OTG vs fixed | -0.1734 | -0.2136 | -0.1794 | False | False | 1.3875 | 0.9288 | 1.9545 | True |

=== rehearsal end rc=0 17s
=== rehearsal: d2_08_o4.py --smoke
# O4 round 2 — deviation assessment

Forecast source: `lgbm` (T2, H = 1, rolling conformal C1, 180-day window). Fitted on validation (n = 3,000); development test (n = 3,000) reported only.

Two-fold week cross-validated within-decile tau on validation: . Chosen: **O4c** with {'depth': 3, 'k': 2.0}.

| test | outcome | tau(A) | tau(comparator) | difference | 95% CI / placebo 95th pct | p (one-sided) |
|---|---|---|---|---|---|---|
| A vs M0 | Y | -0.0213 | -0.0013 | -0.0200 | [-0.0480, +0.0234] | 0.86 |
| A vs M0 | Y1 | 0.0005 | 0.0106 | -0.0101 | [-0.0325, +0.0327] | 0.71 |
| A vs M0 | Y2 | -0.0363 | -0.0084 | -0.0278 | [-0.0658, -0.0016] | 0.94 |
| A vs M0 | Y3 | -0.0350 | -0.0111 | -0.0239 | [-0.0632, +0.0157] | 0.89 |
| forecast information gain (A vs A without U, F) | Y | -0.0213 | -0.0132 | -0.0081 | [-0.0238, +0.0102] | 0.82 |
| forecast information vs shuffled placebo | Y | nan | nan | -0.0081 | +0.0175 | 1 |
=== rehearsal end rc=0 16s
=== rehearsal: d2_09_o5.py --smoke
# O5 round 2 — scheduling with the round-2 forecaster (stylised settlement)

Forecast source: `lgbm` (window 180 days). Tuned on validation: {"A2": {"beta": 0, "rho": 0.5}, "A5": {"beta": 0}, "A4s": {"b0": -4, "bU": 0, "bS": 4, "rho": 0.5}, "A5c": {"b0": -4, "bU": 1, "bS": 2}}.

| split | arm | system_mean_crore | system_cvar90_crore | J | deviation_energy_gwh_per_state_day | hard_limit_envelope_exceedance_share | n_state_days | source |
|---|---|---|---|---|---|---|---|---|
| validation | H_final | 2.2488 | 4.029 | 3.1389 | 1.1951 | 0.1206 | 2040 | lgbm |
| validation | H_pub | 16.7864 | 40.0132 | 28.3998 | 6.0892 | 0.0 | 2040 | lgbm |
| validation | P | 14.7807 | 34.9562 | 24.8684 | 5.608 | 0.0 | 2040 | lgbm |
| validation | A2 | 15.0468 | 30.7976 | 22.9222 | 5.8802 | 0.0 | 2040 | lgbm |
| validation | A5 | 15.7201 | 35.9525 | 25.8363 | 5.9011 | 0.0 | 2040 | lgbm |
| validation | A4s | 15.1172 | 31.0443 | 23.0807 | 5.8962 | 0.0 | 2040 | lgbm |
| validation | A5c | 15.7459 | 36.2671 | 26.0065 | 5.9019 | 0.0 | 2040 | lgbm |
| dev_test | H_final | 2.4421 | 4.0389 | 3.2405 | 1.3355 | 0.2451 | 2040 | lgbm |
| dev_test | H_pub | 19.4158 | 41.7407 | 30.5782 | 7.1734 | 0.0 | 2040 | lgbm |
| dev_test | P | 18.1487 | 38.9878 | 28.5683 | 6.8617 | 0.0 | 2040 | lgbm |
| dev_test | A2 | 18.0413 | 36.7248 | 27.383 | 7.0043 | 0.0 | 2040 | lgbm |
| dev_test | A5 | 17.9259 | 36.6541 | 27.29 | 6.9536 | 0.0 | 2040 | lgbm |
| dev_test | A4s | 18.0806 | 36.7358 | 27.4082 | 7.0182 | 0.0 | 2040 | lgbm |
| dev_test | A5c | 17.9573 | 36.697 | 27.3272 | 6.9613 | 0.0 | 2040 | lgbm |

Development-test paired tests (system-wide daily regret, crore; negative = a better):

| a | b | metric | mean_diff | lo | hi | p_a_better | n_days | p_holm |
|---|---|---|---|---|---|---|---|---|
| A5 | A2 | mean system regret | -0.1153 | -0.4913 | 0.4162 | 0.2879 | 60 | 1.0 |
| A5 | A2 | tail days (either arm above its 90th pct) | -0.4336 |  |  |  | 8 |  |
| A5 | P | mean system regret | -0.2228 | -0.431 | 0.2138 | 0.1877 | 60 | 1.0 |
| A5 | P | tail days (either arm above its 90th pct) | -2.3605 |  |  |  | 7 |  |
| A5 | H_pub | mean system regret | -1.4898 | -2.1929 | -0.6129 | 0.0007091 | 60 | 0.0057 |
| A5 | H_pub | tail days (either arm above its 90th pct) | -4.4475 |  |  |  | 7 |  |
| A4s | A2 | mean system regret | 0.0394 | 0.0027 | 0.0761 | 0.9927 | 60 | 1.0 |
| A4s | A2 | tail days (either arm above its 90th pct) | 0.0109 |  |  |  | 6 |  |
| A4s | H_pub | mean system regret | -1.3351 | -2.2938 | -0.3613 | 0.0042 | 60 | 0.0296 |
| A4s | H_pub | tail days (either arm above its 90th pct) | -4.509 |  |  |  | 7 |  |
| A5c | A5 | mean system regret | 0.0314 | 0.0153 | 0.05 | 0.99 | 60 | 1.0 |
| A5c | A5 | tail days (either arm above its 90th pct) | 0.0429 |  |  |  | 6 |  |
| A4s | P | mean system regret | -0.0681 | -0.5435 | 0.4095 | 0.4094 | 60 | 1.0 |
| A4s | P | tail days (either arm above its 90th pct) | -1.9805 |  |  |  | 7 |  |
| A2 | P | mean system regret | -0.1074 | -0.5813 | 0.3654 | 0.3578 | 60 | 1.0 |
| A2 | P | tail days (either arm above its 90th pct) | -1.9834 |  |  |  | 7 |  |
| P | H_pub | mean system regret | -1.267 | -1.8838 | -0.6183 | 6.008e-05 | 60 | 0.0005407 |
| P | H_pub | tail days (either arm above its 90th pct) | -2.5285 |  |  |  | 7 |  |

Chain check — same arms with the round-1 selected forecaster:

| split | arm | system_mean_crore | system_cvar90_crore | J | deviation_energy_gwh_per_state_day | hard_limit_envelope_exceedance_share | n_state_days | source |
|---|---|---|---|---|---|---|---|---|
| validation | P | 14.7807 | 34.9562 | 24.8684 | 5.608 | 0.0 | 2040 | lgbm |
| validation | A2 | 15.0468 | 30.7976 | 22.9222 | 5.8802 | 0.0 | 2040 | lgbm |
| validation | A5 | 15.7201 | 35.9525 | 25.8363 | 5.9011 | 0.0 | 2040 | lgbm |
| dev_test | P | 18.1487 | 38.9878 | 28.5683 | 6.8617 | 0.0 | 2040 | lgbm |
| dev_test | A2 | 18.0413 | 36.7248 | 27.383 | 7.0043 | 0.0 | 2040 | lgbm |
| dev_test | A5 | 17.9259 | 36.6541 | 27.29 | 6.9536 | 0.0 | 2040 | lgbm |

=== rehearsal end rc=0 19s
=== rehearsal: d2_11_ppo.py --smoke
/Data3/<hpc-user>/.conda/envs/refused_h100/lib/python3.10/site-packages/stable_baselines3/common/on_policy_algorithm.py:150: UserWarning: You are trying to run PPO on the GPU, but it is primarily intended to run on the CPU when not using a CNN policy (you are using ActorCriticPolicy which should be a MlpPolicy). See https://github.com/DLR-RM/stable-baselines3/issues/1245 for more info. You can pass `device='cpu'` or `export CUDA_VISIBLE_DEVICES=` to force using the CPU.Note: The model will train, but the GPU utilization will be poor and the training might take longer than on CPU.
  warnings.warn(
PPO seed 0: validation J=23.647, dev_test J=28.314
# O5 round 2 — PPO arm (A1) with the round-2 forecaster

Forecast source `lgbm` (window 180 days), 2,000 steps per seed, 1 seeds, policy on the GPU. Seed chosen on validation J: 0.

| seed | split | system_mean_crore | system_cvar90_crore | J | seconds | selected_on_validation |
|---|---|---|---|---|---|---|
| 0 | validation | 14.429 | 32.8652 | 23.6471 | 9.6 | True |
| 0 | dev_test | 18.277 | 38.351 | 28.314 | 9.6 | True |

Development test, PPO against the other arms (negative = PPO better):

| a | b | metric | mean_diff | lo | hi | p_a_better | n_days |
|---|---|---|---|---|---|---|---|
| A1 (PPO) | H_final | mean system regret | 15.8349 | 12.6837 | 18.4677 | 1.0 | 60 |
| A1 (PPO) | H_pub | mean system regret | -1.1387 | -2.1377 | -0.4364 | 0.0067 | 60 |
| A1 (PPO) | P | mean system regret | 0.1283 | -0.3114 | 0.2715 | 0.6846 | 60 |
| A1 (PPO) | A2 | mean system regret | 0.2357 | -0.3847 | 0.3636 | 0.7778 | 60 |
| A1 (PPO) | A5 | mean system regret | 0.3511 | -0.3345 | 0.5317 | 0.8409 | 60 |
| A1 (PPO) | A4s | mean system regret | 0.1964 | -0.4094 | 0.3391 | 0.7378 | 60 |
| A1 (PPO) | A5c | mean system regret | 0.3197 | -0.3763 | 0.5042 | 0.8189 | 60 |

PPO round 2 done in 19s
=== rehearsal end rc=0 22s
=== rehearsal: c01_hypotheses.py 
# Pre-registered hypotheses — development rehearsal (FY2024-25, already seen; not a test)

Holm within family, Benjamini–Yekutieli across all primary tests. A hypothesis is supported when its Holm-adjusted p < 0.05 and its extra rule holds (CI side, all seeds, coverage band, zero violations).

Supported: 32 of 50.

| id | family | what | estimate | lo | hi | p | p_holm | p_by | decision | note |
|---|---|---|---|---|---|---|---|---|---|---|
| H1a | F1 | T1: final forecaster beats seasonal naive (scaled |e|, H pooled) | -0.4461 | -0.4952 | -0.3887 | 4.555e-67 | 5.01e-66 | 1.655e-65 | supported | seeds p<0.05: 5/5 |
| H1f-T1 | F1 | T1: final forecaster beats the round-1 selected model (lgbm) | -0.0406 | -0.0494 | -0.0279 | 7.237e-19 | 2.895e-18 | 1.012e-17 | supported |  |
| H2-T1 | F1 | T1: 80 % / 90 % coverage within ±5 points | 0.8017 | 0.8017 | 0.8981 |  |  |  | supported | cov80 0.802, cov90 0.898 |
| H3-T1 | F1 | T1: publication-latency cost > 0 (LightGBM, % MASE) | 15.6032 | -0.1393 | -0.1091 | 1.171e-71 | 1.405e-70 | 5.32e-70 | supported |  |
| H1b | F1 | T2: final forecaster beats seasonal naive (scaled |e|, H pooled) | -0.4152 | -0.4581 | -0.3713 | 1.361e-83 | 1.906e-82 | 1.237e-81 | supported | seeds p<0.05: 5/5 |
| H1f-T2 | F1 | T2: final forecaster beats the round-1 selected model (lgbm) | -0.04 | -0.0476 | -0.031 | 1.958e-28 | 9.79e-28 | 3.235e-27 | supported |  |
| H2-T2 | F1 | T2: 80 % / 90 % coverage within ±5 points | 0.8027 | 0.8027 | 0.9011 |  |  |  | supported | cov80 0.803, cov90 0.901 |
| H3-T2 | F1 | T2: publication-latency cost > 0 (LightGBM, % MASE) | 16.343 | -0.1458 | -0.1184 | 2.728e-88 | 4.092e-87 | 4.958e-86 | supported |  |
| H1c | F1 | T3: final forecaster beats seasonal naive (scaled |e|, H pooled) | -0.2432 | -0.2766 | -0.2107 | 1.936e-48 | 1.743e-47 | 5.026e-47 | supported | seeds p<0.05: 5/5 |
| H1f-T3 | F1 | T3: final forecaster beats the round-1 selected model (lgbm) | -0.0217 | -0.0293 | -0.0133 | 8.352e-12 | 1.67e-11 | 9.486e-11 | supported |  |
| H2-T3 | F1 | T3: 80 % / 90 % coverage within ±5 points | 0.8084 | 0.8084 | 0.9005 |  |  |  | supported | cov80 0.808, cov90 0.900 |
| H3-T3 | F1 | T3: publication-latency cost > 0 (LightGBM, % MASE) | 26.8933 | -0.1774 | -0.1479 | 6.933e-81 | 9.013e-80 | 4.2e-79 | supported |  |
| H1d | F1 | T4: final forecaster beats seasonal naive (scaled |e|, H pooled) | -0.2701 | -0.3119 | -0.2301 | 1.002e-43 | 8.015e-43 | 2.276e-42 | supported | seeds p<0.05: 5/5 |
| H1f-T4 | F1 | T4: final forecaster beats the round-1 selected model (chronos) | -0.0513 | -0.062 | -0.0354 | 6.365e-14 | 1.909e-13 | 7.711e-13 | supported |  |
| H2-T4 | F1 | T4: 80 % / 90 % coverage within ±5 points | 0.7974 | 0.7974 | 0.8988 |  |  |  | supported | cov80 0.797, cov90 0.899 |
| H3-T4 | F1 | T4: publication-latency cost > 0 (LightGBM, % MASE) | 18.0887 | -0.1551 | -0.1149 | 8.074e-51 | 8.074e-50 | 2.445e-49 | supported |  |
| H1e | F1 | T5: final forecaster beats seasonal naive (scaled |e|, H pooled) | -0.1603 | -0.2892 | -0.0271 | 0.000339 | 0.000339 | 0.0029 | supported | seeds p<0.05: 5/5 |
| H1f-T5 | F1 | T5: final forecaster beats the round-1 selected model (bilstm) | -0.4471 | -0.5605 | -0.3304 | 1.026e-28 | 6.157e-28 | 1.865e-27 | supported |  |
| H2-T5 | F1 | T5: 80 % / 90 % coverage within ±5 points | 0.8429 | 0.8429 | 0.9358 |  |  |  | supported | cov80 0.843, cov90 0.936 |
| H3-T5 | F1 | T5: publication-latency cost > 0 (LightGBM, % MASE) | 148.7752 | -1.0047 | -0.6233 | 2.891e-33 | 2.024e-32 | 5.838e-32 | supported |  |
| H4-T1 | F2 | T1: gated (sd) beats matched fusion (sd), pinball | -0.0042 | -0.0064 | -0.0018 | 1.23e-06 | 1.722e-05 | 1.315e-05 | supported |  |
| H4-T2 | F2 | T2: gated (sd) beats matched fusion (sd), pinball | -0.0063 | -0.0088 | -0.0042 | 2.988e-14 | 4.482e-13 | 3.879e-13 | supported |  |
| H4-T3 | F2 | T3: gated (sd) beats matched fusion (sd), pinball | -0.0026 | -0.0042 | -0.0011 | 2.407e-05 | 0.000313 | 0.0002431 | supported |  |
| H4-T4 | F2 | T4: gated (sd) beats matched fusion (sd), pinball | 0.0017 | -0.0007893 | 0.0044 | 0.9633 | 1.0 | 1.0 | not supported |  |
| H4-T5 | F2 | T5: gated (sd) beats matched fusion (sd), pinball | 0.0152 | 0.0083 | 0.0243 | 1.0 | 1.0 | 1.0 | not supported |  |
| H5-T1 | F2 | T1: real context beats null and shuffled context, pinball | 0.0024 |  | 0.0086 | 0.8275 | 1.0 | 1.0 | not supported | larger of the two p values |
| H5-T2 | F2 | T2: real context beats null and shuffled context, pinball | -0.0026 |  | 0.0014 | 0.0542 | 0.4877 | 0.3517 | not supported | larger of the two p values |
| H5-T5 | F2 | T5: real context beats null and shuffled context, pinball | -0.0147 |  | 0.0166 | 0.0657 | 0.5258 | 0.4118 | not supported | larger of the two p values |
| H6-T1 | F2 | T1: online time-adaptive gate lowers scaled |e| | -0.0138 | -0.022 | -0.0032 | 7.694e-05 | 0.0009233 | 0.0007359 | supported |  |
| H6-T2 | F2 | T2: online time-adaptive gate lowers scaled |e| | -0.0118 | -0.0198 | -0.0029 | 0.0002095 | 0.0023 | 0.0019 | supported |  |
| H6-T3 | F2 | T3: online time-adaptive gate lowers scaled |e| | -0.0004677 | -0.0063 | 0.006 | 0.419 | 1.0 | 1.0 | not supported |  |
| H6-T4 | F2 | T4: online time-adaptive gate lowers scaled |e| | 0.0065 | -0.0007163 | 0.0142 | 0.9881 | 1.0 | 1.0 | not supported |  |
| H6-T5 | F2 | T5: online time-adaptive gate lowers scaled |e| | -0.5098 | -0.6594 | -0.3692 | 4.635e-24 | 7.416e-23 | 7.019e-23 | supported |  |
| H7-T1 | F2 | T1: gated model loses less than fusion when RE and weather go missing | 0.0122 | 0.0055 | 0.019 | 1.0 | 1.0 | 1.0 | not supported |  |
| H7-T2 | F2 | T2: gated model loses less than fusion when RE and weather go missing | 0.018 | 0.0112 | 0.0252 | 1.0 | 1.0 | 1.0 | not supported |  |
| H8-T3 | F2 | T3: carbon block improves pinball loss | -0.0011 | -0.0019 | -0.0001782 | 0.0035 | 0.0353 | 0.0268 | supported |  |
| H8-T1 | F2 | T1: carbon block does not worsen pinball (margin 1 %) | -0.0004634 | -0.0017 | 0.0011 |  |  |  | supported | margin 0.0029 |
| H8-T2 | F2 | T2: carbon block does not worsen pinball (margin 1 %) | -0.0061 | -0.0088 | -0.0039 |  |  |  | supported | margin 0.0029 |
| H9 | F3 | assessment A ranks consequences better than M0 within M0 deciles | 0.02 | -0.0053 | 0.0447 | 0.0498 | 0.0997 | 0.3354 | not supported |  |
| H10 | F3 | forecast information beats the shuffled placebo (95th percentile) | -0.0058 |  | 0.0199 | 0.9608 | 0.9608 | 1.0 | not supported |  |
| H11a | F4 | A4s has lower tail-day system regret than A2 | 0.0555 | 0.0205 | 0.0941 | 0.998 | 1.0 | 1.0 | not supported |  |
| H11c | F4 | A4s has lower tail-day system regret than P | -1.8494 | -3.0458 | -0.4736 | 0.0035 | 0.0175 | 0.0268 | supported |  |
| H11d | F4 | A5 has lower tail-day system regret than A2 | 1.0573 | 0.2873 | 1.727 | 0.9975 | 1.0 | 1.0 | not supported |  |
| H11e | F4 | A5 has lower tail-day system regret than P | -0.875 | -1.661 | -0.0228 | 0.02 | 0.06 | 0.1397 | not supported |  |
| H11f | F4 | PPO (A1) has lower mean system regret than A2 | -0.2861 | -0.5266 | -0.0663 | 0.0019 | 0.0113 | 0.0155 | supported |  |
| H11g | F4 | PPO (A1) has lower mean system regret than P | -0.2759 | -0.5688 | -0.0109 | 0.013 | 0.0522 | 0.0948 | not supported |  |
| H12 | F4 | no decision arm breaks the hard limits | 0.0 |  |  |  |  |  | supported | largest share of State-days outside the limits over all arms |
| H13-OTG vs fixed | F5 | PART sign agreement > 1/2 (OTG vs fixed) | 0.5333 |  |  | 0.5 | 1.0 | 1.0 | not supported | 8/15 cells |
| H13-instance vs fixed | F5 | PART sign agreement > 1/2 (instance vs fixed) | 0.4667 |  |  | 0.6964 | 1.0 | 1.0 | not supported | 7/15 cells |
| H13-regime vs fixed | F5 | PART sign agreement > 1/2 (regime vs fixed) | 0.2667 |  |  | 0.9824 | 1.0 | 1.0 | not supported | 4/15 cells |

=== rehearsal end rc=0 1s
REHEARSAL_OK
===== c_rehearsal end 2026-09-18T10:07:45 rc=0 seconds=140
