job 31783.master on master at 2026-09-17T18:24:12+05:30; python /Data3/<hpc-user>/.conda/envs/refused_h100/bin/python
no free MIG instance yet (try 1), waiting 60 s
CUDA_VISIBLE_DEVICES=MIG-4d38d5cf-c802-5308-80b8-251f3cec7480
GPU 0: NVIDIA H100 NVL (UUID: GPU-28bcc0ad-8e90-efc9-645e-b546abe3fefc)
  MIG 3g.47gb     Device  0: (UUID: MIG-4d38d5cf-c802-5308-80b8-251f3cec7480)
  MIG 3g.47gb     Device  1: (UUID: MIG-9b919b48-2562-5791-8778-080ddb153351)
GPU 1: NVIDIA H100 NVL (UUID: GPU-6f505f9b-9b65-a96d-bd8c-8c8671f72cda)
  MIG 3g.47gb     Device  0: (UUID: MIG-2f219700-5dc6-59eb-81ef-2bb9414d3ec0)
  MIG 3g.47gb     Device  1: (UUID: MIG-569925cc-5048-5da0-9de5-70d720535aba)
GPU 2: NVIDIA H100 PCIe (UUID: GPU-63af0eea-3926-506e-5128-9a7f8af88ea6)
  MIG 3g.40gb     Device  0: (UUID: MIG-c747c071-8b61-5993-a5e0-33f4b566bd6e)
  MIG 3g.40gb     Device  1: (UUID: MIG-110b5c2d-162d-5ada-814c-2aef6f9812f1)
GPU 3: NVIDIA H100 PCIe (UUID: GPU-a2ee61d0-205e-2913-d3f8-10c7e81b6304)
  MIG 3g.40gb     Device  0: (UUID: MIG-5eef67d0-7e58-5016-8973-1bf2618f6d54)
  MIG 3g.40gb     Device  1: (UUID: MIG-98a11fbb-7fcd-5fc9-b30f-f199445f5ddb)
GPU 4: NVIDIA H100 NVL (UUID: GPU-f950c0e9-ae75-9970-ac82-b1a4bf5d4299)
  MIG 1g.24gb     Device  0: (UUID: MIG-004fd09c-9a79-5488-bc35-54fb8de861f1)
  MIG 1g.24gb     Device  1: (UUID: MIG-32c916d8-1eff-5d16-963e-c216a6b6ba8e)
  MIG 1g.24gb     Device  2: (UUID: MIG-c7e12075-054a-5bc9-89e9-896eab5f7528)
  MIG 1g.24gb     Device  3: (UUID: MIG-120f9b9b-0801-5682-9fd3-e1539b9823c6)
GPU 5: NVIDIA H100 NVL (UUID: GPU-e1df975a-3c1b-ed1f-8803-08f5c22da8ae)
GPU 6: NVIDIA H100 NVL (UUID: GPU-494e58c5-04f6-cd47-44b4-50803c2dfacb)
GPU 7: NVIDIA H100 NVL (UUID: GPU-20df829c-b962-445a-1248-1e4e638cbc38)
[2026-09-17T18:25:21] GPU: NVIDIA H100 NVL MIG 3g.47gb (MIG-4d38d5cf-c802-5308-80b8-251f3cec7480), torch 2.5.1+cu121
[2026-09-17T18:25:21] start o3_evaluate [cpu] codes/scripts/o3/o3_02_evaluate.py
T1 O3 evaluated: ['fusion_fixed', 'fusion_fixed+otg', 'fusion_fixed_L1j', 'market_only', 'market_only+otg', 'mcag_fixed', 'mcag_fixed+otg', 'mcag_instance', 'mcag_instance+otg', 'mcag_instance_L1j', 'mcag_regime', 'mcag_regime+otg', 'no_carbon', 'no_carbon+otg', 'null_context', 'null_context+otg', 'permuted_context', 'permuted_context+otg']
T2 O3 evaluated: ['fusion_fixed', 'fusion_fixed+otg', 'fusion_fixed_L1j', 'market_only', 'market_only+otg', 'mcag_fixed', 'mcag_fixed+otg', 'mcag_instance', 'mcag_instance+otg', 'mcag_instance_L1j', 'mcag_regime', 'mcag_regime+otg', 'no_carbon', 'no_carbon+otg', 'null_context', 'null_context+otg', 'permuted_context', 'permuted_context+otg']
T3 O3 evaluated: ['fusion_fixed', 'fusion_fixed+otg', 'mcag_fixed', 'mcag_fixed+otg', 'mcag_instance', 'mcag_instance+otg', 'mcag_regime', 'mcag_regime+otg', 'no_carbon', 'no_carbon+otg']
T4 O3 evaluated: ['fusion_fixed', 'fusion_fixed+otg', 'mcag_fixed', 'mcag_fixed+otg', 'mcag_instance', 'mcag_instance+otg', 'mcag_regime', 'mcag_regime+otg']
T5 O3 evaluated: ['fusion_fixed', 'fusion_fixed+otg', 'market_only', 'market_only+otg', 'mcag_fixed', 'mcag_fixed+otg', 'mcag_instance', 'mcag_instance+otg', 'mcag_regime', 'mcag_regime+otg', 'null_context', 'null_context+otg', 'permuted_context', 'permuted_context+otg']
[2026-09-17T18:31:15] end o3_evaluate rc=0 354s
[2026-09-17T18:31:15] start prereg_fill [cpu] codes/scripts/prereg/fill_prereg.py
written 02_design/02_preregistration.md; review before freezing
[2026-09-17T18:31:15] end prereg_fill rc=0 0s
[2026-09-17T18:31:15] start report [cpu] run_all.py _internal report
# RefusedH100 run summary

Written 2026-09-17T18:31:15 on master.

| stage | queue | state | seconds | host | PBS job | log |
|---|---|---|---|---|---|---|
| env_check | cpu | done | 2.7 | master | 31748.master | logs/stages/env_check.log |
| leakage_test | cpu | done | 11.8 | master | 31748.master | logs/stages/leakage_test.log |
| o2_samples | cpu | done | 23.4 | master | 31748.master | logs/stages/o2_samples.log |
| o2_patchtst | gpu | done | 365.7 | master | 31770.master | logs/stages/o2_patchtst.log |
| o2_tft | gpu | done | 896.9 | master | 31770.master | logs/stages/o2_tft.log |
| o2_bilstm | gpu | done | 132.1 | master | 31770.master | logs/stages/o2_bilstm.log |
| o2_chronos | gpu | done | 60.5 | master | 31770.master | logs/stages/o2_chronos.log |
| o3_main | gpu | done | 1547.3 | master | 31772.master | logs/stages/o3_main.log |
| o3_ablation | gpu | done | 625.2 | master | 31772.master | logs/stages/o3_ablation.log |
| o3_ablation2 | gpu | done | 229.0 | master | 31772.master | logs/stages/o3_ablation2.log |
| o2_lgbm | cpu | done | 1599.6 | master | 31772.master | logs/stages/o2_lgbm.log |
| o2_evaluate | cpu | done | 1062.6 | master | 31772.master | logs/stages/o2_evaluate.log |
| o4 | cpu | done | 464.1 | master | 31772.master | logs/stages/o4.log |
| o5_rules | cpu | done | 458.3 | master | 31772.master | logs/stages/o5_rules.log |
| o5_ppo | gpu | done | 1727.2 | master | 31772.master | logs/stages/o5_ppo.log |
| o3_evaluate | cpu | done | 354.5 | master | 31783.master | logs/stages/o3_evaluate.log |
| data_paper_numbers | cpu | done | 0.0 | master | 31752.master | logs/stages/data_paper_numbers.log |
| data_paper_figures | cpu | done | 10.0 | master | 31752.master | logs/stages/data_paper_figures.log |
| build_b01_psp | cpu | done | 35.4 | master | 31752.master | logs/stages/build_b01_psp.log |
| build_b02_dsm | cpu | done | 186.5 | master | 31772.master | logs/stages/build_b02_dsm.log |
| build_b03_npp | cpu | done | 62.3 | master | 31772.master | logs/stages/build_b03_npp.log |
| build_b04_re | cpu | done | 38.6 | master | 31772.master | logs/stages/build_b04_re.log |
| build_b05_co2 | cpu | done | 4.3 | master | 31772.master | logs/stages/build_b05_co2.log |
| build_b06_imd | cpu | done | 4.5 | master | 31772.master | logs/stages/build_b06_imd.log |
| build_b07_panel | cpu | done | 4.2 | master | 31772.master | logs/stages/build_b07_panel.log |
| build_b08_validation | cpu | done | 8.6 | master | 31772.master | logs/stages/build_b08_validation.log |
| build_verify | cpu | done | 0.0 | master | 31772.master | logs/stages/build_verify.log |
| prereg_fill | cpu | done | 0.0 | master | 31783.master | logs/stages/prereg_fill.log |
| report | cpu | todo |  |  |  |  |
[2026-09-17T18:31:15] end report rc=0 0s
[2026-09-17T18:31:15] ALL_REQUESTED_STAGES_DONE o3_evaluate,prereg_fill,report
