[2026-09-18T16:11:59] GPU: NVIDIA H100 NVL MIG 3g.47gb (MIG-4d38d5cf-c802-5308-80b8-251f3cec7480), torch 2.5.1+cu121
[2026-09-18T16:11:59] start c_leakage [cpu] codes/tests/test_leakage.py
/Data3/<hpc-user>/RefusedH100/codes/tests/test_leakage.py:25: FutureWarning: Setting an item of incompatible dtype is deprecated and will raise an error in a future version of pandas. Value '[1.90982576 1.21580768 2.43722026 ... 7.55995688 3.26744694 1.34864562]' has dtype incompatible with int32, please explicitly cast to a compatible dtype first.
  Q.loc[m, c] = Q.loc[m, c] * rng.uniform(0.5, 1.5, m.sum()) + rng.normal(0, 1, m.sum())
/Data3/<hpc-user>/RefusedH100/codes/tests/test_leakage.py:25: FutureWarning: Setting an item of incompatible dtype is deprecated and will raise an error in a future version of pandas. Value '[8.82396342 5.40922923 6.27649676 ... 7.01643583 9.04779422 4.53729805]' has dtype incompatible with int32, please explicitly cast to a compatible dtype first.
  Q.loc[m, c] = Q.loc[m, c] * rng.uniform(0.5, 1.5, m.sum()) + rng.normal(0, 1, m.sum())
/Data3/<hpc-user>/RefusedH100/codes/tests/test_leakage.py:25: FutureWarning: Setting an item of incompatible dtype is deprecated and will raise an error in a future version of pandas. Value '[212.69991124 245.91916574 275.41529975 ... 133.7091929  310.09083769
 195.95226028]' has dtype incompatible with int32, please explicitly cast to a compatible dtype first.
  Q.loc[m, c] = Q.loc[m, c] * rng.uniform(0.5, 1.5, m.sum()) + rng.normal(0, 1, m.sum())
/Data3/<hpc-user>/RefusedH100/codes/tests/test_leakage.py:25: FutureWarning: Setting an item of incompatible dtype is deprecated and will raise an error in a future version of pandas. Value '[2637.03085215 1518.89095688 2549.69927736 ... 2022.03427746 2044.71271773
 2994.90409927]' has dtype incompatible with int32, please explicitly cast to a compatible dtype first.
  Q.loc[m, c] = Q.loc[m, c] * rng.uniform(0.5, 1.5, m.sum()) + rng.normal(0, 1, m.sum())
T1 τ=2024-07-15: 102 rows, 113 feature/anchor columns unchanged; targets changed as expected (max |Δy| = 200.74)
/Data3/<hpc-user>/RefusedH100/codes/tests/test_leakage.py:25: FutureWarning: Setting an item of incompatible dtype is deprecated and will raise an error in a future version of pandas. Value '[ 0.01130186  1.54748689 -0.02146333 ...  6.88296225  5.67022537
  0.15842058]' has dtype incompatible with int32, please explicitly cast to a compatible dtype first.
  Q.loc[m, c] = Q.loc[m, c] * rng.uniform(0.5, 1.5, m.sum()) + rng.normal(0, 1, m.sum())
/Data3/<hpc-user>/RefusedH100/codes/tests/test_leakage.py:25: FutureWarning: Setting an item of incompatible dtype is deprecated and will raise an error in a future version of pandas. Value '[ 5.24727559  7.08182522 11.42342415 ...  3.75495106 11.06214832
  5.04885156]' has dtype incompatible with int32, please explicitly cast to a compatible dtype first.
  Q.loc[m, c] = Q.loc[m, c] * rng.uniform(0.5, 1.5, m.sum()) + rng.normal(0, 1, m.sum())
/Data3/<hpc-user>/RefusedH100/codes/tests/test_leakage.py:25: FutureWarning: Setting an item of incompatible dtype is deprecated and will raise an error in a future version of pandas. Value '[429.94494322 189.27623639 186.36022425 ... 151.72881898 320.43820511
 261.78403399]' has dtype incompatible with int32, please explicitly cast to a compatible dtype first.
  Q.loc[m, c] = Q.loc[m, c] * rng.uniform(0.5, 1.5, m.sum()) + rng.normal(0, 1, m.sum())
/Data3/<hpc-user>/RefusedH100/codes/tests/test_leakage.py:25: FutureWarning: Setting an item of incompatible dtype is deprecated and will raise an error in a future version of pandas. Value '[2487.47316126 1564.51471089 2375.32154425 ... 2680.03754924 1820.97732486
 2922.3397661 ]' has dtype incompatible with int32, please explicitly cast to a compatible dtype first.
  Q.loc[m, c] = Q.loc[m, c] * rng.uniform(0.5, 1.5, m.sum()) + rng.normal(0, 1, m.sum())
T2 τ=2025-11-02: 102 rows, 113 feature/anchor columns unchanged; targets changed as expected (max |Δy| = 93.07)
/Data3/<hpc-user>/RefusedH100/codes/tests/test_leakage.py:25: FutureWarning: Setting an item of incompatible dtype is deprecated and will raise an error in a future version of pandas. Value '[-1.16246716  2.54084978  2.13164882 ...  3.23572158  3.04071415
 -0.42200648]' has dtype incompatible with int32, please explicitly cast to a compatible dtype first.
  Q.loc[m, c] = Q.loc[m, c] * rng.uniform(0.5, 1.5, m.sum()) + rng.normal(0, 1, m.sum())
/Data3/<hpc-user>/RefusedH100/codes/tests/test_leakage.py:25: FutureWarning: Setting an item of incompatible dtype is deprecated and will raise an error in a future version of pandas. Value '[2.70521355 0.73040733 2.29791269 ... 3.69992035 7.55104967 6.70910537]' has dtype incompatible with int32, please explicitly cast to a compatible dtype first.
  Q.loc[m, c] = Q.loc[m, c] * rng.uniform(0.5, 1.5, m.sum()) + rng.normal(0, 1, m.sum())
/Data3/<hpc-user>/RefusedH100/codes/tests/test_leakage.py:25: FutureWarning: Setting an item of incompatible dtype is deprecated and will raise an error in a future version of pandas. Value '[ 23.61665669  11.43690091  30.99357081 ... 199.69100472 297.85164055
 134.53208879]' has dtype incompatible with int32, please explicitly cast to a compatible dtype first.
  Q.loc[m, c] = Q.loc[m, c] * rng.uniform(0.5, 1.5, m.sum()) + rng.normal(0, 1, m.sum())
/Data3/<hpc-user>/RefusedH100/codes/tests/test_leakage.py:25: FutureWarning: Setting an item of incompatible dtype is deprecated and will raise an error in a future version of pandas. Value '[2152.4018417  2189.02092765 2768.21229552 ... 2990.4639308  2801.36218009
 1222.42009959]' has dtype incompatible with int32, please explicitly cast to a compatible dtype first.
  Q.loc[m, c] = Q.loc[m, c] * rng.uniform(0.5, 1.5, m.sum()) + rng.normal(0, 1, m.sum())
T3 τ=2025-01-20: 81 rows, 113 feature/anchor columns unchanged; targets changed as expected (max |Δy| = 188.75)
/Data3/<hpc-user>/RefusedH100/codes/tests/test_leakage.py:25: FutureWarning: Setting an item of incompatible dtype is deprecated and will raise an error in a future version of pandas. Value '[3.82502663 5.04157511 7.05237515 ... 5.34577818 4.94293472 0.54860935]' has dtype incompatible with int32, please explicitly cast to a compatible dtype first.
  Q.loc[m, c] = Q.loc[m, c] * rng.uniform(0.5, 1.5, m.sum()) + rng.normal(0, 1, m.sum())
/Data3/<hpc-user>/RefusedH100/codes/tests/test_leakage.py:25: FutureWarning: Setting an item of incompatible dtype is deprecated and will raise an error in a future version of pandas. Value '[10.65208159 17.46556741 16.8059958  ...  9.50012949  7.41149907
  7.6067056 ]' has dtype incompatible with int32, please explicitly cast to a compatible dtype first.
  Q.loc[m, c] = Q.loc[m, c] * rng.uniform(0.5, 1.5, m.sum()) + rng.normal(0, 1, m.sum())
/Data3/<hpc-user>/RefusedH100/codes/tests/test_leakage.py:25: FutureWarning: Setting an item of incompatible dtype is deprecated and will raise an error in a future version of pandas. Value '[348.33677331 509.44352278 429.11442112 ... 225.24544947 298.21072849
 170.41506049]' has dtype incompatible with int32, please explicitly cast to a compatible dtype first.
  Q.loc[m, c] = Q.loc[m, c] * rng.uniform(0.5, 1.5, m.sum()) + rng.normal(0, 1, m.sum())
/Data3/<hpc-user>/RefusedH100/codes/tests/test_leakage.py:25: FutureWarning: Setting an item of incompatible dtype is deprecated and will raise an error in a future version of pandas. Value '[1678.35180797 2088.73776611 2419.70658349 ... 1564.54107178 2951.98726292
 2085.57401435]' has dtype incompatible with int32, please explicitly cast to a compatible dtype first.
  Q.loc[m, c] = Q.loc[m, c] * rng.uniform(0.5, 1.5, m.sum()) + rng.normal(0, 1, m.sum())
T4 τ=2024-12-05: 48 rows, 113 feature/anchor columns unchanged; targets changed as expected (max |Δy| = 52.69)
/Data3/<hpc-user>/RefusedH100/codes/tests/test_leakage.py:25: FutureWarning: Setting an item of incompatible dtype is deprecated and will raise an error in a future version of pandas. Value '[ 2.66786152  3.19972296  4.76148738 ...  5.55981129  3.83308062
 -0.16472554]' has dtype incompatible with int32, please explicitly cast to a compatible dtype first.
  Q.loc[m, c] = Q.loc[m, c] * rng.uniform(0.5, 1.5, m.sum()) + rng.normal(0, 1, m.sum())
/Data3/<hpc-user>/RefusedH100/codes/tests/test_leakage.py:25: FutureWarning: Setting an item of incompatible dtype is deprecated and will raise an error in a future version of pandas. Value '[ 7.34878066  7.67043593  6.48865545 ... 12.09238768  5.38801115
 10.32858885]' has dtype incompatible with int32, please explicitly cast to a compatible dtype first.
  Q.loc[m, c] = Q.loc[m, c] * rng.uniform(0.5, 1.5, m.sum()) + rng.normal(0, 1, m.sum())
/Data3/<hpc-user>/RefusedH100/codes/tests/test_leakage.py:25: FutureWarning: Setting an item of incompatible dtype is deprecated and will raise an error in a future version of pandas. Value '[ 83.49381193 164.97877178 112.5098402  ... 291.99139915 231.00954661
 237.0791302 ]' has dtype incompatible with int32, please explicitly cast to a compatible dtype first.
  Q.loc[m, c] = Q.loc[m, c] * rng.uniform(0.5, 1.5, m.sum()) + rng.normal(0, 1, m.sum())
/Data3/<hpc-user>/RefusedH100/codes/tests/test_leakage.py:25: FutureWarning: Setting an item of incompatible dtype is deprecated and will raise an error in a future version of pandas. Value '[2216.04165572 3016.66884222 2173.44504272 ... 2551.94438469 1737.41658856
 1344.77698877]' has dtype incompatible with int32, please explicitly cast to a compatible dtype first.
  Q.loc[m, c] = Q.loc[m, c] * rng.uniform(0.5, 1.5, m.sum()) + rng.normal(0, 1, m.sum())
T5 τ=2025-06-10: 39 rows, 62 feature/anchor columns unchanged; targets changed as expected (max |Δy| = 2657.50)
LEAKAGE TEST PASSED (5 targets)
[2026-09-18T16:12:13] end c_leakage rc=0 14s
[2026-09-18T16:12:13] ALL_REQUESTED_STAGES_DONE c_leakage
[2026-09-18T16:12:15] GPU: NVIDIA H100 NVL MIG 3g.47gb (MIG-4d38d5cf-c802-5308-80b8-251f3cec7480), torch 2.5.1+cu121
[2026-09-18T16:12:15] start paper_dev_check [cpu] codes/scripts/paper/make_paper_outputs.py
360 macros written
fig_accuracy done
fig_latency_coverage done
fig_gating done
fig_regret done
fig_assessment done
[2026-09-18T16:12:17] end paper_dev_check rc=0 2s
[2026-09-18T16:12:17] start c_paper [cpu] codes/scripts/paper/make_paper_outputs.py
372 macros written
fig_accuracy done
fig_latency_coverage done
fig_gating done
fig_regret done
fig_assessment done
[2026-09-18T16:12:19] end c_paper rc=0 2s
[2026-09-18T16:12:19] ALL_REQUESTED_STAGES_DONE paper_dev_check,c_paper
