job 31770.master on master at 2026-09-17T15:01:33+05:30; python /Data3/<hpc-user>/.conda/envs/refused_h100/bin/python
CUDA_VISIBLE_DEVICES=MIG-4d38d5cf-c802-5308-80b8-251f3cec7480
GPU 0: NVIDIA H100 NVL (UUID: GPU-28bcc0ad-8e90-efc9-645e-b546abe3fefc)
  MIG 3g.47gb     Device  0: (UUID: MIG-4d38d5cf-c802-5308-80b8-251f3cec7480)
  MIG 3g.47gb     Device  1: (UUID: MIG-9b919b48-2562-5791-8778-080ddb153351)
GPU 1: NVIDIA H100 NVL (UUID: GPU-6f505f9b-9b65-a96d-bd8c-8c8671f72cda)
  MIG 3g.47gb     Device  0: (UUID: MIG-2f219700-5dc6-59eb-81ef-2bb9414d3ec0)
  MIG 3g.47gb     Device  1: (UUID: MIG-569925cc-5048-5da0-9de5-70d720535aba)
GPU 2: NVIDIA H100 PCIe (UUID: GPU-63af0eea-3926-506e-5128-9a7f8af88ea6)
  MIG 3g.40gb     Device  0: (UUID: MIG-c747c071-8b61-5993-a5e0-33f4b566bd6e)
  MIG 3g.40gb     Device  1: (UUID: MIG-110b5c2d-162d-5ada-814c-2aef6f9812f1)
GPU 3: NVIDIA H100 PCIe (UUID: GPU-a2ee61d0-205e-2913-d3f8-10c7e81b6304)
  MIG 3g.40gb     Device  0: (UUID: MIG-5eef67d0-7e58-5016-8973-1bf2618f6d54)
  MIG 3g.40gb     Device  1: (UUID: MIG-98a11fbb-7fcd-5fc9-b30f-f199445f5ddb)
GPU 4: NVIDIA H100 NVL (UUID: GPU-f950c0e9-ae75-9970-ac82-b1a4bf5d4299)
  MIG 1g.24gb     Device  0: (UUID: MIG-004fd09c-9a79-5488-bc35-54fb8de861f1)
  MIG 1g.24gb     Device  1: (UUID: MIG-32c916d8-1eff-5d16-963e-c216a6b6ba8e)
  MIG 1g.24gb     Device  2: (UUID: MIG-c7e12075-054a-5bc9-89e9-896eab5f7528)
  MIG 1g.24gb     Device  3: (UUID: MIG-120f9b9b-0801-5682-9fd3-e1539b9823c6)
GPU 5: NVIDIA H100 NVL (UUID: GPU-e1df975a-3c1b-ed1f-8803-08f5c22da8ae)
GPU 6: NVIDIA H100 NVL (UUID: GPU-494e58c5-04f6-cd47-44b4-50803c2dfacb)
GPU 7: NVIDIA H100 NVL (UUID: GPU-20df829c-b962-445a-1248-1e4e638cbc38)
[2026-09-17T15:01:38] GPU: NVIDIA H100 NVL MIG 3g.47gb (MIG-4d38d5cf-c802-5308-80b8-251f3cec7480), torch 2.5.1+cu121
[2026-09-17T15:01:38] start o2_patchtst [gpu] codes/scripts/o2/o2_03_nf.py patchtst T1,T2,T3,T4,T5 5
Seed set to 0
GPU available: True (cuda), used: True
TPU available: False, using: 0 TPU cores
You are using a CUDA device ('NVIDIA H100 NVL MIG 3g.47gb') that has Tensor Cores. To properly utilize them, you should set `torch.set_float32_matmul_precision('medium' | 'high')` which will trade-off precision for performance. For more details, read https://pytorch.org/docs/stable/generated/torch.set_float32_matmul_precision.html#torch.set_float32_matmul_precision
LOCAL_RANK: 0 - CUDA_VISIBLE_DEVICES: [MIG-4d38d5cf-c802-5308-80b8-251f3cec7480]
`Trainer.fit` stopped: `max_steps=1500` reached.
GPU available: True (cuda), used: True
TPU available: False, using: 0 TPU cores
LOCAL_RANK: 0 - CUDA_VISIBLE_DEVICES: [MIG-4d38d5cf-c802-5308-80b8-251f3cec7480]
  patchtst T1 seed 0: 74358 rows [18s]
Seed set to 1
GPU available: True (cuda), used: True
TPU available: False, using: 0 TPU cores
LOCAL_RANK: 0 - CUDA_VISIBLE_DEVICES: [MIG-4d38d5cf-c802-5308-80b8-251f3cec7480]
`Trainer.fit` stopped: `max_steps=1500` reached.
GPU available: True (cuda), used: True
TPU available: False, using: 0 TPU cores
LOCAL_RANK: 0 - CUDA_VISIBLE_DEVICES: [MIG-4d38d5cf-c802-5308-80b8-251f3cec7480]
  patchtst T1 seed 1: 74358 rows [34s]
Seed set to 2
GPU available: True (cuda), used: True
TPU available: False, using: 0 TPU cores
LOCAL_RANK: 0 - CUDA_VISIBLE_DEVICES: [MIG-4d38d5cf-c802-5308-80b8-251f3cec7480]
`Trainer.fit` stopped: `max_steps=1500` reached.
GPU available: True (cuda), used: True
TPU available: False, using: 0 TPU cores
LOCAL_RANK: 0 - CUDA_VISIBLE_DEVICES: [MIG-4d38d5cf-c802-5308-80b8-251f3cec7480]
  patchtst T1 seed 2: 74358 rows [49s]
Seed set to 3
GPU available: True (cuda), used: True
TPU available: False, using: 0 TPU cores
LOCAL_RANK: 0 - CUDA_VISIBLE_DEVICES: [MIG-4d38d5cf-c802-5308-80b8-251f3cec7480]
`Trainer.fit` stopped: `max_steps=1500` reached.
GPU available: True (cuda), used: True
TPU available: False, using: 0 TPU cores
LOCAL_RANK: 0 - CUDA_VISIBLE_DEVICES: [MIG-4d38d5cf-c802-5308-80b8-251f3cec7480]
  patchtst T1 seed 3: 74358 rows [65s]
Seed set to 4
GPU available: True (cuda), used: True
TPU available: False, using: 0 TPU cores
LOCAL_RANK: 0 - CUDA_VISIBLE_DEVICES: [MIG-4d38d5cf-c802-5308-80b8-251f3cec7480]
`Trainer.fit` stopped: `max_steps=1500` reached.
GPU available: True (cuda), used: True
TPU available: False, using: 0 TPU cores
LOCAL_RANK: 0 - CUDA_VISIBLE_DEVICES: [MIG-4d38d5cf-c802-5308-80b8-251f3cec7480]
  patchtst T1 seed 4: 74358 rows [82s]
patchtst T1 done 83s
Seed set to 0
GPU available: True (cuda), used: True
TPU available: False, using: 0 TPU cores
LOCAL_RANK: 0 - CUDA_VISIBLE_DEVICES: [MIG-4d38d5cf-c802-5308-80b8-251f3cec7480]
`Trainer.fit` stopped: `max_steps=1500` reached.
GPU available: True (cuda), used: True
TPU available: False, using: 0 TPU cores
LOCAL_RANK: 0 - CUDA_VISIBLE_DEVICES: [MIG-4d38d5cf-c802-5308-80b8-251f3cec7480]
  patchtst T2 seed 0: 74358 rows [16s]
Seed set to 1
GPU available: True (cuda), used: True
TPU available: False, using: 0 TPU cores
LOCAL_RANK: 0 - CUDA_VISIBLE_DEVICES: [MIG-4d38d5cf-c802-5308-80b8-251f3cec7480]
GPU available: True (cuda), used: True
TPU available: False, using: 0 TPU cores
LOCAL_RANK: 0 - CUDA_VISIBLE_DEVICES: [MIG-4d38d5cf-c802-5308-80b8-251f3cec7480]
  patchtst T2 seed 1: 74358 rows [31s]
Seed set to 2
GPU available: True (cuda), used: True
TPU available: False, using: 0 TPU cores
LOCAL_RANK: 0 - CUDA_VISIBLE_DEVICES: [MIG-4d38d5cf-c802-5308-80b8-251f3cec7480]
`Trainer.fit` stopped: `max_steps=1500` reached.
GPU available: True (cuda), used: True
TPU available: False, using: 0 TPU cores
LOCAL_RANK: 0 - CUDA_VISIBLE_DEVICES: [MIG-4d38d5cf-c802-5308-80b8-251f3cec7480]
  patchtst T2 seed 2: 74358 rows [47s]
Seed set to 3
GPU available: True (cuda), used: True
TPU available: False, using: 0 TPU cores
LOCAL_RANK: 0 - CUDA_VISIBLE_DEVICES: [MIG-4d38d5cf-c802-5308-80b8-251f3cec7480]
`Trainer.fit` stopped: `max_steps=1500` reached.
GPU available: True (cuda), used: True
TPU available: False, using: 0 TPU cores
LOCAL_RANK: 0 - CUDA_VISIBLE_DEVICES: [MIG-4d38d5cf-c802-5308-80b8-251f3cec7480]
  patchtst T2 seed 3: 74358 rows [64s]
Seed set to 4
GPU available: True (cuda), used: True
TPU available: False, using: 0 TPU cores
LOCAL_RANK: 0 - CUDA_VISIBLE_DEVICES: [MIG-4d38d5cf-c802-5308-80b8-251f3cec7480]
`Trainer.fit` stopped: `max_steps=1500` reached.
GPU available: True (cuda), used: True
TPU available: False, using: 0 TPU cores
LOCAL_RANK: 0 - CUDA_VISIBLE_DEVICES: [MIG-4d38d5cf-c802-5308-80b8-251f3cec7480]
  patchtst T2 seed 4: 74358 rows [81s]
patchtst T2 done 82s
Seed set to 0
GPU available: True (cuda), used: True
TPU available: False, using: 0 TPU cores
LOCAL_RANK: 0 - CUDA_VISIBLE_DEVICES: [MIG-4d38d5cf-c802-5308-80b8-251f3cec7480]
`Trainer.fit` stopped: `max_steps=1500` reached.
GPU available: True (cuda), used: True
TPU available: False, using: 0 TPU cores
LOCAL_RANK: 0 - CUDA_VISIBLE_DEVICES: [MIG-4d38d5cf-c802-5308-80b8-251f3cec7480]
  patchtst T3 seed 0: 59049 rows [17s]
Seed set to 1
GPU available: True (cuda), used: True
TPU available: False, using: 0 TPU cores
LOCAL_RANK: 0 - CUDA_VISIBLE_DEVICES: [MIG-4d38d5cf-c802-5308-80b8-251f3cec7480]
GPU available: True (cuda), used: True
TPU available: False, using: 0 TPU cores
LOCAL_RANK: 0 - CUDA_VISIBLE_DEVICES: [MIG-4d38d5cf-c802-5308-80b8-251f3cec7480]
  patchtst T3 seed 1: 59049 rows [35s]
Seed set to 2
GPU available: True (cuda), used: True
TPU available: False, using: 0 TPU cores
LOCAL_RANK: 0 - CUDA_VISIBLE_DEVICES: [MIG-4d38d5cf-c802-5308-80b8-251f3cec7480]
`Trainer.fit` stopped: `max_steps=1500` reached.
GPU available: True (cuda), used: True
TPU available: False, using: 0 TPU cores
LOCAL_RANK: 0 - CUDA_VISIBLE_DEVICES: [MIG-4d38d5cf-c802-5308-80b8-251f3cec7480]
  patchtst T3 seed 2: 59049 rows [52s]
Seed set to 3
GPU available: True (cuda), used: True
TPU available: False, using: 0 TPU cores
LOCAL_RANK: 0 - CUDA_VISIBLE_DEVICES: [MIG-4d38d5cf-c802-5308-80b8-251f3cec7480]
`Trainer.fit` stopped: `max_steps=1500` reached.
GPU available: True (cuda), used: True
TPU available: False, using: 0 TPU cores
LOCAL_RANK: 0 - CUDA_VISIBLE_DEVICES: [MIG-4d38d5cf-c802-5308-80b8-251f3cec7480]
  patchtst T3 seed 3: 59049 rows [68s]
Seed set to 4
GPU available: True (cuda), used: True
TPU available: False, using: 0 TPU cores
LOCAL_RANK: 0 - CUDA_VISIBLE_DEVICES: [MIG-4d38d5cf-c802-5308-80b8-251f3cec7480]
GPU available: True (cuda), used: True
TPU available: False, using: 0 TPU cores
LOCAL_RANK: 0 - CUDA_VISIBLE_DEVICES: [MIG-4d38d5cf-c802-5308-80b8-251f3cec7480]
  patchtst T3 seed 4: 59049 rows [84s]
patchtst T3 done 84s
Seed set to 0
GPU available: True (cuda), used: True
TPU available: False, using: 0 TPU cores
LOCAL_RANK: 0 - CUDA_VISIBLE_DEVICES: [MIG-4d38d5cf-c802-5308-80b8-251f3cec7480]
GPU available: True (cuda), used: True
TPU available: False, using: 0 TPU cores
LOCAL_RANK: 0 - CUDA_VISIBLE_DEVICES: [MIG-4d38d5cf-c802-5308-80b8-251f3cec7480]
  patchtst T4 seed 0: 32754 rows [5s]
Seed set to 1
GPU available: True (cuda), used: True
TPU available: False, using: 0 TPU cores
LOCAL_RANK: 0 - CUDA_VISIBLE_DEVICES: [MIG-4d38d5cf-c802-5308-80b8-251f3cec7480]
GPU available: True (cuda), used: True
TPU available: False, using: 0 TPU cores
LOCAL_RANK: 0 - CUDA_VISIBLE_DEVICES: [MIG-4d38d5cf-c802-5308-80b8-251f3cec7480]
  patchtst T4 seed 1: 32754 rows [9s]
Seed set to 2
GPU available: True (cuda), used: True
TPU available: False, using: 0 TPU cores
LOCAL_RANK: 0 - CUDA_VISIBLE_DEVICES: [MIG-4d38d5cf-c802-5308-80b8-251f3cec7480]
GPU available: True (cuda), used: True
TPU available: False, using: 0 TPU cores
LOCAL_RANK: 0 - CUDA_VISIBLE_DEVICES: [MIG-4d38d5cf-c802-5308-80b8-251f3cec7480]
  patchtst T4 seed 2: 32754 rows [12s]
Seed set to 3
GPU available: True (cuda), used: True
TPU available: False, using: 0 TPU cores
LOCAL_RANK: 0 - CUDA_VISIBLE_DEVICES: [MIG-4d38d5cf-c802-5308-80b8-251f3cec7480]
GPU available: True (cuda), used: True
TPU available: False, using: 0 TPU cores
LOCAL_RANK: 0 - CUDA_VISIBLE_DEVICES: [MIG-4d38d5cf-c802-5308-80b8-251f3cec7480]
  patchtst T4 seed 3: 32754 rows [16s]
Seed set to 4
GPU available: True (cuda), used: True
TPU available: False, using: 0 TPU cores
LOCAL_RANK: 0 - CUDA_VISIBLE_DEVICES: [MIG-4d38d5cf-c802-5308-80b8-251f3cec7480]
GPU available: True (cuda), used: True
TPU available: False, using: 0 TPU cores
LOCAL_RANK: 0 - CUDA_VISIBLE_DEVICES: [MIG-4d38d5cf-c802-5308-80b8-251f3cec7480]
  patchtst T4 seed 4: 32754 rows [19s]
patchtst T4 done 20s
Seed set to 0
GPU available: True (cuda), used: True
TPU available: False, using: 0 TPU cores
LOCAL_RANK: 0 - CUDA_VISIBLE_DEVICES: [MIG-4d38d5cf-c802-5308-80b8-251f3cec7480]
GPU available: True (cuda), used: True
TPU available: False, using: 0 TPU cores
LOCAL_RANK: 0 - CUDA_VISIBLE_DEVICES: [MIG-4d38d5cf-c802-5308-80b8-251f3cec7480]
  patchtst T5 seed 0: 28431 rows [14s]
Seed set to 1
GPU available: True (cuda), used: True
TPU available: False, using: 0 TPU cores
LOCAL_RANK: 0 - CUDA_VISIBLE_DEVICES: [MIG-4d38d5cf-c802-5308-80b8-251f3cec7480]
`Trainer.fit` stopped: `max_steps=1500` reached.
GPU available: True (cuda), used: True
TPU available: False, using: 0 TPU cores
LOCAL_RANK: 0 - CUDA_VISIBLE_DEVICES: [MIG-4d38d5cf-c802-5308-80b8-251f3cec7480]
  patchtst T5 seed 1: 28431 rows [31s]
Seed set to 2
GPU available: True (cuda), used: True
TPU available: False, using: 0 TPU cores
LOCAL_RANK: 0 - CUDA_VISIBLE_DEVICES: [MIG-4d38d5cf-c802-5308-80b8-251f3cec7480]
`Trainer.fit` stopped: `max_steps=1500` reached.
GPU available: True (cuda), used: True
TPU available: False, using: 0 TPU cores
LOCAL_RANK: 0 - CUDA_VISIBLE_DEVICES: [MIG-4d38d5cf-c802-5308-80b8-251f3cec7480]
  patchtst T5 seed 2: 28431 rows [48s]
Seed set to 3
GPU available: True (cuda), used: True
TPU available: False, using: 0 TPU cores
LOCAL_RANK: 0 - CUDA_VISIBLE_DEVICES: [MIG-4d38d5cf-c802-5308-80b8-251f3cec7480]
GPU available: True (cuda), used: True
TPU available: False, using: 0 TPU cores
LOCAL_RANK: 0 - CUDA_VISIBLE_DEVICES: [MIG-4d38d5cf-c802-5308-80b8-251f3cec7480]
  patchtst T5 seed 3: 28431 rows [64s]
Seed set to 4
GPU available: True (cuda), used: True
TPU available: False, using: 0 TPU cores
LOCAL_RANK: 0 - CUDA_VISIBLE_DEVICES: [MIG-4d38d5cf-c802-5308-80b8-251f3cec7480]
`Trainer.fit` stopped: `max_steps=1500` reached.
GPU available: True (cuda), used: True
TPU available: False, using: 0 TPU cores
LOCAL_RANK: 0 - CUDA_VISIBLE_DEVICES: [MIG-4d38d5cf-c802-5308-80b8-251f3cec7480]
  patchtst T5 seed 4: 28431 rows [80s]
patchtst T5 done 80s
[2026-09-17T15:07:44] end o2_patchtst rc=0 366s
[2026-09-17T15:07:44] start o2_tft [gpu] codes/scripts/o2/o2_03_nf.py tft T1,T2,T3,T4,T5 5
Seed set to 0
GPU available: True (cuda), used: True
TPU available: False, using: 0 TPU cores
You are using a CUDA device ('NVIDIA H100 NVL MIG 3g.47gb') that has Tensor Cores. To properly utilize them, you should set `torch.set_float32_matmul_precision('medium' | 'high')` which will trade-off precision for performance. For more details, read https://pytorch.org/docs/stable/generated/torch.set_float32_matmul_precision.html#torch.set_float32_matmul_precision
LOCAL_RANK: 0 - CUDA_VISIBLE_DEVICES: [MIG-4d38d5cf-c802-5308-80b8-251f3cec7480]
GPU available: True (cuda), used: True
TPU available: False, using: 0 TPU cores
LOCAL_RANK: 0 - CUDA_VISIBLE_DEVICES: [MIG-4d38d5cf-c802-5308-80b8-251f3cec7480]
  tft T1 seed 0: 74358 rows [40s]
Seed set to 1
GPU available: True (cuda), used: True
TPU available: False, using: 0 TPU cores
LOCAL_RANK: 0 - CUDA_VISIBLE_DEVICES: [MIG-4d38d5cf-c802-5308-80b8-251f3cec7480]
GPU available: True (cuda), used: True
TPU available: False, using: 0 TPU cores
LOCAL_RANK: 0 - CUDA_VISIBLE_DEVICES: [MIG-4d38d5cf-c802-5308-80b8-251f3cec7480]
  tft T1 seed 1: 74358 rows [85s]
Seed set to 2
GPU available: True (cuda), used: True
TPU available: False, using: 0 TPU cores
LOCAL_RANK: 0 - CUDA_VISIBLE_DEVICES: [MIG-4d38d5cf-c802-5308-80b8-251f3cec7480]
GPU available: True (cuda), used: True
TPU available: False, using: 0 TPU cores
LOCAL_RANK: 0 - CUDA_VISIBLE_DEVICES: [MIG-4d38d5cf-c802-5308-80b8-251f3cec7480]
  tft T1 seed 2: 74358 rows [144s]
Seed set to 3
GPU available: True (cuda), used: True
TPU available: False, using: 0 TPU cores
LOCAL_RANK: 0 - CUDA_VISIBLE_DEVICES: [MIG-4d38d5cf-c802-5308-80b8-251f3cec7480]
GPU available: True (cuda), used: True
TPU available: False, using: 0 TPU cores
LOCAL_RANK: 0 - CUDA_VISIBLE_DEVICES: [MIG-4d38d5cf-c802-5308-80b8-251f3cec7480]
  tft T1 seed 3: 74358 rows [195s]
Seed set to 4
GPU available: True (cuda), used: True
TPU available: False, using: 0 TPU cores
LOCAL_RANK: 0 - CUDA_VISIBLE_DEVICES: [MIG-4d38d5cf-c802-5308-80b8-251f3cec7480]
GPU available: True (cuda), used: True
TPU available: False, using: 0 TPU cores
LOCAL_RANK: 0 - CUDA_VISIBLE_DEVICES: [MIG-4d38d5cf-c802-5308-80b8-251f3cec7480]
  tft T1 seed 4: 74358 rows [261s]
tft T1 done 261s
Seed set to 0
GPU available: True (cuda), used: True
TPU available: False, using: 0 TPU cores
LOCAL_RANK: 0 - CUDA_VISIBLE_DEVICES: [MIG-4d38d5cf-c802-5308-80b8-251f3cec7480]
GPU available: True (cuda), used: True
TPU available: False, using: 0 TPU cores
LOCAL_RANK: 0 - CUDA_VISIBLE_DEVICES: [MIG-4d38d5cf-c802-5308-80b8-251f3cec7480]
  tft T2 seed 0: 74358 rows [46s]
Seed set to 1
GPU available: True (cuda), used: True
TPU available: False, using: 0 TPU cores
LOCAL_RANK: 0 - CUDA_VISIBLE_DEVICES: [MIG-4d38d5cf-c802-5308-80b8-251f3cec7480]
GPU available: True (cuda), used: True
TPU available: False, using: 0 TPU cores
LOCAL_RANK: 0 - CUDA_VISIBLE_DEVICES: [MIG-4d38d5cf-c802-5308-80b8-251f3cec7480]
  tft T2 seed 1: 74358 rows [88s]
Seed set to 2
GPU available: True (cuda), used: True
TPU available: False, using: 0 TPU cores
LOCAL_RANK: 0 - CUDA_VISIBLE_DEVICES: [MIG-4d38d5cf-c802-5308-80b8-251f3cec7480]
GPU available: True (cuda), used: True
TPU available: False, using: 0 TPU cores
LOCAL_RANK: 0 - CUDA_VISIBLE_DEVICES: [MIG-4d38d5cf-c802-5308-80b8-251f3cec7480]
  tft T2 seed 2: 74358 rows [147s]
Seed set to 3
GPU available: True (cuda), used: True
TPU available: False, using: 0 TPU cores
LOCAL_RANK: 0 - CUDA_VISIBLE_DEVICES: [MIG-4d38d5cf-c802-5308-80b8-251f3cec7480]
GPU available: True (cuda), used: True
TPU available: False, using: 0 TPU cores
LOCAL_RANK: 0 - CUDA_VISIBLE_DEVICES: [MIG-4d38d5cf-c802-5308-80b8-251f3cec7480]
  tft T2 seed 3: 74358 rows [199s]
Seed set to 4
GPU available: True (cuda), used: True
TPU available: False, using: 0 TPU cores
LOCAL_RANK: 0 - CUDA_VISIBLE_DEVICES: [MIG-4d38d5cf-c802-5308-80b8-251f3cec7480]
GPU available: True (cuda), used: True
TPU available: False, using: 0 TPU cores
LOCAL_RANK: 0 - CUDA_VISIBLE_DEVICES: [MIG-4d38d5cf-c802-5308-80b8-251f3cec7480]
  tft T2 seed 4: 74358 rows [240s]
tft T2 done 241s
Seed set to 0
GPU available: True (cuda), used: True
TPU available: False, using: 0 TPU cores
LOCAL_RANK: 0 - CUDA_VISIBLE_DEVICES: [MIG-4d38d5cf-c802-5308-80b8-251f3cec7480]
GPU available: True (cuda), used: True
TPU available: False, using: 0 TPU cores
LOCAL_RANK: 0 - CUDA_VISIBLE_DEVICES: [MIG-4d38d5cf-c802-5308-80b8-251f3cec7480]
  tft T3 seed 0: 59049 rows [46s]
Seed set to 1
GPU available: True (cuda), used: True
TPU available: False, using: 0 TPU cores
LOCAL_RANK: 0 - CUDA_VISIBLE_DEVICES: [MIG-4d38d5cf-c802-5308-80b8-251f3cec7480]
GPU available: True (cuda), used: True
TPU available: False, using: 0 TPU cores
LOCAL_RANK: 0 - CUDA_VISIBLE_DEVICES: [MIG-4d38d5cf-c802-5308-80b8-251f3cec7480]
  tft T3 seed 1: 59049 rows [87s]
Seed set to 2
GPU available: True (cuda), used: True
TPU available: False, using: 0 TPU cores
LOCAL_RANK: 0 - CUDA_VISIBLE_DEVICES: [MIG-4d38d5cf-c802-5308-80b8-251f3cec7480]
GPU available: True (cuda), used: True
TPU available: False, using: 0 TPU cores
LOCAL_RANK: 0 - CUDA_VISIBLE_DEVICES: [MIG-4d38d5cf-c802-5308-80b8-251f3cec7480]
  tft T3 seed 2: 59049 rows [119s]
Seed set to 3
GPU available: True (cuda), used: True
TPU available: False, using: 0 TPU cores
LOCAL_RANK: 0 - CUDA_VISIBLE_DEVICES: [MIG-4d38d5cf-c802-5308-80b8-251f3cec7480]
GPU available: True (cuda), used: True
TPU available: False, using: 0 TPU cores
LOCAL_RANK: 0 - CUDA_VISIBLE_DEVICES: [MIG-4d38d5cf-c802-5308-80b8-251f3cec7480]
  tft T3 seed 3: 59049 rows [160s]
Seed set to 4
GPU available: True (cuda), used: True
TPU available: False, using: 0 TPU cores
LOCAL_RANK: 0 - CUDA_VISIBLE_DEVICES: [MIG-4d38d5cf-c802-5308-80b8-251f3cec7480]
GPU available: True (cuda), used: True
TPU available: False, using: 0 TPU cores
LOCAL_RANK: 0 - CUDA_VISIBLE_DEVICES: [MIG-4d38d5cf-c802-5308-80b8-251f3cec7480]
  tft T3 seed 4: 59049 rows [205s]
tft T3 done 205s
Seed set to 0
GPU available: True (cuda), used: True
TPU available: False, using: 0 TPU cores
LOCAL_RANK: 0 - CUDA_VISIBLE_DEVICES: [MIG-4d38d5cf-c802-5308-80b8-251f3cec7480]
GPU available: True (cuda), used: True
TPU available: False, using: 0 TPU cores
LOCAL_RANK: 0 - CUDA_VISIBLE_DEVICES: [MIG-4d38d5cf-c802-5308-80b8-251f3cec7480]
  tft T4 seed 0: 32754 rows [24s]
Seed set to 1
GPU available: True (cuda), used: True
TPU available: False, using: 0 TPU cores
LOCAL_RANK: 0 - CUDA_VISIBLE_DEVICES: [MIG-4d38d5cf-c802-5308-80b8-251f3cec7480]
GPU available: True (cuda), used: True
TPU available: False, using: 0 TPU cores
LOCAL_RANK: 0 - CUDA_VISIBLE_DEVICES: [MIG-4d38d5cf-c802-5308-80b8-251f3cec7480]
  tft T4 seed 1: 32754 rows [46s]
Seed set to 2
GPU available: True (cuda), used: True
TPU available: False, using: 0 TPU cores
LOCAL_RANK: 0 - CUDA_VISIBLE_DEVICES: [MIG-4d38d5cf-c802-5308-80b8-251f3cec7480]
GPU available: True (cuda), used: True
TPU available: False, using: 0 TPU cores
LOCAL_RANK: 0 - CUDA_VISIBLE_DEVICES: [MIG-4d38d5cf-c802-5308-80b8-251f3cec7480]
  tft T4 seed 2: 32754 rows [72s]
Seed set to 3
GPU available: True (cuda), used: True
TPU available: False, using: 0 TPU cores
LOCAL_RANK: 0 - CUDA_VISIBLE_DEVICES: [MIG-4d38d5cf-c802-5308-80b8-251f3cec7480]
GPU available: True (cuda), used: True
TPU available: False, using: 0 TPU cores
LOCAL_RANK: 0 - CUDA_VISIBLE_DEVICES: [MIG-4d38d5cf-c802-5308-80b8-251f3cec7480]
  tft T4 seed 3: 32754 rows [96s]
Seed set to 4
GPU available: True (cuda), used: True
TPU available: False, using: 0 TPU cores
LOCAL_RANK: 0 - CUDA_VISIBLE_DEVICES: [MIG-4d38d5cf-c802-5308-80b8-251f3cec7480]
GPU available: True (cuda), used: True
TPU available: False, using: 0 TPU cores
LOCAL_RANK: 0 - CUDA_VISIBLE_DEVICES: [MIG-4d38d5cf-c802-5308-80b8-251f3cec7480]
  tft T4 seed 4: 32754 rows [117s]
tft T4 done 118s
Seed set to 0
GPU available: True (cuda), used: True
TPU available: False, using: 0 TPU cores
LOCAL_RANK: 0 - CUDA_VISIBLE_DEVICES: [MIG-4d38d5cf-c802-5308-80b8-251f3cec7480]
GPU available: True (cuda), used: True
TPU available: False, using: 0 TPU cores
LOCAL_RANK: 0 - CUDA_VISIBLE_DEVICES: [MIG-4d38d5cf-c802-5308-80b8-251f3cec7480]
  tft T5 seed 0: 28431 rows [12s]
Seed set to 1
GPU available: True (cuda), used: True
TPU available: False, using: 0 TPU cores
LOCAL_RANK: 0 - CUDA_VISIBLE_DEVICES: [MIG-4d38d5cf-c802-5308-80b8-251f3cec7480]
GPU available: True (cuda), used: True
TPU available: False, using: 0 TPU cores
LOCAL_RANK: 0 - CUDA_VISIBLE_DEVICES: [MIG-4d38d5cf-c802-5308-80b8-251f3cec7480]
  tft T5 seed 1: 28431 rows [26s]
Seed set to 2
GPU available: True (cuda), used: True
TPU available: False, using: 0 TPU cores
LOCAL_RANK: 0 - CUDA_VISIBLE_DEVICES: [MIG-4d38d5cf-c802-5308-80b8-251f3cec7480]
GPU available: True (cuda), used: True
TPU available: False, using: 0 TPU cores
LOCAL_RANK: 0 - CUDA_VISIBLE_DEVICES: [MIG-4d38d5cf-c802-5308-80b8-251f3cec7480]
  tft T5 seed 2: 28431 rows [41s]
Seed set to 3
GPU available: True (cuda), used: True
TPU available: False, using: 0 TPU cores
LOCAL_RANK: 0 - CUDA_VISIBLE_DEVICES: [MIG-4d38d5cf-c802-5308-80b8-251f3cec7480]
GPU available: True (cuda), used: True
TPU available: False, using: 0 TPU cores
LOCAL_RANK: 0 - CUDA_VISIBLE_DEVICES: [MIG-4d38d5cf-c802-5308-80b8-251f3cec7480]
  tft T5 seed 3: 28431 rows [51s]
Seed set to 4
GPU available: True (cuda), used: True
TPU available: False, using: 0 TPU cores
LOCAL_RANK: 0 - CUDA_VISIBLE_DEVICES: [MIG-4d38d5cf-c802-5308-80b8-251f3cec7480]
GPU available: True (cuda), used: True
TPU available: False, using: 0 TPU cores
LOCAL_RANK: 0 - CUDA_VISIBLE_DEVICES: [MIG-4d38d5cf-c802-5308-80b8-251f3cec7480]
  tft T5 seed 4: 28431 rows [63s]
tft T5 done 63s
[2026-09-17T15:22:41] end o2_tft rc=0 897s
[2026-09-17T15:22:41] start o2_bilstm [gpu] codes/scripts/o2/o2_04_bilstm.py T1,T2,T3,T4,T5 5
  bilstm T1 seed 0: epochs 7, es pinball 0.0980 [11s]
  bilstm T1 seed 1: epochs 9, es pinball 0.0942 [18s]
  bilstm T1 seed 2: epochs 8, es pinball 0.0941 [24s]
  bilstm T1 seed 3: epochs 8, es pinball 0.0958 [30s]
  bilstm T1 seed 4: epochs 9, es pinball 0.0965 [37s]
bilstm T1 done 37s
  bilstm T2 seed 0: epochs 9, es pinball 0.0991 [11s]
  bilstm T2 seed 1: epochs 9, es pinball 0.0983 [18s]
  bilstm T2 seed 2: epochs 8, es pinball 0.0988 [25s]
  bilstm T2 seed 3: epochs 8, es pinball 0.0985 [31s]
  bilstm T2 seed 4: epochs 9, es pinball 0.1000 [38s]
bilstm T2 done 38s
  bilstm T3 seed 0: epochs 8, es pinball 0.1066 [8s]
  bilstm T3 seed 1: epochs 8, es pinball 0.1031 [13s]
  bilstm T3 seed 2: epochs 8, es pinball 0.1022 [17s]
  bilstm T3 seed 3: epochs 8, es pinball 0.1066 [22s]
  bilstm T3 seed 4: epochs 8, es pinball 0.1020 [27s]
bilstm T3 done 27s
  bilstm T4 seed 0: epochs 7, es pinball 0.1318 [4s]
  bilstm T4 seed 1: epochs 7, es pinball 0.1319 [6s]
  bilstm T4 seed 2: epochs 9, es pinball 0.1327 [9s]
  bilstm T4 seed 3: epochs 7, es pinball 0.1325 [12s]
  bilstm T4 seed 4: epochs 7, es pinball 0.1376 [14s]
bilstm T4 done 14s
  bilstm T5 seed 0: epochs 7, es pinball 0.2810 [5s]
  bilstm T5 seed 1: epochs 7, es pinball 0.2508 [7s]
  bilstm T5 seed 2: epochs 7, es pinball 0.2451 [9s]
  bilstm T5 seed 3: epochs 8, es pinball 0.2254 [11s]
  bilstm T5 seed 4: epochs 7, es pinball 0.2446 [13s]
bilstm T5 done 13s
[2026-09-17T15:24:53] end o2_bilstm rc=0 132s
[2026-09-17T15:24:53] start o2_chronos [gpu] codes/scripts/o2/o2_05_chronos.py T1,T2,T3,T4,T5

Loading weights:   0%|          | 0/143 [00:00<?, ?it/s]
Loading weights:  54%|█████▍    | 77/143 [00:00<00:00, 748.30it/s]
Loading weights: 100%|██████████| 143/143 [00:00<00:00, 696.50it/s]
T1 chronos 74460 rows 12s
T2 chronos 74460 rows 11s
T3 chronos 59130 rows 11s
T4 chronos 32799 rows 9s
T5 chronos 28470 rows 11s
[2026-09-17T15:25:54] end o2_chronos rc=0 60s
[2026-09-17T15:25:54] ALL_REQUESTED_STAGES_DONE o2_patchtst,o2_tft,o2_bilstm,o2_chronos
