job 31747.master on master; CUDA_VISIBLE_DEVICES=MIG-4d38d5cf-c802-5308-80b8-251f3cec7480
torch 2.5.1+cu121 CUDA 12.1 available True devices 1 NVIDIA H100 NVL MIG 3g.47gb
matmul 4096: 0.064s; free/total GB [49.2, 49.8]
bilstm step ok (512, 14, 128)
Seed set to 1
/Data3/<hpc-user>/.conda/envs/refused_h100/lib/python3.10/site-packages/neuralforecast/common/_base_model.py:772: UserWarning: val_check_steps is greater than max_steps, setting val_check_steps to max_steps.
  warnings.warn(
GPU available: True (cuda), used: True
TPU available: False, using: 0 TPU cores
You are using a CUDA device ('NVIDIA H100 NVL MIG 3g.47gb') that has Tensor Cores. To properly utilize them, you should set `torch.set_float32_matmul_precision('medium' | 'high')` which will trade-off precision for performance. For more details, read https://pytorch.org/docs/stable/generated/torch.set_float32_matmul_precision.html#torch.set_float32_matmul_precision
LOCAL_RANK: 0 - CUDA_VISIBLE_DEVICES: [MIG-4d38d5cf-c802-5308-80b8-251f3cec7480]

  | Name                | Type              | Params | Mode 
------------------------------------------------------------------
0 | loss                | MQLoss            | 3      | train
1 | hist_cat_embeddings | ModuleList        | 0      | train
2 | futr_cat_embeddings | ModuleList        | 0      | train
3 | stat_cat_embeddings | ModuleList        | 0      | train
4 | padder_train        | ConstantPad1d     | 0      | train
5 | scaler              | TemporalNorm      | 0      | train
6 | model               | PatchTST_backbone | 65.0 K | train
------------------------------------------------------------------
65.0 K    Trainable params
6         Non-trainable params
65.0 K    Total params
0.260     Total estimated model params size (MB)
93        Modules in train mode
0         Modules in eval mode
`Trainer.fit` stopped: `max_steps=30` reached.
GPU available: True (cuda), used: True
TPU available: False, using: 0 TPU cores
LOCAL_RANK: 0 - CUDA_VISIBLE_DEVICES: [MIG-4d38d5cf-c802-5308-80b8-251f3cec7480]
patchtst gpu fit+cv ok: 60 rows, 0.6s
GPU_SMOKE_OK
