C1 iso_s0                       done [28.7s, total 32s]
C1 iso_s1                       done [29.4s, total 61s]
C1 iso_s2                       done [35.4s, total 97s]
C1 snaive168_s0                 done [32.8s, total 130s]
C1 snaive168_s1                 done [27.2s, total 157s]
C1 snaive168_s2                 done [29.0s, total 187s]
C1 lag48_s0                     done [30.6s, total 217s]
C1 lag48_s1                     done [27.9s, total 246s]
C1 lag48_s2                     done [24.5s, total 270s]
C1 lgbm_s0                      done [24.1s, total 295s]
C1 lgbm_s1                      done [22.9s, total 318s]
C1 lgbm_s2                      done [23.7s, total 342s]
C1 nhits_s0                     done [24.3s, total 366s]
C1 nhits_s1                     done [26.2s, total 393s]
C1 nhits_s2                     done [26.8s, total 420s]
C1 patchtst_s0                  done [30.4s, total 450s]
C1 patchtst_s1                  done [28.1s, total 479s]
C1 patchtst_s2                  done [33.3s, total 512s]
C1 tide_s0                      done [32.1s, total 545s]
C1 tide_s1                      done [29.2s, total 574s]
C1 tide_s2                      done [28.9s, total 603s]
C1 dlinear_s0                   done [29.0s, total 633s]
C1 dlinear_s1                   done [28.1s, total 661s]
C1 dlinear_s2                   done [32.8s, total 694s]
C1 chronos_s0                   done [27.7s, total 722s]
C1 chronos_s1                   done [33.5s, total 756s]
C1 chronos_s2                   done [27.8s, total 784s]
C2 val_frac0.1_s0               done [15.8s, total 800s]
C2 val_frac0.25_s0              done [19.2s, total 819s]
C2 val_frac0.5_s0               done [18.9s, total 838s]
C2 oof_train_val_s0             done [102.9s, total 941s]
C2 val_frac0.1_s1               done [19.9s, total 961s]
C2 val_frac0.25_s1              done [20.1s, total 982s]
C2 val_frac0.5_s1               done [20.8s, total 1003s]
C2 oof_train_val_s1             done [99.5s, total 1102s]
C2 val_frac0.1_s2               done [16.7s, total 1119s]
C2 val_frac0.25_s2              done [22.8s, total 1142s]
C2 val_frac0.5_s2               done [23.2s, total 1166s]
C2 oof_train_val_s2             done [96.8s, total 1263s]
C3 tso_s0                       done [91.4s, total 1364s]
C3 tso_s1                       done [101.3s, total 1467s]
C3 snaive168_s0                 done [142.5s, total 1611s]
C3 snaive168_s1                 done [106.2s, total 1718s]
C3 lag48_s0                     done [117.5s, total 1837s]
C3 lag48_s1                     done [108.0s, total 1946s]
C4 tso_s0                       done [102.3s, total 2059s]
C4 tso_s1                       done [95.3s, total 2155s]
C4 snaive168_s0                 done [110.4s, total 2267s]
C4 snaive168_s1                 done [102.9s, total 2371s]
C4 lag48_s0                     done [106.2s, total 2478s]
C4 lag48_s1                     done [101.2s, total 2581s]
C5 val_frac0.1_s0               done [48.4s, total 2641s]
C5 val_frac0.25_s0              done [54.6s, total 2697s]
C5 oof_train_val_s0             done [239.1s, total 2937s]
C5 val_frac0.1_s1               done [54.9s, total 2992s]
C5 val_frac0.25_s1              done [51.5s, total 3045s]
C5 oof_train_val_s1             done [209.9s, total 3255s]
C6 snaive168_s0                 done [101.1s, total 3364s]
C6 snaive168_s1                 done [93.6s, total 3458s]
C6 lag48_s0                     done [93.8s, total 3553s]
C6 lag48_s1                     done [87.7s, total 3641s]
C7 val_frac0.1_s0               done [38.0s, total 3680s]
C7 val_frac0.25_s0              done [49.0s, total 3730s]
C7 oof_train_val_s0             done [125.5s, total 3856s]
C7 val_frac0.1_s1               done [44.7s, total 3901s]
C7 val_frac0.25_s1              done [49.9s, total 3952s]
C7 oof_train_val_s1             done [125.8s, total 4078s]
DONE confirmatory ladders 4078
