h=1 b_persist  g_glob=1.013 lam=0.62 | always=+0.067 global=+0.067 static_state=+0.072 free=+0.070 shrunk=+0.074  [7s]
h=1 b_rm7      g_glob=0.992 lam=0.56 | always=+0.096 global=+0.097 static_state=+0.105 free=+0.099 shrunk=+0.108  [16s]
h=1 b_snaive   g_glob=1.049 lam=0.65 | always=+0.190 global=+0.187 static_state=+0.193 free=+0.183 shrunk=+0.192  [29s]
h=1 b_sched    g_glob=0.503 lam=0.83 | always=-0.291 global=-0.052 static_state=+0.002 free=-0.004 shrunk=+0.006  [47s]
h=2 b_persist  g_glob=1.007 lam=0.63 | always=+0.055 global=+0.054 static_state=+0.061 free=+0.062 shrunk=+0.067  [55s]
h=2 b_rm7      g_glob=0.819 lam=0.58 | always=+0.017 global=+0.038 static_state=+0.049 free=+0.039 shrunk=+0.050  [67s]
h=2 b_snaive   g_glob=0.989 lam=0.53 | always=+0.097 global=+0.098 static_state=+0.106 free=+0.095 shrunk=+0.107  [84s]
h=2 b_sched    g_glob=0.435 lam=0.82 | always=-0.282 global=-0.041 static_state=-0.004 free=-0.014 shrunk=-0.004  [107s]
h=3 b_persist  g_glob=0.877 lam=0.67 | always=+0.038 global=+0.047 static_state=+0.054 free=+0.049 shrunk=+0.056  [122s]
h=3 b_rm7      g_glob=0.727 lam=0.60 | always=-0.002 global=+0.032 static_state=+0.041 free=+0.034 shrunk=+0.044  [143s]
h=3 b_snaive   g_glob=0.904 lam=0.57 | always=+0.042 global=+0.051 static_state=+0.065 free=+0.054 shrunk=+0.066  [157s]
h=3 b_sched    g_glob=0.375 lam=0.82 | always=-0.290 global=-0.036 static_state=-0.015 free=-0.017 shrunk=-0.008  [176s]
h=7 b_persist  g_glob=0.720 lam=0.68 | always=-0.004 global=+0.025 static_state=+0.025 free=+0.021 shrunk=+0.028  [194s]
h=7 b_rm7      g_glob=0.628 lam=0.63 | always=-0.035 global=+0.029 static_state=+0.038 free=+0.022 shrunk=+0.037  [211s]
h=7 b_snaive   g_glob=0.720 lam=0.68 | always=-0.004 global=+0.025 static_state=+0.025 free=+0.021 shrunk=+0.028  [226s]
h=7 b_sched    g_glob=0.254 lam=0.79 | always=-0.317 global=-0.022 static_state=-0.035 free=-0.032 shrunk=-0.025  [243s]

=== mean skill vs baseline (over horizons), by baseline and strategy
strategy   always    free  global  never  shrunk  static_state
baseline                                                      
b_persist  0.0389  0.0505  0.0483    0.0  0.0560        0.0529
b_rm7      0.0191  0.0485  0.0490    0.0  0.0599        0.0584
b_sched   -0.2952 -0.0169 -0.0380    0.0 -0.0078       -0.0129
b_snaive   0.0811  0.0880  0.0904    0.0  0.0984        0.0972

=== degraded states (sum over horizons, max 20 per h)
strategy   always  free  global  never  shrunk  static_state
baseline                                                    
b_persist      21    16      17      0      15            13
b_rm7          20     9      11      0       9            12
b_sched        50    39      41      0      36            39
b_snaive       13    11       9      0       9             8
