
===== build_b02_dsm start 2026-09-17T14:51:06 host=master job=31752.master
===== build_b02_dsm end 2026-09-17T14:52:02 rc=-9 seconds=56

===== build_b02_dsm start 2026-09-17T17:35:58 host=master job=31772.master
dates 2818 2018-12-19 00:00:00 2026-09-06 00:00:00
                                   min        max  nunique
regime series                                             
R1     acp_daily            2018-12-19 2022-12-04     1444
       charge_at_50_00      2018-12-19 2022-12-04     1444
R2     ancillary_net_cost   2022-12-01 2023-02-07       67
       dam_acp              2022-12-01 2024-09-15      653
       dam_gdam_acp         2023-04-10 2024-09-15      525
       hpdam                2023-04-10 2024-09-15      525
       normal_rate          2022-12-01 2024-09-15      645
       reference_rate_daily 2022-12-02 2024-09-15      652
       rtm_acp              2022-12-01 2024-09-15      653
R3     ancillary_net_cost   2024-09-16 2026-09-06      721
       dam_acp              2024-09-16 2026-09-06      721
       dam_gdam_acp         2024-09-16 2026-09-06      721
       hpdam                2024-09-16 2026-09-06      721
       normal_rate          2024-09-16 2026-09-06      720
       reference_rate_daily 2024-09-16 2026-09-06      721
       rtm_acp              2024-09-16 2026-09-06      721
       sum_third            2024-09-16 2026-09-06      721
{'R2': 1546, 'R1': 1446}
===== build_b02_dsm end 2026-09-17T17:39:04 rc=0 seconds=186
