
===== build_b05_co2 start 2026-09-17T17:40:45 host=master job=31772.master
stations 589 | thermal without State entity: {'ANDAMAN & NICOBAR': 2, 'LAKSHADWEEP': 1}
                      emis_t   netgen_gwh  npp_gross_gwh  ef_net  net_over_gross
fy      fuel                                                                    
2017-18 coal    9.000581e+08   911343.603      30101.043   0.988          30.276
        diesel  8.205480e+02        1.172          0.000   0.700             inf
        gas     2.199602e+07    49287.388       1373.020   0.446          35.897
2018-19 coal    9.391297e+08   946846.845    1019499.383   0.992           0.929
        diesel  2.002682e+03        3.247          4.390   0.617           0.740
        gas     2.176673e+07    49106.188      49833.674   0.443           0.985
2019-20 coal    9.077573e+08   917657.812     956534.510   0.989           0.959
        diesel  6.292902e+03       10.893         13.920   0.578           0.783
        gas     1.895292e+07    47340.492      46264.490   0.400           1.023
2020-21 coal    8.888781e+08   908563.349     844770.590   0.978           1.076
        diesel  4.043128e+03        6.993          7.930   0.578           0.882
        gas     2.076979e+07    49647.927      41506.500   0.418           1.196
2021-22 coal    9.857763e+08  1000674.627    1077558.910   0.985           0.929
        diesel  0.000000e+00        0.000         16.800     NaN           0.000
        gas     1.623735e+07    34997.164      36443.910   0.464           0.960
2022-23 coal    1.080166e+09  1094983.350    1181237.250   0.986           0.927
        diesel  6.793200e+01        0.028          0.000   2.470             inf
        gas     1.116479e+07    22863.152      24484.360   0.488           0.934
2023-24 coal    1.174390e+09  1201868.772    1292711.570   0.977           0.930
        diesel  0.000000e+00        0.000          0.000     NaN             NaN
        gas     1.365855e+07    30294.013      31319.500   0.451           0.967
2024-25 coal    1.205029e+09  1229852.354    1330066.870   0.980           0.925
        diesel  0.000000e+00        1.476          0.000   0.000             inf
        gas     1.364642e+07    30262.196      31256.080   0.451           0.968
2025-26 coal    1.159881e+09  1180215.540    1278694.610   0.983           0.923
        diesel  0.000000e+00        0.000          0.000     NaN             NaN
        gas     1.167774e+07    24859.832      25936.680   0.470           0.958
2026-27 coal    0.000000e+00        0.000     633357.670     NaN           0.000
        diesel  0.000000e+00        0.000          0.000     NaN             NaN
        gas     0.000000e+00        0.000      12108.830     NaN           0.000
net/gross ratios by fuel (complete FYs): {'coal': 0.927, 'diesel': 0.74, 'gas': 0.966} | ratio source: {'state_complete_fys': 299, 'national_fuel': 154}
coal State ef_gross (t/MWh) quantiles: {0.0: 0.837, 0.05: 0.864, 0.5: 0.908, 0.95: 1.019, 1.0: 1.037}
State-fuel-FY cells with CEA emissions but no NPP generation: 4 | with NPP generation but no CEA emissions: 36
===== build_b05_co2 end 2026-09-17T17:40:49 rc=0 seconds=4
