
===== o3_ablation start 2026-09-17T15:51:49 host=master job=31772.master
  T1 null_context seed 0: epochs 27 es 0.0863 [66s]
  T1 null_context seed 1: epochs 24 es 0.0863 [100s]
  T1 null_context seed 2: epochs 22 es 0.0860 [131s]
T1 null_context done 132s
  T2 null_context seed 0: epochs 20 es 0.0927 [52s]
  T2 null_context seed 1: epochs 17 es 0.0934 [78s]
  T2 null_context seed 2: epochs 21 es 0.0926 [109s]
T2 null_context done 109s
  T5 null_context seed 0: epochs 9 es 0.2996 [12s]
  T5 null_context seed 1: epochs 9 es 0.3061 [15s]
  T5 null_context seed 2: epochs 9 es 0.2977 [18s]
T5 null_context done 18s
  T1 permuted_context seed 0: epochs 25 es 0.0866 [65s]
  T1 permuted_context seed 1: epochs 18 es 0.0868 [91s]
  T1 permuted_context seed 2: epochs 21 es 0.0869 [122s]
T1 permuted_context done 123s
  T2 permuted_context seed 0: epochs 23 es 0.0931 [60s]
  T2 permuted_context seed 1: epochs 19 es 0.0936 [90s]
  T2 permuted_context seed 2: epochs 23 es 0.0930 [123s]
T2 permuted_context done 124s
  T5 permuted_context seed 0: epochs 8 es 0.3102 [12s]
  T5 permuted_context seed 1: epochs 8 es 0.3167 [15s]
  T5 permuted_context seed 2: epochs 10 es 0.3046 [19s]
T5 permuted_context done 19s
  T1 market_only seed 0: epochs 14 es 0.0886 [19s]
  T1 market_only seed 1: epochs 16 es 0.0877 [28s]
  T1 market_only seed 2: epochs 15 es 0.0887 [38s]
T1 market_only done 39s
  T2 market_only seed 0: epochs 22 es 0.0934 [22s]
  T2 market_only seed 1: epochs 19 es 0.0941 [33s]
  T2 market_only seed 2: epochs 21 es 0.0940 [46s]
T2 market_only done 46s
  T5 market_only seed 0: epochs 9 es 0.2600 [8s]
  T5 market_only seed 1: epochs 9 es 0.2574 [10s]
  T5 market_only seed 2: epochs 8 es 0.2619 [12s]
T5 market_only done 13s
===== o3_ablation end 2026-09-17T16:02:14 rc=0 seconds=625
