
===== x_settlement_extensions start 2026-09-21T22:43:06 host=master job=32195.master
Traceback (most recent call last):
  File "/Data3/<hpc-user>/RefusedH100/codes/scripts/extra/x04_settlement_extensions.py", line 202, in <module>
    main()
  File "/Data3/<hpc-user>/RefusedH100/codes/scripts/extra/x04_settlement_extensions.py", line 171, in main
    m = summary(system_daily(F, R[np.arange(len(R)), ch], test))["mean"]
IndexError: index 106653411950608 is out of bounds for axis 1 with size 19
===== x_settlement_extensions end 2026-09-21T22:44:05 rc=1 seconds=58

===== x_settlement_extensions start 2026-09-21T22:45:29 host=master job=32196.master
stylised 2024 settlement {"best_single_level": 60, "best_single_mean": 15.445451765376392, "calibration_level": 55, "calibration_level_mean": 15.565288338781937, "bayes_rule_mean": 15.626173591150346, "bayes_level_iqr": 0.11111111111111116, "bayes_level_median": 0.5757575757575758}
narrow band (5 %) {"best_single_level": 60, "best_single_mean": 19.09010823887951, "calibration_level": 60, "calibration_level_mean": 19.09010823887951, "bayes_rule_mean": 19.230704256643385, "bayes_level_iqr": 0.08080808080808077, "bayes_level_median": 0.5959595959595959}
wide band (20 %) {"best_single_level": 60, "best_single_mean": 12.2864267241242, "calibration_level": 55, "calibration_level_mean": 12.328369027965373, "bayes_rule_mean": 12.529650311960228, "bayes_level_iqr": 0.13131313131313127, "bayes_level_median": 0.5555555555555556}
harsher over-drawal (1.5x beyond band) {"best_single_level": 70, "best_single_mean": 19.10198338076586, "calibration_level": 65, "calibration_level_mean": 19.16765978033964, "bayes_rule_mean": 19.19828404232698, "bayes_level_iqr": 0.11111111111111105, "bayes_level_median": 0.6363636363636364}
smaller under-drawal credit (0.8 / 0.6) {"best_single_level": 45, "best_single_mean": 21.3218815253644, "calibration_level": 45, "calibration_level_mean": 21.3218815253644, "bayes_rule_mean": 21.527225907639327, "bayes_level_iqr": 0.09090909090909094, "bayes_level_median": 0.43434343434343436}
no credit haircut in band (1.0) {"best_single_level": 70, "best_single_mean": 11.756153130298896, "calibration_level": 65, "calibration_level_mean": 11.845887842895014, "bayes_rule_mean": 11.831874391018177, "bayes_level_iqr": 0.11111111111111105, "bayes_level_median": 0.7070707070707071}
{
 "note": "additional analysis, not pre-registered; frozen solver and stored forecasts; hindsight choices are upper bounds, not rules",
 "n_state_days_test": 17543,
 "solve_times": {
  "A2 (CVaR over widened scenarios)": {
   "seconds_all_days": 5.65706698782742,
   "ms_per_state_day": 0.1910332282385243
  },
  "R0 (Bayes rule)": {
   "seconds_all_days": 4.872680364176631,
   "ms_per_state_day": 0.1645453133480779
  },
  "A5 (joint scenarios, GPU)": {
   "seconds_all_days": 1.9989565182477236,
   "ms_per_state_day": 0.06750266836347968
  },
  "A1 (PPO) training, five seeds": {
   "seconds_all_days": 1666.6,
   "ms_per_state_day": null
  }
 },
 "projection_binding_share_a2": 0.17728700233005776,
 "rules_test": {
  "P": {
   "mean": 15.918395661015753,
   "cvar90": 41.712710990025165,
   "J": 28.815553325520458
  },
  "A2": {
   "mean": 15.799132139499212,
   "cvar90": 38.508346898901614,
   "J": 27.153739519200414
  },
  "R0": {
   "mean": 15.626173591150346,
   "cvar90": 39.57214233049748,
   "J": 27.599157960823913
  }
 },
 "r0_vs_a2": {
  "mean_diff": -0.17295854834886898,
  "lo": -0.3160812604701132,
  "hi": 0.008021195999398933,
  "p_a_better": 0.006059107903268191,
  "n_days": 516
 },
 "r0_vs_p": {
  "mean_diff": -0.2922220698654052,
  "lo": -0.5214043565887849,
  "hi": -0.11432088521100002,
  "p_a_better": 0.000781670398322744,
  "n_days": 516
 },
 "r0_level_test": {
  "median": 0.5757575757575758,
  "iqr": 0.11111111111111116
 },
 "per_state_levels": {
  "test": {
   "mean": 15.496195974169824,
   "cvar90": 39.33206767446972,
   "J": 27.41413182431977
  },
  "constant_test": {
   "mean": 15.565288338781937,
   "cvar90": 39.97551421693673,
   "J": 27.770401277859335
  },
  "vs_constant": {
   "mean_diff": -0.06909236461211374,
   "lo": -0.13617113450090942,
   "hi": -0.01081274254218507,
   "p_a_better": 0.007781119274739416,
   "n_days": 516
  },
  "vs_a2": {
   "mean_diff": -0.30293616532939094,
   "lo": -0.49448440933755244,
   "hi": -0.07196329424011542,
   "p_a_better": 0.0004441097737892578,
   "n_days": 516
  },
  "levels_used": [
   50,
   55,
   60,
   65
  ]
 },
 "seconds": 103
}
===== x_settlement_extensions end 2026-09-21T22:47:15 rc=0 seconds=106

===== x_settlement_extensions start 2026-09-21T22:53:39 host=master job=32201.master
stylised 2024 settlement {"best_single_level": 60, "best_single_mean": 15.445451765376392, "calibration_level": 55, "calibration_level_mean": 15.565288338781937, "levels": [5, 10, 15, 20, 25, 30, 35, 40, 45, 50, 55, 60, 65, 70, 75, 80, 85, 90, 95], "mean_by_level": [51.93631383834505, 37.33800638004958, 31.4777741874139, 26.423278081576225, 22.283551576522974, 20.370135065407975, 18.780435948616663, 17.518219300829664, 16.567699957713355, 15.918395661015753, 15.565288338781937, 15.445451765376392, 15.5313900659109, 15.818589160928976, 16.283009001562057, 17.33448125436971, 18.713230950118486, 20.353624765323882, 24.027152828694234], "bayes_rule_mean": 15.626173591150346, "bayes_level_iqr": 0.11111111111111116, "bayes_level_median": 0.5757575757575758}
narrow band (5 %) {"best_single_level": 60, "best_single_mean": 19.09010823887951, "calibration_level": 60, "calibration_level_mean": 19.09010823887951, "levels": [5, 10, 15, 20, 25, 30, 35, 40, 45, 50, 55, 60, 65, 70, 75, 80, 85, 90, 95], "mean_by_level": [59.814708420238546, 44.50612768160106, 38.151177697515585, 32.498484403250195, 27.717777703972864, 25.45190803326232, 23.521963865683187, 21.934148422648676, 20.70405428343946, 19.82796067162603, 19.319403080760765, 19.09010823887951, 19.115183839190845, 19.37871674661294, 19.86052624817884, 21.006533928952603, 22.530274499703022, 24.333361200727513, 28.381664173230494], "bayes_rule_mean": 19.230704256643385, "bayes_level_iqr": 0.08080808080808077, "bayes_level_median": 0.5959595959595959}
wide band (20 %) {"best_single_level": 60, "best_single_mean": 12.2864267241242, "calibration_level": 55, "calibration_level_mean": 12.328369027965373, "levels": [5, 10, 15, 20, 25, 30, 35, 40, 45, 50, 55, 60, 65, 70, 75, 80, 85, 90, 95], "mean_by_level": [40.18242968013151, 28.149930142297272, 23.621204995129585, 19.856553777884624, 16.88583741953976, 15.552865876864688, 14.452780802752873, 13.595012751154059, 12.960629326603117, 12.540713476262685, 12.328369027965373, 12.2864267241242, 12.40100211432549, 12.666825287855472, 13.067186710827732, 13.936943988675026, 15.04712707596136, 16.351785849371122, 19.25076621762775], "bayes_rule_mean": 12.529650311960228, "bayes_level_iqr": 0.13131313131313127, "bayes_level_median": 0.5555555555555556}
harsher over-drawal (1.5x beyond band) {"best_single_level": 70, "best_single_mean": 19.10198338076586, "calibration_level": 65, "calibration_level_mean": 19.16765978033964, "levels": [5, 10, 15, 20, 25, 30, 35, 40, 45, 50, 55, 60, 65, 70, 75, 80, 85, 90, 95], "mean_by_level": [91.41230989371256, 63.03835439901751, 51.719060834327294, 42.01249766455961, 34.08512467456444, 30.378213256163583, 27.25748930499518, 24.72566249727382, 22.728137030399225, 21.217449447182005, 20.19283079763257, 19.52740625747259, 19.16765978033964, 19.10198338076586, 19.28407828964724, 19.99521692896153, 21.147234432330546, 22.644793086119112, 26.17784819188012], "bayes_rule_mean": 19.19828404232698, "bayes_level_iqr": 0.11111111111111105, "bayes_level_median": 0.6363636363636364}
smaller under-drawal credit (0.8 / 0.6) {"best_single_level": 45, "best_single_mean": 21.3218815253644, "calibration_level": 45, "calibration_level_mean": 21.3218815253644, "levels": [5, 10, 15, 20, 25, 30, 35, 40, 45, 50, 55, 60, 65, 70, 75, 80, 85, 90, 95], "mean_by_level": [52.548216050209284, 38.43476407480969, 32.93674118292272, 28.36940846338688, 24.86604757228209, 23.392552713056993, 22.309570545667853, 21.622462607541795, 21.3218815253644, 21.403619346635466, 21.809488056759353, 22.519996964397272, 23.504142775703997, 24.757217849928907, 26.251853407824804, 29.06226688152903, 32.328156358383474, 35.960244164014355, 43.70527787855563], "bayes_rule_mean": 21.527225907639327, "bayes_level_iqr": 0.09090909090909094, "bayes_level_median": 0.43434343434343436}
no credit haircut in band (1.0) {"best_single_level": 70, "best_single_mean": 11.756153130298896, "calibration_level": 65, "calibration_level_mean": 11.845887842895014, "levels": [5, 10, 15, 20, 25, 30, 35, 40, 45, 50, 55, 60, 65, 70, 75, 80, 85, 90, 95], "mean_by_level": [51.665895128476215, 36.809099689973124, 30.764022543461326, 25.470487877597044, 21.017792300501448, 18.8901820619332, 17.054819035524964, 15.513836320277845, 14.259530380688986, 13.278215912917062, 12.595644665153012, 12.125373668118025, 11.845887842895014, 11.756153130298896, 11.838430177930446, 12.302260752232023, 13.12701893301774, 14.252490695766438, 17.0476184838413], "bayes_rule_mean": 11.831874391018177, "bayes_level_iqr": 0.11111111111111105, "bayes_level_median": 0.7070707070707071}
{
 "note": "additional analysis, not pre-registered; frozen solver and stored forecasts; hindsight choices are upper bounds, not rules",
 "n_state_days_test": 17543,
 "solve_times": {
  "A2 (CVaR over widened scenarios)": {
   "seconds_all_days": 5.765445310622454,
   "ms_per_state_day": 0.1946930507082178
  },
  "R0 (Bayes rule)": {
   "seconds_all_days": 4.908595850691199,
   "ms_per_state_day": 0.16575814171786712
  },
  "A5 (joint scenarios, GPU)": {
   "seconds_all_days": 2.010955372825265,
   "ms_per_state_day": 0.06790785711765998
  },
  "A1 (PPO) training, five seeds": {
   "seconds_all_days": 1666.6,
   "ms_per_state_day": null
  }
 },
 "projection_binding_share_a2": 0.17728700233005776,
 "rules_test": {
  "P": {
   "mean": 15.918395661015753,
   "cvar90": 41.712710990025165,
   "J": 28.815553325520458
  },
  "A2": {
   "mean": 15.799132139499212,
   "cvar90": 38.508346898901614,
   "J": 27.153739519200414
  },
  "R0": {
   "mean": 15.626173591150346,
   "cvar90": 39.57214233049748,
   "J": 27.599157960823913
  }
 },
 "r0_vs_a2": {
  "mean_diff": -0.17295854834886898,
  "lo": -0.3160812604701132,
  "hi": 0.008021195999398933,
  "p_a_better": 0.006059107903268191,
  "n_days": 516
 },
 "r0_vs_p": {
  "mean_diff": -0.2922220698654052,
  "lo": -0.5214043565887849,
  "hi": -0.11432088521100002,
  "p_a_better": 0.000781670398322744,
  "n_days": 516
 },
 "r0_level_test": {
  "median": 0.5757575757575758,
  "iqr": 0.11111111111111116
 },
 "per_state_levels": {
  "test": {
   "mean": 15.496195974169824,
   "cvar90": 39.33206767446972,
   "J": 27.41413182431977
  },
  "constant_test": {
   "mean": 15.565288338781937,
   "cvar90": 39.97551421693673,
   "J": 27.770401277859335
  },
  "vs_constant": {
   "mean_diff": -0.06909236461211374,
   "lo": -0.13617113450090942,
   "hi": -0.01081274254218507,
   "p_a_better": 0.007781119274739416,
   "n_days": 516
  },
  "vs_a2": {
   "mean_diff": -0.30293616532939094,
   "lo": -0.49448440933755244,
   "hi": -0.07196329424011542,
   "p_a_better": 0.0004441097737892578,
   "n_days": 516
  },
  "levels_used": [
   50,
   55,
   60,
   65
  ]
 },
 "seconds": 104
}
===== x_settlement_extensions end 2026-09-21T22:55:25 rc=0 seconds=106

===== x_settlement_extensions start 2026-09-21T23:02:52 host=master job=32207.master
stylised 2024 settlement {"best_single_level": 60, "best_single_mean": 15.445451765376392, "calibration_level": 55, "calibration_level_mean": 15.565288338781937, "levels": [5, 10, 15, 20, 25, 30, 35, 40, 45, 50, 55, 60, 65, 70, 75, 80, 85, 90, 95], "mean_by_level": [51.93631383834505, 37.33800638004958, 31.4777741874139, 26.423278081576225, 22.283551576522974, 20.370135065407975, 18.780435948616663, 17.518219300829664, 16.567699957713355, 15.918395661015753, 15.565288338781937, 15.445451765376392, 15.5313900659109, 15.818589160928976, 16.283009001562057, 17.33448125436971, 18.713230950118486, 20.353624765323882, 24.027152828694234], "bayes_rule_mean": 15.626173591150346, "bayes_level_iqr": 0.11111111111111116, "bayes_level_median": 0.5757575757575758}
narrow band (5 %) {"best_single_level": 60, "best_single_mean": 19.09010823887951, "calibration_level": 60, "calibration_level_mean": 19.09010823887951, "levels": [5, 10, 15, 20, 25, 30, 35, 40, 45, 50, 55, 60, 65, 70, 75, 80, 85, 90, 95], "mean_by_level": [59.814708420238546, 44.50612768160106, 38.151177697515585, 32.498484403250195, 27.717777703972864, 25.45190803326232, 23.521963865683187, 21.934148422648676, 20.70405428343946, 19.82796067162603, 19.319403080760765, 19.09010823887951, 19.115183839190845, 19.37871674661294, 19.86052624817884, 21.006533928952603, 22.530274499703022, 24.333361200727513, 28.381664173230494], "bayes_rule_mean": 19.230704256643385, "bayes_level_iqr": 0.08080808080808077, "bayes_level_median": 0.5959595959595959}
wide band (20 %) {"best_single_level": 60, "best_single_mean": 12.2864267241242, "calibration_level": 55, "calibration_level_mean": 12.328369027965373, "levels": [5, 10, 15, 20, 25, 30, 35, 40, 45, 50, 55, 60, 65, 70, 75, 80, 85, 90, 95], "mean_by_level": [40.18242968013151, 28.149930142297272, 23.621204995129585, 19.856553777884624, 16.88583741953976, 15.552865876864688, 14.452780802752873, 13.595012751154059, 12.960629326603117, 12.540713476262685, 12.328369027965373, 12.2864267241242, 12.40100211432549, 12.666825287855472, 13.067186710827732, 13.936943988675026, 15.04712707596136, 16.351785849371122, 19.25076621762775], "bayes_rule_mean": 12.529650311960228, "bayes_level_iqr": 0.13131313131313127, "bayes_level_median": 0.5555555555555556}
harsher over-drawal (1.5x beyond band) {"best_single_level": 70, "best_single_mean": 19.10198338076586, "calibration_level": 65, "calibration_level_mean": 19.16765978033964, "levels": [5, 10, 15, 20, 25, 30, 35, 40, 45, 50, 55, 60, 65, 70, 75, 80, 85, 90, 95], "mean_by_level": [91.41230989371256, 63.03835439901751, 51.719060834327294, 42.01249766455961, 34.08512467456444, 30.378213256163583, 27.25748930499518, 24.72566249727382, 22.728137030399225, 21.217449447182005, 20.19283079763257, 19.52740625747259, 19.16765978033964, 19.10198338076586, 19.28407828964724, 19.99521692896153, 21.147234432330546, 22.644793086119112, 26.17784819188012], "bayes_rule_mean": 19.19828404232698, "bayes_level_iqr": 0.11111111111111105, "bayes_level_median": 0.6363636363636364}
smaller under-drawal credit (0.8 / 0.6) {"best_single_level": 45, "best_single_mean": 21.3218815253644, "calibration_level": 45, "calibration_level_mean": 21.3218815253644, "levels": [5, 10, 15, 20, 25, 30, 35, 40, 45, 50, 55, 60, 65, 70, 75, 80, 85, 90, 95], "mean_by_level": [52.548216050209284, 38.43476407480969, 32.93674118292272, 28.36940846338688, 24.86604757228209, 23.392552713056993, 22.309570545667853, 21.622462607541795, 21.3218815253644, 21.403619346635466, 21.809488056759353, 22.519996964397272, 23.504142775703997, 24.757217849928907, 26.251853407824804, 29.06226688152903, 32.328156358383474, 35.960244164014355, 43.70527787855563], "bayes_rule_mean": 21.527225907639327, "bayes_level_iqr": 0.09090909090909094, "bayes_level_median": 0.43434343434343436}
no credit haircut in band (1.0) {"best_single_level": 70, "best_single_mean": 11.756153130298896, "calibration_level": 65, "calibration_level_mean": 11.845887842895014, "levels": [5, 10, 15, 20, 25, 30, 35, 40, 45, 50, 55, 60, 65, 70, 75, 80, 85, 90, 95], "mean_by_level": [51.665895128476215, 36.809099689973124, 30.764022543461326, 25.470487877597044, 21.017792300501448, 18.8901820619332, 17.054819035524964, 15.513836320277845, 14.259530380688986, 13.278215912917062, 12.595644665153012, 12.125373668118025, 11.845887842895014, 11.756153130298896, 11.838430177930446, 12.302260752232023, 13.12701893301774, 14.252490695766438, 17.0476184838413], "bayes_rule_mean": 11.831874391018177, "bayes_level_iqr": 0.11111111111111105, "bayes_level_median": 0.7070707070707071}
{
 "note": "additional analysis, not pre-registered; frozen solver and stored forecasts; hindsight choices are upper bounds, not rules",
 "n_state_days_test": 17543,
 "solve_times": {
  "A2 (CVaR over widened scenarios)": {
   "seconds_all_days": 5.5821060836315155,
   "ms_per_state_day": 0.18850187700103047
  },
  "R0 (Bayes rule)": {
   "seconds_all_days": 4.762244328856468,
   "ms_per_state_day": 0.16081600408119637
  },
  "A5 (joint scenarios, GPU)": {
   "seconds_all_days": 1.9958323948085308,
   "ms_per_state_day": 0.06739716998644281
  },
  "A1 (PPO) training, five seeds": {
   "seconds_all_days": 1666.6,
   "ms_per_state_day": null
  }
 },
 "projection_binding_share_a2": 0.17728700233005776,
 "rules_test": {
  "P": {
   "mean": 15.918395661015753,
   "cvar90": 41.712710990025165,
   "J": 28.815553325520458
  },
  "A2": {
   "mean": 15.799132139499212,
   "cvar90": 38.508346898901614,
   "J": 27.153739519200414
  },
  "R0": {
   "mean": 15.626173591150346,
   "cvar90": 39.57214233049748,
   "J": 27.599157960823913
  }
 },
 "r0_vs_a2": {
  "mean_diff": -0.17295854834886898,
  "lo": -0.3160812604701132,
  "hi": 0.008021195999398933,
  "p_a_better": 0.006059107903268191,
  "n_days": 516
 },
 "r0_vs_p": {
  "mean_diff": -0.2922220698654052,
  "lo": -0.5214043565887849,
  "hi": -0.11432088521100002,
  "p_a_better": 0.000781670398322744,
  "n_days": 516
 },
 "r0_level_test": {
  "median": 0.5757575757575758,
  "iqr": 0.11111111111111116
 },
 "per_state_levels": {
  "test": {
   "mean": 15.496195974169824,
   "cvar90": 39.33206767446972,
   "J": 27.41413182431977
  },
  "constant_test": {
   "mean": 15.565288338781937,
   "cvar90": 39.97551421693673,
   "J": 27.770401277859335
  },
  "vs_constant": {
   "mean_diff": -0.06909236461211374,
   "lo": -0.13617113450090942,
   "hi": -0.01081274254218507,
   "p_a_better": 0.007781119274739416,
   "n_days": 516
  },
  "vs_a2": {
   "mean_diff": -0.30293616532939094,
   "lo": -0.49448440933755244,
   "hi": -0.07196329424011542,
   "p_a_better": 0.0004441097737892578,
   "n_days": 516
  },
  "levels_used": [
   50,
   55,
   60,
   65
  ]
 },
 "a2_grid_test": [
  {
   "beta": 0,
   "rho": 0,
   "frozen": false,
   "mean": 15.626173591150346,
   "cvar90": 39.57214233049748,
   "J": 27.599157960823913
  },
  {
   "beta": 0,
   "rho": 0.1,
   "frozen": false,
   "mean": 15.632373143906406,
   "cvar90": 39.29999137622256,
   "J": 27.466182260064482
  },
  {
   "beta": 0,
   "rho": 0.25,
   "frozen": false,
   "mean": 15.660632341185854,
   "cvar90": 38.95674648932204,
   "J": 27.308689415253948
  },
  {
   "beta": 0,
   "rho": 0.5,
   "frozen": true,
   "mean": 15.799132139499212,
   "cvar90": 38.508346898901614,
   "J": 27.153739519200414
  },
  {
   "beta": 0.25,
   "rho": 0,
   "frozen": false,
   "mean": 15.763012774088777,
   "cvar90": 39.608166649302866,
   "J": 27.685589711695823
  },
  {
   "beta": 0.25,
   "rho": 0.1,
   "frozen": false,
   "mean": 15.796521148508083,
   "cvar90": 39.369447724818926,
   "J": 27.582984436663505
  },
  {
   "beta": 0.25,
   "rho": 0.25,
   "frozen": false,
   "mean": 15.882876452087404,
   "cvar90": 39.01445159252584,
   "J": 27.44866402230662
  },
  {
   "beta": 0.25,
   "rho": 0.5,
   "frozen": false,
   "mean": 16.162501408940575,
   "cvar90": 38.821685446151406,
   "J": 27.49209342754599
  },
  {
   "beta": 0.5,
   "rho": 0,
   "frozen": false,
   "mean": 15.850724648002265,
   "cvar90": 39.69227072672273,
   "J": 27.771497687362498
  },
  {
   "beta": 0.5,
   "rho": 0.1,
   "frozen": false,
   "mean": 15.905264011827,
   "cvar90": 39.44928159219645,
   "J": 27.677272802011725
  },
  {
   "beta": 0.5,
   "rho": 0.25,
   "frozen": false,
   "mean": 16.039860468281955,
   "cvar90": 39.119806568416934,
   "J": 27.579833518349446
  },
  {
   "beta": 0.5,
   "rho": 0.5,
   "frozen": false,
   "mean": 16.374883015844627,
   "cvar90": 39.09703936210606,
   "J": 27.735961188975345
  },
  {
   "beta": 0.75,
   "rho": 0,
   "frozen": false,
   "mean": 15.897986171234681,
   "cvar90": 39.66609914211991,
   "J": 27.782042656677298
  },
  {
   "beta": 0.75,
   "rho": 0.1,
   "frozen": false,
   "mean": 15.967754942737812,
   "cvar90": 39.47528570895373,
   "J": 27.72152032584577
  },
  {
   "beta": 0.75,
   "rho": 0.25,
   "frozen": false,
   "mean": 16.12294502287654,
   "cvar90": 39.19445219274332,
   "J": 27.65869860780993
  },
  {
   "beta": 0.75,
   "rho": 0.5,
   "frozen": false,
   "mean": 16.50149365087083,
   "cvar90": 39.22215367641681,
   "J": 27.86182366364382
  },
  {
   "beta": 1.0,
   "rho": 0,
   "frozen": false,
   "mean": 15.934788161904159,
   "cvar90": 39.6550096146641,
   "J": 27.79489888828413
  },
  {
   "beta": 1.0,
   "rho": 0.1,
   "frozen": false,
   "mean": 16.013543868910933,
   "cvar90": 39.51109419240215,
   "J": 27.762319030656542
  },
  {
   "beta": 1.0,
   "rho": 0.25,
   "frozen": false,
   "mean": 16.18120212396511,
   "cvar90": 39.268939915969455,
   "J": 27.72507101996728
  },
  {
   "beta": 1.0,
   "rho": 0.5,
   "frozen": false,
   "mean": 16.594849575999138,
   "cvar90": 39.389840510138306,
   "J": 27.992345043068724
  }
 ],
 "seconds": 247
}
===== x_settlement_extensions end 2026-09-21T23:07:02 rc=0 seconds=250
