Channels:
 - defaults
Platform: linux-64
Collecting package metadata (repodata.json): ...working... done
Solving environment: ...working... done

## Package Plan ##

  environment location: /Data3/<hpc-user>/.conda/envs/refused_h100

  added / updated specs:
    - pip
    - python=3.10


The following NEW packages will be INSTALLED:

  _libgcc_mutex      pkgs/main/linux-64::_libgcc_mutex-0.1-main 
  _openmp_mutex      pkgs/main/linux-64::_openmp_mutex-5.1-52_gnu 
  bzip2              pkgs/main/linux-64::bzip2-1.0.8-h5eee18b_6 
  ca-certificates    pkgs/main/linux-64::ca-certificates-2026.8.13-h06a4308_0 
  ld_impl_linux-64   pkgs/main/linux-64::ld_impl_linux-64-2.44-h9e0c5a2_3 
  libexpat           pkgs/main/linux-64::libexpat-2.8.4-h7354ed3_0 
  libffi             pkgs/main/linux-64::libffi-3.4.8-h06d3fd0_3 
  libgcc             pkgs/main/linux-64::libgcc-15.2.0-h69a1729_8 
  libgcc-ng          pkgs/main/linux-64::libgcc-ng-15.2.0-h166f726_8 
  libnsl             pkgs/main/linux-64::libnsl-2.0.0-h5eee18b_0 
  libstdcxx          pkgs/main/linux-64::libstdcxx-15.2.0-h39759b7_8 
  libuuid            pkgs/main/linux-64::libuuid-1.41.5-h5eee18b_0 
  libxcb             pkgs/main/linux-64::libxcb-1.17.0-h9b100fa_0 
  libzlib            pkgs/main/linux-64::libzlib-1.3.2-h47b2149_0 
  ncurses            pkgs/main/linux-64::ncurses-6.6-hfaaeb4e_0 
  openssl            pkgs/main/linux-64::openssl-3.5.8-h1b28b03_0 
  packaging          pkgs/main/linux-64::packaging-26.3-py310h06a4308_0 
  pip                pkgs/main/noarch::pip-26.2.1-pyhc872135_0 
  pthread-stubs      pkgs/main/linux-64::pthread-stubs-0.3-h47b2149_2 
  python             pkgs/main/linux-64::python-3.10.21-h17756b0_0 
  readline           pkgs/main/linux-64::readline-8.3-hc2a1206_0 
  setuptools         pkgs/main/linux-64::setuptools-83.0.0-py310h06a4308_0 
  sqlite             pkgs/main/linux-64::sqlite-3.53.4-h795bf6d_0 
  tk                 pkgs/main/linux-64::tk-8.6.15-h54e0aa7_0 
  tzdata             pkgs/main/noarch::tzdata-2026c-he532380_0 
  wheel              pkgs/main/linux-64::wheel-0.47.0-py310h06a4308_0 
  xorg-libx11        pkgs/main/linux-64::xorg-libx11-1.8.13-h65de747_0 
  xorg-libxau        pkgs/main/linux-64::xorg-libxau-1.0.12-h9b100fa_0 
  xorg-libxdmcp      pkgs/main/linux-64::xorg-libxdmcp-1.1.5-h9b100fa_0 
  xorg-xorgproto     pkgs/main/linux-64::xorg-xorgproto-2025.1-h47b2149_0 
  xz                 pkgs/main/linux-64::xz-5.8.2-h448239c_0 
  zlib               pkgs/main/linux-64::zlib-1.3.2-h47b2149_0 



Downloading and Extracting Packages: ...working... done
Preparing transaction: ...working... done
Verifying transaction: ...working... done
Executing transaction: ...working... done
#
# To activate this environment, use
#
#     $ conda activate refused_h100
#
# To deactivate an active environment, use
#
#     $ conda deactivate

Requirement already satisfied: pip in /Data3/<hpc-user>/.conda/envs/refused_h100/lib/python3.10/site-packages (26.2.1)
Looking in indexes: https://download.pytorch.org/whl/cu121
Collecting torch==2.5.1
  Using cached torch-2.5.1%2Bcu121-cp310-cp310-linux_x86_64.whl (780.4 MB)
Collecting filelock (from torch==2.5.1)
  Using cached filelock-3.32.3-py3-none-any.whl.metadata (2.0 kB)
Collecting typing-extensions>=4.8.0 (from torch==2.5.1)
  Using cached typing_extensions-4.16.0-py3-none-any.whl.metadata (3.3 kB)
Collecting networkx (from torch==2.5.1)
  Using cached networkx-3.4.2-py3-none-any.whl.metadata (6.3 kB)
Collecting jinja2 (from torch==2.5.1)
  Using cached jinja2-3.1.6-py3-none-any.whl.metadata (2.9 kB)
Collecting fsspec (from torch==2.5.1)
  Using cached fsspec-2026.7.0-py3-none-any.whl.metadata (10 kB)
Collecting nvidia-cuda-nvrtc-cu12==12.1.105 (from torch==2.5.1)
  Downloading nvidia_cuda_nvrtc_cu12-12.1.105-py3-none-manylinux1_x86_64.whl (23.7 MB)
     ━━━━━━━━━━━━━━━━━━━━━━━━━━━━━━━━━━━━━━━━ 23.7/23.7 MB 71.1 MB/s  0:00:00
Collecting nvidia-cuda-runtime-cu12==12.1.105 (from torch==2.5.1)
  Downloading nvidia_cuda_runtime_cu12-12.1.105-py3-none-manylinux1_x86_64.whl (823 kB)
     ━━━━━━━━━━━━━━━━━━━━━━━━━━━━━━━━━━━━━━━━ 823.6/823.6 kB 84.9 MB/s  0:00:00
Collecting nvidia-cuda-cupti-cu12==12.1.105 (from torch==2.5.1)
  Downloading nvidia_cuda_cupti_cu12-12.1.105-py3-none-manylinux1_x86_64.whl (14.1 MB)
     ━━━━━━━━━━━━━━━━━━━━━━━━━━━━━━━━━━━━━━━━ 14.1/14.1 MB 60.0 MB/s  0:00:00
Collecting nvidia-cudnn-cu12==9.1.0.70 (from torch==2.5.1)
  Using cached nvidia_cudnn_cu12-9.1.0.70-py3-none-manylinux2014_x86_64.whl (664.8 MB)
Collecting nvidia-cublas-cu12==12.1.3.1 (from torch==2.5.1)
  Downloading nvidia_cublas_cu12-12.1.3.1-py3-none-manylinux1_x86_64.whl (410.6 MB)
     ━━━━━━━━━━━━━━━━━━━━━━━━━━━━━━━━━━━━━━━━ 410.6/410.6 MB 47.9 MB/s  0:00:07
Collecting nvidia-cufft-cu12==11.0.2.54 (from torch==2.5.1)
  Downloading nvidia_cufft_cu12-11.0.2.54-py3-none-manylinux1_x86_64.whl (121.6 MB)
     ━━━━━━━━━━━━━━━━━━━━━━━━━━━━━━━━━━━━━━━━ 121.6/121.6 MB 48.5 MB/s  0:00:02
Collecting nvidia-curand-cu12==10.3.2.106 (from torch==2.5.1)
  Downloading nvidia_curand_cu12-10.3.2.106-py3-none-manylinux1_x86_64.whl (56.5 MB)
     ━━━━━━━━━━━━━━━━━━━━━━━━━━━━━━━━━━━━━━━━ 56.5/56.5 MB 53.8 MB/s  0:00:01
Collecting nvidia-cusolver-cu12==11.4.5.107 (from torch==2.5.1)
  Downloading nvidia_cusolver_cu12-11.4.5.107-py3-none-manylinux1_x86_64.whl (124.2 MB)
     ━━━━━━━━━━━━━━━━━━━━━━━━━━━━━━━━━━━━━━━━ 124.2/124.2 MB 48.5 MB/s  0:00:02
Collecting nvidia-cusparse-cu12==12.1.0.106 (from torch==2.5.1)
  Downloading nvidia_cusparse_cu12-12.1.0.106-py3-none-manylinux1_x86_64.whl (196.0 MB)
     ━━━━━━━━━━━━━━━━━━━━━━━━━━━━━━━━━━━━━━━━ 196.0/196.0 MB 53.9 MB/s  0:00:03
Collecting nvidia-nccl-cu12==2.21.5 (from torch==2.5.1)
  Downloading nvidia_nccl_cu12-2.21.5-py3-none-manylinux2014_x86_64.whl (188.7 MB)
     ━━━━━━━━━━━━━━━━━━━━━━━━━━━━━━━━━━━━━━━━ 188.7/188.7 MB 60.6 MB/s  0:00:03
Collecting nvidia-nvtx-cu12==12.1.105 (from torch==2.5.1)
  Downloading nvidia_nvtx_cu12-12.1.105-py3-none-manylinux1_x86_64.whl (99 kB)
Collecting triton==3.1.0 (from torch==2.5.1)
  Using cached triton-3.1.0-cp310-cp310-manylinux_2_17_x86_64.manylinux2014_x86_64.whl (209.5 MB)
Collecting sympy==1.13.1 (from torch==2.5.1)
  Using cached sympy-1.13.1-py3-none-any.whl.metadata (12 kB)
Collecting nvidia-nvjitlink-cu12 (from nvidia-cusolver-cu12==11.4.5.107->torch==2.5.1)
  Downloading nvidia_nvjitlink_cu12-12.9.86-py3-none-manylinux2010_x86_64.manylinux_2_12_x86_64.whl (39.7 MB)
     ━━━━━━━━━━━━━━━━━━━━━━━━━━━━━━━━━━━━━━━━ 39.7/39.7 MB 51.7 MB/s  0:00:00
Collecting mpmath<1.4,>=1.1.0 (from sympy==1.13.1->torch==2.5.1)
  Using cached mpmath-1.3.0-py3-none-any.whl.metadata (8.6 kB)
Collecting MarkupSafe>=2.0 (from jinja2->torch==2.5.1)
  Using cached markupsafe-3.0.3-cp310-cp310-manylinux2014_x86_64.manylinux_2_17_x86_64.manylinux_2_28_x86_64.whl.metadata (2.7 kB)
Using cached sympy-1.13.1-py3-none-any.whl (6.2 MB)
Using cached mpmath-1.3.0-py3-none-any.whl (536 kB)
Using cached typing_extensions-4.16.0-py3-none-any.whl (45 kB)
Using cached filelock-3.32.3-py3-none-any.whl (98 kB)
Using cached fsspec-2026.7.0-py3-none-any.whl (206 kB)
Using cached jinja2-3.1.6-py3-none-any.whl (134 kB)
Using cached markupsafe-3.0.3-cp310-cp310-manylinux2014_x86_64.manylinux_2_17_x86_64.manylinux_2_28_x86_64.whl (20 kB)
Using cached networkx-3.4.2-py3-none-any.whl (1.7 MB)
Installing collected packages: mpmath, typing-extensions, sympy, nvidia-nvtx-cu12, nvidia-nvjitlink-cu12, nvidia-nccl-cu12, nvidia-curand-cu12, nvidia-cufft-cu12, nvidia-cuda-runtime-cu12, nvidia-cuda-nvrtc-cu12, nvidia-cuda-cupti-cu12, nvidia-cublas-cu12, networkx, MarkupSafe, fsspec, filelock, triton, nvidia-cusparse-cu12, nvidia-cudnn-cu12, jinja2, nvidia-cusolver-cu12, torch

Successfully installed MarkupSafe-3.0.3 filelock-3.32.3 fsspec-2026.7.0 jinja2-3.1.6 mpmath-1.3.0 networkx-3.4.2 nvidia-cublas-cu12-12.1.3.1 nvidia-cuda-cupti-cu12-12.1.105 nvidia-cuda-nvrtc-cu12-12.1.105 nvidia-cuda-runtime-cu12-12.1.105 nvidia-cudnn-cu12-9.1.0.70 nvidia-cufft-cu12-11.0.2.54 nvidia-curand-cu12-10.3.2.106 nvidia-cusolver-cu12-11.4.5.107 nvidia-cusparse-cu12-12.1.0.106 nvidia-nccl-cu12-2.21.5 nvidia-nvjitlink-cu12-12.9.86 nvidia-nvtx-cu12-12.1.105 sympy-1.13.1 torch-2.5.1+cu121 triton-3.1.0 typing-extensions-4.16.0
Collecting numpy==2.2.6 (from -r requirements-h100.txt (line 4))
  Using cached numpy-2.2.6-cp310-cp310-manylinux_2_17_x86_64.manylinux2014_x86_64.whl.metadata (62 kB)
Collecting pandas==2.3.3 (from -r requirements-h100.txt (line 5))
  Using cached pandas-2.3.3-cp310-cp310-manylinux_2_24_x86_64.manylinux_2_28_x86_64.whl.metadata (91 kB)
Collecting pyarrow==25.0.1 (from -r requirements-h100.txt (line 6))
  Using cached pyarrow-25.0.1-cp310-cp310-manylinux_2_28_x86_64.whl.metadata (3.0 kB)
Collecting scipy==1.15.3 (from -r requirements-h100.txt (line 7))
  Using cached scipy-1.15.3-cp310-cp310-manylinux_2_17_x86_64.manylinux2014_x86_64.whl.metadata (61 kB)
Collecting scikit-learn==1.7.2 (from -r requirements-h100.txt (line 8))
  Using cached scikit_learn-1.7.2-cp310-cp310-manylinux2014_x86_64.manylinux_2_17_x86_64.whl.metadata (11 kB)
Collecting statsmodels==0.14.6 (from -r requirements-h100.txt (line 9))
  Using cached statsmodels-0.14.6-cp310-cp310-manylinux2014_x86_64.manylinux_2_17_x86_64.manylinux_2_28_x86_64.whl.metadata (9.5 kB)
Collecting lightgbm==4.7.0 (from -r requirements-h100.txt (line 10))
  Using cached lightgbm-4.7.0-py3-none-manylinux_2_27_x86_64.manylinux_2_28_x86_64.whl.metadata (18 kB)
Collecting pytorch-lightning==2.5.6 (from -r requirements-h100.txt (line 11))
  Using cached pytorch_lightning-2.5.6-py3-none-any.whl.metadata (20 kB)
Collecting torchmetrics==1.9.0 (from -r requirements-h100.txt (line 12))
  Using cached torchmetrics-1.9.0-py3-none-any.whl.metadata (23 kB)
Collecting utilsforecast==0.2.16 (from -r requirements-h100.txt (line 13))
  Using cached utilsforecast-0.2.16-py3-none-any.whl.metadata (4.7 kB)
Collecting coreforecast==0.0.18 (from -r requirements-h100.txt (line 14))
  Using cached coreforecast-0.0.18-cp310-cp310-manylinux_2_27_x86_64.manylinux_2_28_x86_64.whl.metadata (3.6 kB)
Collecting chronos-forecasting==2.3.2 (from -r requirements-h100.txt (line 15))
  Using cached chronos_forecasting-2.3.2-py3-none-any.whl.metadata (24 kB)
Collecting transformers==5.3.0 (from -r requirements-h100.txt (line 16))
  Using cached transformers-5.3.0-py3-none-any.whl.metadata (32 kB)
Collecting accelerate==1.15.0 (from -r requirements-h100.txt (line 17))
  Using cached accelerate-1.15.0-py3-none-any.whl.metadata (19 kB)
Collecting huggingface_hub==1.7.2 (from -r requirements-h100.txt (line 18))
  Using cached huggingface_hub-1.7.2-py3-none-any.whl.metadata (13 kB)
Collecting safetensors==0.7.0 (from -r requirements-h100.txt (line 19))
  Using cached safetensors-0.7.0-cp38-abi3-manylinux_2_17_x86_64.manylinux2014_x86_64.whl.metadata (4.1 kB)
Collecting einops==0.8.2 (from -r requirements-h100.txt (line 20))
  Using cached einops-0.8.2-py3-none-any.whl.metadata (13 kB)
Collecting stable_baselines3==2.7.1 (from -r requirements-h100.txt (line 21))
  Using cached stable_baselines3-2.7.1-py3-none-any.whl.metadata (4.8 kB)
Collecting gymnasium==1.2.3 (from -r requirements-h100.txt (line 22))
  Using cached gymnasium-1.2.3-py3-none-any.whl.metadata (10 kB)
Collecting matplotlib==3.10.8 (from -r requirements-h100.txt (line 23))
  Using cached matplotlib-3.10.8-cp310-cp310-manylinux2014_x86_64.manylinux_2_17_x86_64.whl.metadata (52 kB)
Collecting openpyxl==3.1.5 (from -r requirements-h100.txt (line 24))
  Using cached openpyxl-3.1.5-py2.py3-none-any.whl.metadata (2.5 kB)
Collecting xlrd==2.0.2 (from -r requirements-h100.txt (line 25))
  Using cached xlrd-2.0.2-py2.py3-none-any.whl.metadata (3.5 kB)
Collecting pymupdf==1.28.2 (from -r requirements-h100.txt (line 26))
  Using cached pymupdf-1.28.2-cp310-abi3-manylinux_2_28_x86_64.whl.metadata (26 kB)
Collecting requests==2.32.5 (from -r requirements-h100.txt (line 27))
  Using cached requests-2.32.5-py3-none-any.whl.metadata (4.9 kB)
Collecting fsspec==2025.12.0 (from -r requirements-h100.txt (line 28))
  Downloading fsspec-2025.12.0-py3-none-any.whl.metadata (10 kB)
Collecting optuna==5.0.0 (from -r requirements-h100.txt (line 29))
  Using cached optuna-5.0.0-py3-none-any.whl.metadata (14 kB)
Collecting ray==2.58.0 (from -r requirements-h100.txt (line 30))
  Using cached ray-2.58.0-cp310-cp310-manylinux2014_x86_64.whl.metadata (23 kB)
Collecting tornado==6.5.8 (from -r requirements-h100.txt (line 31))
  Downloading tornado-6.5.8-cp39-abi3-manylinux1_x86_64.manylinux_2_28_x86_64.manylinux_2_5_x86_64.whl.metadata (2.8 kB)
Collecting python-dateutil>=2.8.2 (from pandas==2.3.3->-r requirements-h100.txt (line 5))
  Using cached python_dateutil-2.9.0.post0-py2.py3-none-any.whl.metadata (8.4 kB)
Collecting pytz>=2020.1 (from pandas==2.3.3->-r requirements-h100.txt (line 5))
  Using cached pytz-2026.3.post1-py2.py3-none-any.whl.metadata (22 kB)
Collecting tzdata>=2022.7 (from pandas==2.3.3->-r requirements-h100.txt (line 5))
  Using cached tzdata-2026.4-py2.py3-none-any.whl.metadata (1.4 kB)
Collecting joblib>=1.2.0 (from scikit-learn==1.7.2->-r requirements-h100.txt (line 8))
  Using cached joblib-1.6.0-py3-none-any.whl.metadata (6.5 kB)
Collecting threadpoolctl>=3.1.0 (from scikit-learn==1.7.2->-r requirements-h100.txt (line 8))
  Using cached threadpoolctl-3.7.0-py3-none-any.whl.metadata (24 kB)
Collecting patsy>=0.5.6 (from statsmodels==0.14.6->-r requirements-h100.txt (line 9))
  Using cached patsy-1.0.3-py2.py3-none-any.whl.metadata (3.7 kB)
Requirement already satisfied: packaging>=21.3 in /Data3/<hpc-user>/.conda/envs/refused_h100/lib/python3.10/site-packages (from statsmodels==0.14.6->-r requirements-h100.txt (line 9)) (26.3)
Collecting narwhals>=1.15 (from lightgbm==4.7.0->-r requirements-h100.txt (line 10))
  Using cached narwhals-2.26.0-py3-none-any.whl.metadata (15 kB)
Requirement already satisfied: torch>=2.1.0 in /Data3/<hpc-user>/.conda/envs/refused_h100/lib/python3.10/site-packages (from pytorch-lightning==2.5.6->-r requirements-h100.txt (line 11)) (2.5.1+cu121)
Collecting tqdm>=4.57.0 (from pytorch-lightning==2.5.6->-r requirements-h100.txt (line 11))
  Using cached tqdm-4.70.1-py3-none-any.whl.metadata (57 kB)
Collecting PyYAML>5.4 (from pytorch-lightning==2.5.6->-r requirements-h100.txt (line 11))
  Using cached pyyaml-6.0.3-cp310-cp310-manylinux2014_x86_64.manylinux_2_17_x86_64.manylinux_2_28_x86_64.whl.metadata (2.4 kB)
Requirement already satisfied: typing-extensions>4.5.0 in /Data3/<hpc-user>/.conda/envs/refused_h100/lib/python3.10/site-packages (from pytorch-lightning==2.5.6->-r requirements-h100.txt (line 11)) (4.16.0)
Collecting lightning-utilities>=0.10.0 (from pytorch-lightning==2.5.6->-r requirements-h100.txt (line 11))
  Using cached lightning_utilities-0.15.3-py3-none-any.whl.metadata (5.5 kB)
Collecting regex!=2019.12.17 (from transformers==5.3.0->-r requirements-h100.txt (line 16))
  Using cached regex-2026.9.10-cp310-cp310-manylinux2014_x86_64.manylinux_2_17_x86_64.manylinux_2_28_x86_64.whl.metadata (40 kB)
Collecting tokenizers<=0.23.0,>=0.22.0 (from transformers==5.3.0->-r requirements-h100.txt (line 16))
  Using cached tokenizers-0.22.2-cp39-abi3-manylinux_2_17_x86_64.manylinux2014_x86_64.whl.metadata (7.3 kB)
Collecting typer (from transformers==5.3.0->-r requirements-h100.txt (line 16))
  Using cached typer-0.27.2-py3-none-any.whl.metadata (16 kB)
Collecting psutil (from accelerate==1.15.0->-r requirements-h100.txt (line 17))
  Using cached psutil-7.2.2-cp36-abi3-manylinux2010_x86_64.manylinux_2_12_x86_64.manylinux_2_28_x86_64.whl.metadata (22 kB)
Requirement already satisfied: filelock>=3.10.0 in /Data3/<hpc-user>/.conda/envs/refused_h100/lib/python3.10/site-packages (from huggingface_hub==1.7.2->-r requirements-h100.txt (line 18)) (3.32.3)
Collecting hf-xet<2.0.0,>=1.4.2 (from huggingface_hub==1.7.2->-r requirements-h100.txt (line 18))
  Using cached hf_xet-1.6.0-cp38-abi3-manylinux2014_x86_64.manylinux_2_17_x86_64.whl.metadata (4.9 kB)
Collecting httpx<1,>=0.23.0 (from huggingface_hub==1.7.2->-r requirements-h100.txt (line 18))
  Using cached httpx-0.28.1-py3-none-any.whl.metadata (7.1 kB)
Collecting cloudpickle (from stable_baselines3==2.7.1->-r requirements-h100.txt (line 21))
  Using cached cloudpickle-3.1.2-py3-none-any.whl.metadata (7.1 kB)
Collecting farama-notifications>=0.0.1 (from gymnasium==1.2.3->-r requirements-h100.txt (line 22))
  Using cached farama_notifications-0.0.6-py3-none-any.whl.metadata (729 bytes)
Collecting contourpy>=1.0.1 (from matplotlib==3.10.8->-r requirements-h100.txt (line 23))
  Using cached contourpy-1.3.2-cp310-cp310-manylinux_2_17_x86_64.manylinux2014_x86_64.whl.metadata (5.5 kB)
Collecting cycler>=0.10 (from matplotlib==3.10.8->-r requirements-h100.txt (line 23))
  Using cached cycler-0.12.1-py3-none-any.whl.metadata (3.8 kB)
Collecting fonttools>=4.22.0 (from matplotlib==3.10.8->-r requirements-h100.txt (line 23))
  Using cached fonttools-4.65.0-cp310-cp310-manylinux2014_x86_64.manylinux_2_17_x86_64.whl.metadata (125 kB)
Collecting kiwisolver>=1.3.1 (from matplotlib==3.10.8->-r requirements-h100.txt (line 23))
  Using cached kiwisolver-1.5.1-cp310-cp310-manylinux_2_12_x86_64.manylinux2010_x86_64.whl.metadata (5.2 kB)
Collecting pillow>=8 (from matplotlib==3.10.8->-r requirements-h100.txt (line 23))
  Using cached pillow-12.3.0-cp310-cp310-manylinux_2_27_x86_64.manylinux_2_28_x86_64.whl.metadata (9.1 kB)
Collecting pyparsing>=3 (from matplotlib==3.10.8->-r requirements-h100.txt (line 23))
  Using cached pyparsing-3.3.2-py3-none-any.whl.metadata (5.8 kB)
Collecting et-xmlfile (from openpyxl==3.1.5->-r requirements-h100.txt (line 24))
  Using cached et_xmlfile-2.0.0-py3-none-any.whl.metadata (2.7 kB)
Collecting charset_normalizer<4,>=2 (from requests==2.32.5->-r requirements-h100.txt (line 27))
  Using cached charset_normalizer-3.5.1-cp310-cp310-manylinux2014_x86_64.manylinux_2_17_x86_64.manylinux_2_28_x86_64.whl.metadata (45 kB)
Collecting idna<4,>=2.5 (from requests==2.32.5->-r requirements-h100.txt (line 27))
  Using cached idna-3.19-py3-none-any.whl.metadata (9.2 kB)
Collecting urllib3<3,>=1.21.1 (from requests==2.32.5->-r requirements-h100.txt (line 27))
  Using cached urllib3-2.8.0-py3-none-any.whl.metadata (7.4 kB)
Collecting certifi>=2017.4.17 (from requests==2.32.5->-r requirements-h100.txt (line 27))
  Using cached certifi-2026.7.22-py3-none-any.whl.metadata (2.5 kB)
Collecting alembic>=1.5.0 (from optuna==5.0.0->-r requirements-h100.txt (line 29))
  Using cached alembic-1.20.0-py3-none-any.whl.metadata (7.3 kB)
Collecting colorlog (from optuna==5.0.0->-r requirements-h100.txt (line 29))
  Using cached colorlog-6.12.0-py3-none-any.whl.metadata (11 kB)
Collecting sqlalchemy>=1.4.2 (from optuna==5.0.0->-r requirements-h100.txt (line 29))
  Using cached sqlalchemy-2.0.54-cp310-cp310-manylinux2014_x86_64.manylinux_2_17_x86_64.manylinux_2_28_x86_64.whl.metadata (9.7 kB)
Collecting click>=7.0 (from ray==2.58.0->-r requirements-h100.txt (line 30))
  Using cached click-8.5.0-py3-none-any.whl.metadata (2.6 kB)
Collecting jsonschema (from ray==2.58.0->-r requirements-h100.txt (line 30))
  Using cached jsonschema-4.26.0-py3-none-any.whl.metadata (7.6 kB)
Collecting msgpack<2.0.0,>=1.0.0 (from ray==2.58.0->-r requirements-h100.txt (line 30))
  Using cached msgpack-1.2.2-cp310-cp310-manylinux2014_x86_64.manylinux_2_17_x86_64.manylinux_2_28_x86_64.whl.metadata (8.3 kB)
Collecting protobuf>=3.20.3 (from ray==2.58.0->-r requirements-h100.txt (line 30))
  Using cached protobuf-7.36.1-cp310-abi3-manylinux2014_x86_64.whl.metadata (595 bytes)
Collecting anyio (from httpx<1,>=0.23.0->huggingface_hub==1.7.2->-r requirements-h100.txt (line 18))
  Using cached anyio-4.15.1-py3-none-any.whl.metadata (4.7 kB)
Collecting httpcore==1.* (from httpx<1,>=0.23.0->huggingface_hub==1.7.2->-r requirements-h100.txt (line 18))
  Using cached httpcore-1.0.9-py3-none-any.whl.metadata (21 kB)
Collecting h11>=0.16 (from httpcore==1.*->httpx<1,>=0.23.0->huggingface_hub==1.7.2->-r requirements-h100.txt (line 18))
  Using cached h11-0.16.0-py3-none-any.whl.metadata (8.3 kB)
Requirement already satisfied: networkx in /Data3/<hpc-user>/.conda/envs/refused_h100/lib/python3.10/site-packages (from torch>=2.1.0->pytorch-lightning==2.5.6->-r requirements-h100.txt (line 11)) (3.4.2)
Requirement already satisfied: jinja2 in /Data3/<hpc-user>/.conda/envs/refused_h100/lib/python3.10/site-packages (from torch>=2.1.0->pytorch-lightning==2.5.6->-r requirements-h100.txt (line 11)) (3.1.6)
Requirement already satisfied: nvidia-cuda-nvrtc-cu12==12.1.105 in /Data3/<hpc-user>/.conda/envs/refused_h100/lib/python3.10/site-packages (from torch>=2.1.0->pytorch-lightning==2.5.6->-r requirements-h100.txt (line 11)) (12.1.105)
Requirement already satisfied: nvidia-cuda-runtime-cu12==12.1.105 in /Data3/<hpc-user>/.conda/envs/refused_h100/lib/python3.10/site-packages (from torch>=2.1.0->pytorch-lightning==2.5.6->-r requirements-h100.txt (line 11)) (12.1.105)
Requirement already satisfied: nvidia-cuda-cupti-cu12==12.1.105 in /Data3/<hpc-user>/.conda/envs/refused_h100/lib/python3.10/site-packages (from torch>=2.1.0->pytorch-lightning==2.5.6->-r requirements-h100.txt (line 11)) (12.1.105)
Requirement already satisfied: nvidia-cudnn-cu12==9.1.0.70 in /Data3/<hpc-user>/.conda/envs/refused_h100/lib/python3.10/site-packages (from torch>=2.1.0->pytorch-lightning==2.5.6->-r requirements-h100.txt (line 11)) (9.1.0.70)
Requirement already satisfied: nvidia-cublas-cu12==12.1.3.1 in /Data3/<hpc-user>/.conda/envs/refused_h100/lib/python3.10/site-packages (from torch>=2.1.0->pytorch-lightning==2.5.6->-r requirements-h100.txt (line 11)) (12.1.3.1)
Requirement already satisfied: nvidia-cufft-cu12==11.0.2.54 in /Data3/<hpc-user>/.conda/envs/refused_h100/lib/python3.10/site-packages (from torch>=2.1.0->pytorch-lightning==2.5.6->-r requirements-h100.txt (line 11)) (11.0.2.54)
Requirement already satisfied: nvidia-curand-cu12==10.3.2.106 in /Data3/<hpc-user>/.conda/envs/refused_h100/lib/python3.10/site-packages (from torch>=2.1.0->pytorch-lightning==2.5.6->-r requirements-h100.txt (line 11)) (10.3.2.106)
Requirement already satisfied: nvidia-cusolver-cu12==11.4.5.107 in /Data3/<hpc-user>/.conda/envs/refused_h100/lib/python3.10/site-packages (from torch>=2.1.0->pytorch-lightning==2.5.6->-r requirements-h100.txt (line 11)) (11.4.5.107)
Requirement already satisfied: nvidia-cusparse-cu12==12.1.0.106 in /Data3/<hpc-user>/.conda/envs/refused_h100/lib/python3.10/site-packages (from torch>=2.1.0->pytorch-lightning==2.5.6->-r requirements-h100.txt (line 11)) (12.1.0.106)
Requirement already satisfied: nvidia-nccl-cu12==2.21.5 in /Data3/<hpc-user>/.conda/envs/refused_h100/lib/python3.10/site-packages (from torch>=2.1.0->pytorch-lightning==2.5.6->-r requirements-h100.txt (line 11)) (2.21.5)
Requirement already satisfied: nvidia-nvtx-cu12==12.1.105 in /Data3/<hpc-user>/.conda/envs/refused_h100/lib/python3.10/site-packages (from torch>=2.1.0->pytorch-lightning==2.5.6->-r requirements-h100.txt (line 11)) (12.1.105)
Requirement already satisfied: triton==3.1.0 in /Data3/<hpc-user>/.conda/envs/refused_h100/lib/python3.10/site-packages (from torch>=2.1.0->pytorch-lightning==2.5.6->-r requirements-h100.txt (line 11)) (3.1.0)
Requirement already satisfied: sympy==1.13.1 in /Data3/<hpc-user>/.conda/envs/refused_h100/lib/python3.10/site-packages (from torch>=2.1.0->pytorch-lightning==2.5.6->-r requirements-h100.txt (line 11)) (1.13.1)
Requirement already satisfied: nvidia-nvjitlink-cu12 in /Data3/<hpc-user>/.conda/envs/refused_h100/lib/python3.10/site-packages (from nvidia-cusolver-cu12==11.4.5.107->torch>=2.1.0->pytorch-lightning==2.5.6->-r requirements-h100.txt (line 11)) (12.9.86)
Requirement already satisfied: mpmath<1.4,>=1.1.0 in /Data3/<hpc-user>/.conda/envs/refused_h100/lib/python3.10/site-packages (from sympy==1.13.1->torch>=2.1.0->pytorch-lightning==2.5.6->-r requirements-h100.txt (line 11)) (1.3.0)
Collecting Mako (from alembic>=1.5.0->optuna==5.0.0->-r requirements-h100.txt (line 29))
  Using cached mako-1.4.1-py3-none-any.whl.metadata (2.9 kB)
Collecting tomli (from alembic>=1.5.0->optuna==5.0.0->-r requirements-h100.txt (line 29))
  Using cached tomli-2.4.1-py3-none-any.whl.metadata (10 kB)
Collecting aiohttp!=4.0.0a0,!=4.0.0a1 (from fsspec[http]>=2022.5.0->pytorch-lightning==2.5.6->-r requirements-h100.txt (line 11))
  Using cached aiohttp-3.14.3-cp310-cp310-manylinux2014_x86_64.manylinux_2_17_x86_64.manylinux_2_28_x86_64.whl.metadata (8.3 kB)
Collecting aiohappyeyeballs>=2.5.0 (from aiohttp!=4.0.0a0,!=4.0.0a1->fsspec[http]>=2022.5.0->pytorch-lightning==2.5.6->-r requirements-h100.txt (line 11))
  Using cached aiohappyeyeballs-2.7.1-py3-none-any.whl.metadata (5.9 kB)
Collecting aiosignal>=1.4.0 (from aiohttp!=4.0.0a0,!=4.0.0a1->fsspec[http]>=2022.5.0->pytorch-lightning==2.5.6->-r requirements-h100.txt (line 11))
  Using cached aiosignal-1.4.0-py3-none-any.whl.metadata (3.7 kB)
Collecting async-timeout<6.0,>=4.0 (from aiohttp!=4.0.0a0,!=4.0.0a1->fsspec[http]>=2022.5.0->pytorch-lightning==2.5.6->-r requirements-h100.txt (line 11))
  Using cached async_timeout-5.0.1-py3-none-any.whl.metadata (5.1 kB)
Collecting attrs>=17.3.0 (from aiohttp!=4.0.0a0,!=4.0.0a1->fsspec[http]>=2022.5.0->pytorch-lightning==2.5.6->-r requirements-h100.txt (line 11))
  Using cached attrs-26.1.0-py3-none-any.whl.metadata (8.8 kB)
Collecting frozenlist>=1.1.1 (from aiohttp!=4.0.0a0,!=4.0.0a1->fsspec[http]>=2022.5.0->pytorch-lightning==2.5.6->-r requirements-h100.txt (line 11))
  Using cached frozenlist-1.8.0-cp310-cp310-manylinux1_x86_64.manylinux_2_28_x86_64.manylinux_2_5_x86_64.whl.metadata (20 kB)
Collecting multidict<7.0,>=4.5 (from aiohttp!=4.0.0a0,!=4.0.0a1->fsspec[http]>=2022.5.0->pytorch-lightning==2.5.6->-r requirements-h100.txt (line 11))
  Using cached multidict-6.8.0-cp310-cp310-manylinux2014_x86_64.manylinux_2_17_x86_64.manylinux_2_28_x86_64.whl.metadata (5.3 kB)
Collecting propcache>=0.2.0 (from aiohttp!=4.0.0a0,!=4.0.0a1->fsspec[http]>=2022.5.0->pytorch-lightning==2.5.6->-r requirements-h100.txt (line 11))
  Using cached propcache-0.5.4-cp310-cp310-manylinux2014_x86_64.manylinux_2_17_x86_64.manylinux_2_28_x86_64.whl.metadata (25 kB)
Collecting yarl<2.0,>=1.17.0 (from aiohttp!=4.0.0a0,!=4.0.0a1->fsspec[http]>=2022.5.0->pytorch-lightning==2.5.6->-r requirements-h100.txt (line 11))
  Using cached yarl-1.25.1-cp310-cp310-manylinux2014_x86_64.manylinux_2_17_x86_64.manylinux_2_28_x86_64.whl.metadata (111 kB)
Collecting six>=1.5 (from python-dateutil>=2.8.2->pandas==2.3.3->-r requirements-h100.txt (line 5))
  Using cached six-1.17.0-py2.py3-none-any.whl.metadata (1.7 kB)
Collecting greenlet>=1 (from sqlalchemy>=1.4.2->optuna==5.0.0->-r requirements-h100.txt (line 29))
  Using cached greenlet-3.5.6-cp310-cp310-manylinux_2_24_x86_64.manylinux_2_28_x86_64.whl.metadata (3.8 kB)
Collecting exceptiongroup>=1.0.2 (from anyio->httpx<1,>=0.23.0->huggingface_hub==1.7.2->-r requirements-h100.txt (line 18))
  Using cached exceptiongroup-1.3.1-py3-none-any.whl.metadata (6.7 kB)
Requirement already satisfied: MarkupSafe>=2.0 in /Data3/<hpc-user>/.conda/envs/refused_h100/lib/python3.10/site-packages (from jinja2->torch>=2.1.0->pytorch-lightning==2.5.6->-r requirements-h100.txt (line 11)) (3.0.3)
Collecting jsonschema-specifications>=2023.03.6 (from jsonschema->ray==2.58.0->-r requirements-h100.txt (line 30))
  Using cached jsonschema_specifications-2025.9.1-py3-none-any.whl.metadata (2.9 kB)
Collecting referencing>=0.28.4 (from jsonschema->ray==2.58.0->-r requirements-h100.txt (line 30))
  Using cached referencing-0.37.0-py3-none-any.whl.metadata (2.8 kB)
Collecting rpds-py>=0.25.0 (from jsonschema->ray==2.58.0->-r requirements-h100.txt (line 30))
  Using cached rpds_py-0.30.0-cp310-cp310-manylinux_2_17_x86_64.manylinux2014_x86_64.whl.metadata (4.1 kB)
Collecting shellingham>=1.3.0 (from typer->transformers==5.3.0->-r requirements-h100.txt (line 16))
  Using cached shellingham-1.5.4-py2.py3-none-any.whl.metadata (3.5 kB)
Collecting rich>=13.8.0 (from typer->transformers==5.3.0->-r requirements-h100.txt (line 16))
  Using cached rich-15.0.0-py3-none-any.whl.metadata (18 kB)
Collecting annotated-doc>=0.0.2 (from typer->transformers==5.3.0->-r requirements-h100.txt (line 16))
  Using cached annotated_doc-0.0.5-py3-none-any.whl.metadata (6.5 kB)
Collecting markdown-it-py>=2.2.0 (from rich>=13.8.0->typer->transformers==5.3.0->-r requirements-h100.txt (line 16))
  Using cached markdown_it_py-4.2.0-py3-none-any.whl.metadata (7.4 kB)
Collecting pygments<3.0.0,>=2.13.0 (from rich>=13.8.0->typer->transformers==5.3.0->-r requirements-h100.txt (line 16))
  Using cached pygments-2.21.0-py3-none-any.whl.metadata (2.5 kB)
Collecting mdurl~=0.1 (from markdown-it-py>=2.2.0->rich>=13.8.0->typer->transformers==5.3.0->-r requirements-h100.txt (line 16))
  Using cached mdurl-0.1.2-py3-none-any.whl.metadata (1.6 kB)
Using cached numpy-2.2.6-cp310-cp310-manylinux_2_17_x86_64.manylinux2014_x86_64.whl (16.8 MB)
Using cached pandas-2.3.3-cp310-cp310-manylinux_2_24_x86_64.manylinux_2_28_x86_64.whl (12.8 MB)
Using cached pyarrow-25.0.1-cp310-cp310-manylinux_2_28_x86_64.whl (50.1 MB)
Using cached scipy-1.15.3-cp310-cp310-manylinux_2_17_x86_64.manylinux2014_x86_64.whl (37.7 MB)
Using cached scikit_learn-1.7.2-cp310-cp310-manylinux2014_x86_64.manylinux_2_17_x86_64.whl (9.7 MB)
Using cached statsmodels-0.14.6-cp310-cp310-manylinux2014_x86_64.manylinux_2_17_x86_64.manylinux_2_28_x86_64.whl (10.4 MB)
Using cached lightgbm-4.7.0-py3-none-manylinux_2_27_x86_64.manylinux_2_28_x86_64.whl (3.5 MB)
Using cached pytorch_lightning-2.5.6-py3-none-any.whl (831 kB)
Using cached torchmetrics-1.9.0-py3-none-any.whl (983 kB)
Using cached utilsforecast-0.2.16-py3-none-any.whl (46 kB)
Using cached coreforecast-0.0.18-cp310-cp310-manylinux_2_27_x86_64.manylinux_2_28_x86_64.whl (344 kB)
Using cached chronos_forecasting-2.3.2-py3-none-any.whl (80 kB)
Using cached transformers-5.3.0-py3-none-any.whl (10.7 MB)
Using cached accelerate-1.15.0-py3-none-any.whl (394 kB)
Using cached huggingface_hub-1.7.2-py3-none-any.whl (618 kB)
Using cached einops-0.8.2-py3-none-any.whl (65 kB)
Using cached safetensors-0.7.0-cp38-abi3-manylinux_2_17_x86_64.manylinux2014_x86_64.whl (507 kB)
Using cached stable_baselines3-2.7.1-py3-none-any.whl (188 kB)
Using cached gymnasium-1.2.3-py3-none-any.whl (952 kB)
Using cached matplotlib-3.10.8-cp310-cp310-manylinux2014_x86_64.manylinux_2_17_x86_64.whl (8.7 MB)
Using cached openpyxl-3.1.5-py2.py3-none-any.whl (250 kB)
Using cached xlrd-2.0.2-py2.py3-none-any.whl (96 kB)
Using cached pymupdf-1.28.2-cp310-abi3-manylinux_2_28_x86_64.whl (25.8 MB)
Using cached requests-2.32.5-py3-none-any.whl (64 kB)
Downloading fsspec-2025.12.0-py3-none-any.whl (201 kB)
Using cached optuna-5.0.0-py3-none-any.whl (442 kB)
Using cached ray-2.58.0-cp310-cp310-manylinux2014_x86_64.whl (78.3 MB)
Downloading tornado-6.5.8-cp39-abi3-manylinux1_x86_64.manylinux_2_28_x86_64.manylinux_2_5_x86_64.whl (450 kB)
Using cached charset_normalizer-3.5.1-cp310-cp310-manylinux2014_x86_64.manylinux_2_17_x86_64.manylinux_2_28_x86_64.whl (261 kB)
Using cached hf_xet-1.6.0-cp38-abi3-manylinux2014_x86_64.manylinux_2_17_x86_64.whl (4.5 MB)
Using cached httpx-0.28.1-py3-none-any.whl (73 kB)
Using cached httpcore-1.0.9-py3-none-any.whl (78 kB)
Using cached idna-3.19-py3-none-any.whl (68 kB)
Using cached msgpack-1.2.2-cp310-cp310-manylinux2014_x86_64.manylinux_2_17_x86_64.manylinux_2_28_x86_64.whl (407 kB)
Using cached tokenizers-0.22.2-cp39-abi3-manylinux_2_17_x86_64.manylinux2014_x86_64.whl (3.3 MB)
Using cached urllib3-2.8.0-py3-none-any.whl (135 kB)
Using cached alembic-1.20.0-py3-none-any.whl (268 kB)
Using cached certifi-2026.7.22-py3-none-any.whl (136 kB)
Using cached click-8.5.0-py3-none-any.whl (125 kB)
Using cached cloudpickle-3.1.2-py3-none-any.whl (22 kB)
Using cached contourpy-1.3.2-cp310-cp310-manylinux_2_17_x86_64.manylinux2014_x86_64.whl (325 kB)
Using cached cycler-0.12.1-py3-none-any.whl (8.3 kB)
Using cached farama_notifications-0.0.6-py3-none-any.whl (2.9 kB)
Using cached fonttools-4.65.0-cp310-cp310-manylinux2014_x86_64.manylinux_2_17_x86_64.whl (5.3 MB)
Using cached aiohttp-3.14.3-cp310-cp310-manylinux2014_x86_64.manylinux_2_17_x86_64.manylinux_2_28_x86_64.whl (1.7 MB)
Using cached async_timeout-5.0.1-py3-none-any.whl (6.2 kB)
Using cached multidict-6.8.0-cp310-cp310-manylinux2014_x86_64.manylinux_2_17_x86_64.manylinux_2_28_x86_64.whl (259 kB)
Using cached yarl-1.25.1-cp310-cp310-manylinux2014_x86_64.manylinux_2_17_x86_64.manylinux_2_28_x86_64.whl (118 kB)
Using cached aiohappyeyeballs-2.7.1-py3-none-any.whl (15 kB)
Using cached aiosignal-1.4.0-py3-none-any.whl (7.5 kB)
Using cached attrs-26.1.0-py3-none-any.whl (67 kB)
Using cached frozenlist-1.8.0-cp310-cp310-manylinux1_x86_64.manylinux_2_28_x86_64.manylinux_2_5_x86_64.whl (219 kB)
Using cached h11-0.16.0-py3-none-any.whl (37 kB)
Using cached joblib-1.6.0-py3-none-any.whl (306 kB)
Using cached kiwisolver-1.5.1-cp310-cp310-manylinux_2_12_x86_64.manylinux2010_x86_64.whl (1.6 MB)
Using cached lightning_utilities-0.15.3-py3-none-any.whl (31 kB)
Using cached narwhals-2.26.0-py3-none-any.whl (474 kB)
Using cached patsy-1.0.3-py2.py3-none-any.whl (233 kB)
Using cached pillow-12.3.0-cp310-cp310-manylinux_2_27_x86_64.manylinux_2_28_x86_64.whl (6.9 MB)
Using cached propcache-0.5.4-cp310-cp310-manylinux2014_x86_64.manylinux_2_17_x86_64.manylinux_2_28_x86_64.whl (224 kB)
Using cached protobuf-7.36.1-cp310-abi3-manylinux2014_x86_64.whl (343 kB)
Using cached pyparsing-3.3.2-py3-none-any.whl (122 kB)
Using cached python_dateutil-2.9.0.post0-py2.py3-none-any.whl (229 kB)
Using cached pytz-2026.3.post1-py2.py3-none-any.whl (508 kB)
Using cached pyyaml-6.0.3-cp310-cp310-manylinux2014_x86_64.manylinux_2_17_x86_64.manylinux_2_28_x86_64.whl (770 kB)
Using cached regex-2026.9.10-cp310-cp310-manylinux2014_x86_64.manylinux_2_17_x86_64.manylinux_2_28_x86_64.whl (796 kB)
Using cached six-1.17.0-py2.py3-none-any.whl (11 kB)
Using cached sqlalchemy-2.0.54-cp310-cp310-manylinux2014_x86_64.manylinux_2_17_x86_64.manylinux_2_28_x86_64.whl (3.4 MB)
Using cached greenlet-3.5.6-cp310-cp310-manylinux_2_24_x86_64.manylinux_2_28_x86_64.whl (622 kB)
Using cached threadpoolctl-3.7.0-py3-none-any.whl (26 kB)
Using cached tqdm-4.70.1-py3-none-any.whl (80 kB)
Using cached tzdata-2026.4-py2.py3-none-any.whl (347 kB)
Using cached anyio-4.15.1-py3-none-any.whl (132 kB)
Using cached exceptiongroup-1.3.1-py3-none-any.whl (16 kB)
Using cached colorlog-6.12.0-py3-none-any.whl (12 kB)
Using cached et_xmlfile-2.0.0-py3-none-any.whl (18 kB)
Using cached jsonschema-4.26.0-py3-none-any.whl (90 kB)
Using cached jsonschema_specifications-2025.9.1-py3-none-any.whl (18 kB)
Using cached referencing-0.37.0-py3-none-any.whl (26 kB)
Using cached rpds_py-0.30.0-cp310-cp310-manylinux_2_17_x86_64.manylinux2014_x86_64.whl (390 kB)
Using cached mako-1.4.1-py3-none-any.whl (80 kB)
Using cached psutil-7.2.2-cp36-abi3-manylinux2010_x86_64.manylinux_2_12_x86_64.manylinux_2_28_x86_64.whl (155 kB)
Using cached tomli-2.4.1-py3-none-any.whl (14 kB)
Using cached typer-0.27.2-py3-none-any.whl (123 kB)
Using cached annotated_doc-0.0.5-py3-none-any.whl (5.3 kB)
Using cached rich-15.0.0-py3-none-any.whl (310 kB)
Using cached pygments-2.21.0-py3-none-any.whl (1.3 MB)
Using cached markdown_it_py-4.2.0-py3-none-any.whl (91 kB)
Using cached mdurl-0.1.2-py3-none-any.whl (10.0 kB)
Using cached shellingham-1.5.4-py2.py3-none-any.whl (9.8 kB)
Installing collected packages: pytz, farama-notifications, xlrd, urllib3, tzdata, tqdm, tornado, tomli, threadpoolctl, six, shellingham, safetensors, rpds-py, regex, PyYAML, pyparsing, pymupdf, pygments, pyarrow, psutil, protobuf, propcache, pillow, numpy, narwhals, multidict, msgpack, mdurl, Mako, lightning-utilities, kiwisolver, idna, hf-xet, h11, greenlet, fsspec, frozenlist, fonttools, exceptiongroup, et-xmlfile, einops, cycler, colorlog, cloudpickle, click, charset_normalizer, certifi, attrs, async-timeout, annotated-doc, aiohappyeyeballs, yarl, sqlalchemy, scipy, requests, referencing, python-dateutil, patsy, openpyxl, markdown-it-py, joblib, httpcore, gymnasium, coreforecast, contourpy, anyio, aiosignal, scikit-learn, rich, pandas, matplotlib, lightgbm, jsonschema-specifications, httpx, alembic, aiohttp, utilsforecast, typer, torchmetrics, statsmodels, stable_baselines3, optuna, jsonschema, ray, pytorch-lightning, huggingface_hub, tokenizers, accelerate, transformers, chronos-forecasting
  Attempting uninstall: fsspec
    Found existing installation: fsspec 2026.7.0
    Uninstalling fsspec-2026.7.0:
      Successfully uninstalled fsspec-2026.7.0

Successfully installed Mako-1.4.1 PyYAML-6.0.3 accelerate-1.15.0 aiohappyeyeballs-2.7.1 aiohttp-3.14.3 aiosignal-1.4.0 alembic-1.20.0 annotated-doc-0.0.5 anyio-4.15.1 async-timeout-5.0.1 attrs-26.1.0 certifi-2026.7.22 charset_normalizer-3.5.1 chronos-forecasting-2.3.2 click-8.5.0 cloudpickle-3.1.2 colorlog-6.12.0 contourpy-1.3.2 coreforecast-0.0.18 cycler-0.12.1 einops-0.8.2 et-xmlfile-2.0.0 exceptiongroup-1.3.1 farama-notifications-0.0.6 fonttools-4.65.0 frozenlist-1.8.0 fsspec-2025.12.0 greenlet-3.5.6 gymnasium-1.2.3 h11-0.16.0 hf-xet-1.6.0 httpcore-1.0.9 httpx-0.28.1 huggingface_hub-1.7.2 idna-3.19 joblib-1.6.0 jsonschema-4.26.0 jsonschema-specifications-2025.9.1 kiwisolver-1.5.1 lightgbm-4.7.0 lightning-utilities-0.15.3 markdown-it-py-4.2.0 matplotlib-3.10.8 mdurl-0.1.2 msgpack-1.2.2 multidict-6.8.0 narwhals-2.26.0 numpy-2.2.6 openpyxl-3.1.5 optuna-5.0.0 pandas-2.3.3 patsy-1.0.3 pillow-12.3.0 propcache-0.5.4 protobuf-7.36.1 psutil-7.2.2 pyarrow-25.0.1 pygments-2.21.0 pymupdf-1.28.2 pyparsing-3.3.2 python-dateutil-2.9.0.post0 pytorch-lightning-2.5.6 pytz-2026.3.post1 ray-2.58.0 referencing-0.37.0 regex-2026.9.10 requests-2.32.5 rich-15.0.0 rpds-py-0.30.0 safetensors-0.7.0 scikit-learn-1.7.2 scipy-1.15.3 shellingham-1.5.4 six-1.17.0 sqlalchemy-2.0.54 stable_baselines3-2.7.1 statsmodels-0.14.6 threadpoolctl-3.7.0 tokenizers-0.22.2 tomli-2.4.1 torchmetrics-1.9.0 tornado-6.5.8 tqdm-4.70.1 transformers-5.3.0 typer-0.27.2 tzdata-2026.4 urllib3-2.8.0 utilsforecast-0.2.16 xlrd-2.0.2 yarl-1.25.1
Collecting neuralforecast==3.2.2
  Using cached neuralforecast-3.2.2-py3-none-any.whl.metadata (14 kB)
Using cached neuralforecast-3.2.2-py3-none-any.whl (309 kB)
Installing collected packages: neuralforecast
Successfully installed neuralforecast-3.2.2
Traceback (most recent call last):
  File "/Data3/<hpc-user>/.conda/envs/refused_h100/lib/python3.10/site-packages/ray/train/__init__.py", line 32, in <module>
    import pydantic  # noqa: F401
ModuleNotFoundError: No module named 'pydantic'

The above exception was the direct cause of the following exception:

Traceback (most recent call last):
  File "<stdin>", line 1, in <module>
  File "/Data3/<hpc-user>/.conda/envs/refused_h100/lib/python3.10/site-packages/neuralforecast/__init__.py", line 19, in <module>
    from .core import NeuralForecast  # noqa: E402
  File "/Data3/<hpc-user>/.conda/envs/refused_h100/lib/python3.10/site-packages/neuralforecast/core.py", line 79, in <module>
    from .common._base_auto import BaseAuto, MockTrial
  File "/Data3/<hpc-user>/.conda/envs/refused_h100/lib/python3.10/site-packages/neuralforecast/common/_base_auto.py", line 13, in <module>
    from ray import air, tune
  File "/Data3/<hpc-user>/.conda/envs/refused_h100/lib/python3.10/site-packages/ray/tune/__init__.py", line 15, in <module>
    from ray.tune.trainable.trainable_fn_utils import Checkpoint, get_checkpoint, report
  File "/Data3/<hpc-user>/.conda/envs/refused_h100/lib/python3.10/site-packages/ray/tune/trainable/__init__.py", line 1, in <module>
    from ray.tune.trainable.function_trainable import FunctionTrainable, wrap_function
  File "/Data3/<hpc-user>/.conda/envs/refused_h100/lib/python3.10/site-packages/ray/tune/trainable/function_trainable.py", line 11, in <module>
    from ray.train._internal.checkpoint_manager import _TrainingResult
  File "/Data3/<hpc-user>/.conda/envs/refused_h100/lib/python3.10/site-packages/ray/train/__init__.py", line 34, in <module>
    raise ImportError(
ImportError: `ray.train.v2` requires the pydantic package, which is missing. Run the following command to fix this: `pip install pydantic`
