H2-NYISO-2026                      SUPPORTED      est=+0.04204 p=5.0e-04 p_holm=0.0015  [delta > 0 (p < 0.05)]
H2-OPSD-2019                       SUPPORTED      est=+0.03254 p=5.0e-04 p_holm=0.0015  [delta > 0 (p < 0.05)]
H2-UCI-2014                        NOT SUPPORTED  est=+0.03210 p=0.14 p_holm=0.14  [delta > 0 (p < 0.05)]
H2-meta                            SUPPORTED      est=+0.03372 p=0.0e+00 p_holm=0.0e+00  [pooled delta > 0]
H3a-sign                           SUPPORTED      est=+0.82353 p=3.1e-08 p_holm=1.2e-07  [sign accuracy > 0.5]
H3b-regret-vs-never                SUPPORTED      est=-0.00154 p=2.7e-13 p_holm=1.4e-12  [PART regret < never-refine regret]
H3c-regret-vs-nested               SUPPORTED      est=-0.00073 p=2.1e-07 p_holm=6.3e-07  [PART regret < nested hold-out regret]
H6a-sign                           SUPPORTED      est=+0.76471 p=5.1e-07 p_holm=1.0e-06  [prequential sign accuracy > 0.5]
H6a-regret-vs-always               SUPPORTED      est=-0.00285 p=1.2e-07 p_holm=3.5e-07  [prequential regret < always-discount]
H6a-regret-vs-never                NOT SUPPORTED  est=-0.00013 p=0.07 p_holm=0.07  [prequential regret < never-discount]
H6b-updating-free                  SUPPORTED      est=+0.94118 p=n/a p_holm=n/a  [share of configs with expanding - frozen >= -0.002 is >= 0.8]
H7a-part-vs-nested                 SUPPORTED      est=-0.00198 p=0.002 p_holm=0.0027  [PART selection regret < nested]
H7b-part-vs-fixed-series           SUPPORTED      est=-0.00191 p=0.0013 p_holm=0.0027  [PART regret < fixed per-series]
H5-strength                        SUPPORTED      est=+0.73333 p=0.012 p_holm=0.012  [Spearman(baseline RMSE, best correction skill) > 0]
H4a-zonehour-vs-q_global           SUPPORTED      est=+2.39270 p=5.0e-04 p_holm=1.0e-03  [pinball@0.99 lower for zone x hour cells]
H4a-zonehour-vs-q_zone             SUPPORTED      est=+0.29387 p=5.0e-04 p_holm=1.0e-03  [pinball@0.99 lower for zone x hour cells]
H4b-instance-undercovers           SUPPORTED      est=+0.96943 p=n/a p_holm=n/a  [coverage(instance) < 0.985 and coverage(zone x hour) >= 0.985]
H8a-deviation-energy               SUPPORTED      est=+853.72967 p=5.0e-04 p_holm=1.0e-03  [deviation energy lower after correction (GWh/yr)]
H8b-reserve-mw                     SUPPORTED      est=+234.25619 p=5.0e-04 p_holm=1.0e-03  [99% reserve (MW, summed over zones) lower after correction with |coverage difference| <= 0.005]
E8c-imbalance-cost                 ESTIMATE       est=-32.08011 p=n/a p_holm=n/a  [estimation only (no directional hypothesis), M$/yr saved]
H1-partition-oracle_pred           SUPPORTED      est=+0.92773 p=n/a p_holm=n/a  [sign accuracy >= 0.85 on non-boundary configurations]
H1-partition-part_contiguous_G     SUPPORTED      est=+0.78711 p=n/a p_holm=n/a  [sign accuracy >= 0.75 on non-boundary configurations]
H1-instance-oracle_pred            NOT SUPPORTED  est=+0.72727 p=n/a p_holm=n/a  [sign accuracy >= 0.85 on non-boundary configurations]
H1-instance-part_contiguous_G      NOT SUPPORTED  est=+0.43182 p=n/a p_holm=n/a  [sign accuracy >= 0.75 on non-boundary configurations]
H2-NYISO-2026                      SUPPORTED      est=+0.04204 p=5.0e-04 p_holm=0.0015  [delta > 0 (p < 0.05)]
H2-OPSD-2019                       SUPPORTED      est=+0.03254 p=5.0e-04 p_holm=0.0015  [delta > 0 (p < 0.05)]
H2-UCI-2014                        NOT SUPPORTED  est=+0.03210 p=0.14 p_holm=0.14  [delta > 0 (p < 0.05)]
H2-meta                            SUPPORTED      est=+0.03372 p=0.0e+00 p_holm=0.0e+00  [pooled delta > 0]
H3a-sign                           SUPPORTED      est=+0.82353 p=3.1e-08 p_holm=1.2e-07  [sign accuracy > 0.5]
H3b-regret-vs-never                SUPPORTED      est=-0.00154 p=2.7e-13 p_holm=1.4e-12  [PART regret < never-refine regret]
H3c-regret-vs-nested               SUPPORTED      est=-0.00073 p=2.1e-07 p_holm=6.3e-07  [PART regret < nested hold-out regret]
H6a-sign                           SUPPORTED      est=+0.76471 p=5.1e-07 p_holm=1.0e-06  [prequential sign accuracy > 0.5]
H6a-regret-vs-always               SUPPORTED      est=-0.00285 p=1.2e-07 p_holm=3.5e-07  [prequential regret < always-discount]
H6a-regret-vs-never                NOT SUPPORTED  est=-0.00013 p=0.07 p_holm=0.07  [prequential regret < never-discount]
H6b-updating-free                  SUPPORTED      est=+0.94118 p=n/a p_holm=n/a  [share of configs with expanding - frozen >= -0.002 is >= 0.8]
H7a-part-vs-nested                 SUPPORTED      est=-0.00198 p=0.002 p_holm=0.0027  [PART selection regret < nested]
H7b-part-vs-fixed-series           SUPPORTED      est=-0.00191 p=0.0013 p_holm=0.0027  [PART regret < fixed per-series]
H5-strength                        SUPPORTED      est=+0.73333 p=0.012 p_holm=0.012  [Spearman(baseline RMSE, best correction skill) > 0]
H4a-zonehour-vs-q_global           SUPPORTED      est=+2.39270 p=5.0e-04 p_holm=1.0e-03  [pinball@0.99 lower for zone x hour cells]
H4a-zonehour-vs-q_zone             SUPPORTED      est=+0.29387 p=5.0e-04 p_holm=1.0e-03  [pinball@0.99 lower for zone x hour cells]
H4b-instance-undercovers           SUPPORTED      est=+0.96943 p=n/a p_holm=n/a  [coverage(instance) < 0.985 and coverage(zone x hour) >= 0.985]
H8a-deviation-energy               SUPPORTED      est=+853.72967 p=5.0e-04 p_holm=1.0e-03  [deviation energy lower after correction (GWh/yr)]
H8b-reserve-mw                     SUPPORTED      est=+234.25619 p=5.0e-04 p_holm=1.0e-03  [99% reserve (MW, summed over zones) lower after correction with |coverage difference| <= 0.005]
E8c-imbalance-cost                 ESTIMATE       est=-32.08011 p=n/a p_holm=n/a  [estimation only (no directional hypothesis), M$/yr saved]
H1-partition-oracle_pred           NOT SUPPORTED  est=+0.84848 p=n/a p_holm=n/a  [sign accuracy >= 0.85 on non-boundary configurations]
H1-partition-part_contiguous_G     NOT SUPPORTED  est=+0.74621 p=n/a p_holm=n/a  [sign accuracy >= 0.75 on non-boundary configurations]
H1-instance-oracle_pred            NOT SUPPORTED  est=+0.72727 p=n/a p_holm=n/a  [sign accuracy >= 0.85 on non-boundary configurations]
H1-instance-part_contiguous_G      NOT SUPPORTED  est=+0.45455 p=n/a p_holm=n/a  [sign accuracy >= 0.75 on non-boundary configurations]
