[1/5] n_val=  3000 nested=+0.00000 mallows1=+0.03563 mallows2=+0.03563 val_argmin=+0.03563 fixed_cell=+0.01063 oracle=rung1_global [42s]
[2/5] n_val=  3000 nested=+0.00544 mallows1=+0.04012 mallows2=+0.04012 val_argmin=+0.04012 fixed_cell=+0.00201 oracle=rung4_shrunk [153s]
[3/5] n_val=  3000 nested=+0.00000 mallows1=+0.07057 mallows2=+0.00692 val_argmin=+0.07057 fixed_cell=+0.00000 oracle=rung3_cell [205s]
[4/5] n_val=   300 nested=+0.00353 mallows1=+0.07381 mallows2=+0.07381 val_argmin=+0.07381 fixed_cell=+0.00000 oracle=rung1_global [234s]
[5/5] n_val=  3000 nested=+0.00544 mallows1=+0.04012 mallows2=+0.04012 val_argmin=+0.04012 fixed_cell=+0.00201 oracle=rung4_shrunk [264s]

wrote 25 rows

=== mean regret vs oracle rung (lower is better) ===
regret_nested                  0.00288
regret_fixed_rung3_cell        0.00293
regret_fixed_rung4_shrunk      0.00764
regret_fixed_rung2_series      0.01371
regret_fixed_rung1_global      0.01449
regret_mallows2                0.03932
regret_mallows1                0.05205
regret_val_argmin              0.05205
regret_fixed_rung5_instance    0.05205
regret_srm_sqrt                0.05205
regret_fixed_rung0_none        0.19663

=== selection accuracy (exact oracle-rung recovery) ===
correct_val_argmin    0.00
correct_nested        0.64
correct_mallows1      0.00
correct_mallows2      0.00
correct_srm_sqrt      0.00

=== regret by validation size ===
       regret_nested  regret_mallows1  regret_mallows2  regret_val_argmin  regret_fixed_rung3_cell
n_val                                                                                             
300          0.00353          0.07381          0.07381            0.07381                  0.00000
3000         0.00272          0.04661          0.03070            0.04661                  0.00366
DONE 263.7755494117737
