india daily 2026-10-06T15:36:39+05:30 on master, job 34208.master, GPU MIG-32c916d8-1eff-5d16-963e-c216a6b6ba8e
ID1 T1_snaive7_s0                    done [6.0s, total 6s]
ID1 T1_snaive7_s1                    done [6.3s, total 13s]
ID1 T1_lag2_s0                       done [6.2s, total 19s]
ID1 T1_lag2_s1                       done [6.5s, total 26s]
ID2 T1_xgb_s0                        done [4.9s, total 31s]
ID2 T1_xgb_s1                        done [4.7s, total 36s]
ID2 T1_chronos2_s0                   done [4.2s, total 40s]
ID2 T1_chronos2_s1                   done [4.3s, total 44s]
ID2 T1_nhits_s0                      done [4.3s, total 49s]
ID2 T1_nhits_s1                      done [4.2s, total 53s]
ID2 T1_tide_s0                       done [4.6s, total 57s]
ID2 T1_tide_s1                       done [4.3s, total 62s]
ID2 T1_ens_final_s0                  done [4.3s, total 66s]
ID2 T1_ens_final_s1                  done [3.9s, total 70s]
ID1 T2_snaive7_s0                    done [5.8s, total 76s]
ID1 T2_snaive7_s1                    done [5.4s, total 82s]
ID1 T2_lag2_s0                       done [5.8s, total 87s]
ID1 T2_lag2_s1                       done [5.8s, total 93s]
ID2 T2_xgb_s0                        done [4.3s, total 98s]
ID2 T2_xgb_s1                        done [4.1s, total 102s]
ID2 T2_chronos2_s0                   done [4.0s, total 106s]
ID2 T2_chronos2_s1                   done [3.7s, total 110s]
ID2 T2_nhits_s0                      done [4.1s, total 114s]
ID2 T2_nhits_s1                      done [3.6s, total 118s]
ID2 T2_tide_s0                       done [3.9s, total 121s]
ID2 T2_tide_s1                       done [3.7s, total 125s]
ID2 T2_ens_final_s0                  done [3.9s, total 129s]
ID2 T2_ens_final_s1                  done [4.0s, total 133s]
ID1 T3_snaive7_s0                    done [5.6s, total 139s]
ID1 T3_snaive7_s1                    done [5.6s, total 145s]
ID1 T3_lag3_s0                       done [5.7s, total 151s]
ID1 T3_lag3_s1                       done [5.6s, total 156s]
ID2 T3_xgb_s0                        done [3.4s, total 160s]
ID2 T3_xgb_s1                        done [3.4s, total 164s]
ID2 T3_chronos2_s0                   done [3.6s, total 167s]
ID2 T3_chronos2_s1                   done [3.8s, total 171s]
ID2 T3_nhits_s0                      done [4.0s, total 175s]
ID2 T3_nhits_s1                      done [3.9s, total 179s]
ID2 T3_tide_s0                       done [4.0s, total 183s]
ID2 T3_tide_s1                       done [4.1s, total 187s]
ID2 T3_ens_final_s0                  done [4.2s, total 191s]
ID2 T3_ens_final_s1                  done [4.1s, total 195s]
ID1 T4_snaive7_s0                    done [5.1s, total 201s]
ID1 T4_snaive7_s1                    done [5.1s, total 206s]
ID1 T4_lag3_s0                       done [4.8s, total 211s]
ID1 T4_lag3_s1                       done [5.3s, total 216s]
ID2 T4_xgb_s0                        done [3.3s, total 220s]
ID2 T4_xgb_s1                        done [3.6s, total 223s]
ID2 T4_chronos2_s0                   done [3.0s, total 226s]
ID2 T4_chronos2_s1                   done [2.9s, total 229s]
ID2 T4_nhits_s0                      done [2.8s, total 232s]
ID2 T4_nhits_s1                      done [2.7s, total 235s]
ID2 T4_tide_s0                       done [3.1s, total 238s]
ID2 T4_tide_s1                       done [3.1s, total 241s]
ID2 T4_ens_final_s0                  done [3.3s, total 244s]
ID2 T4_ens_final_s1                  done [3.1s, total 248s]
ID3 T2_val_frac0.1_s0                done [3.0s, total 251s]
ID3 T2_val_frac0.25_s0               done [3.4s, total 254s]
ID3 T2_oof_train_val_s0              done [9.2s, total 263s]
ID3 T2_val_frac0.1_s1                done [2.9s, total 266s]
ID3 T2_val_frac0.25_s1               done [3.5s, total 270s]
ID3 T2_oof_train_val_s1              done [8.5s, total 278s]
DONE India ladders explore 278
india daily finished rc=0 2026-10-06T15:41:19+05:30
