CO2_Database_Version_20.0_2023_24.xlsx
User_Guide_Version_20.0.pdf
database.zip
database_1.zip
database_10.zip
database_11.zip
database_12.zip
database_13.zip
database_14.zip
database_15.zip
database_2.zip
database_3.zip
database_4.zip
database_5.zip
database_6.zip
database_7.zip
database_8.zip
database_9.zip
draft_database.zip
draft_user_guide.pdf
user_guide.pdf
user_guide_ver1.pdf
user_guide_ver10.pdf
user_guide_ver11.pdf
user_guide_ver12.pdf
user_guide_ver13.pdf
user_guide_ver14.pdf
user_guide_ver15.pdf
user_guide_ver2.pdf
user_guide_ver3.pdf
user_guide_ver4.pdf
user_guide_ver5.pdf
user_guide_ver6.pdf
user_guide_ver7.pdf
user_guide_ver8.pdf
user_guide_ver9.pdf
2019_20_CO2_database.zip
User_Guide_ver_16_2021-1.pdf
database_17_.zip
Approved_report_emission__2021_22.pdf
version_18.zip
CO2_DatabaseVersion_19_2022_23.xlsx
User_Guide__Version_19.0.pdf
CO2_Database_V_21.0.xlsx
User_Guide_V_21.0.pdf
Baseline_Carbon_Dioxide_Emission_Database_Version_22.0.xlsx
User_Guide__Version_22.0.pdf
User_Guide__ver_17_2021.pdf
CEA_CO2_DONE
