maxtemp 2017 1403060
maxtemp 2018 1403060
maxtemp 2019 1403060
maxtemp 2020 1406904
maxtemp 2021 1403060
maxtemp 2022 error ConnectionError
maxtemp 2022 1403060
maxtemp 2023 1403060
maxtemp 2024 1406904
maxtemp 2025 1403060
mintemp 2017 1403060
mintemp 2018 1403060
mintemp 2019 1403060
mintemp 2020 1406904
mintemp 2021 1403060
mintemp 2022 1403060
mintemp 2023 1403060
mintemp 2024 1406904
mintemp 2025 1403060
rain 2017 25425900
rain 2018 25425900
rain 2019 25425900
rain 2020 25495560
rain 2021 25425900
rain 2022 25425900
rain 2023 25425900
rain 2024 25495560
rain 2025 25425900
IMD_DONE
