persistence        h= 1 | r1_global=+0.1371 r2_series=+0.1424 r3_cell=+0.1397 r4_wls_series=+0.1417 r4_wls_cell=+0.1406 r5_wls=+0.1299 r5_ridge=+0.1222 r5_raw_ratio=+0.1203 | rho_stable=0.97 lam=0.49 clip_wls=0.246 clip_raw=0.477 [130s]
persistence        h= 2 | r1_global=+0.1057 r2_series=+0.1243 r3_cell=+0.1232 r4_wls_series=+0.1140 r4_wls_cell=+0.1135 r5_wls=+0.0926 r5_ridge=+0.0985 r5_raw_ratio=+0.0885 | rho_stable=1.13 lam=0.53 clip_wls=0.205 clip_raw=0.427 [340s]
persistence        h= 3 | r1_global=+0.0889 r2_series=+0.1142 r3_cell=+0.1093 r4_wls_series=+0.0935 r4_wls_cell=+0.0920 r5_wls=+0.0695 r5_ridge=+0.0815 r5_raw_ratio=+0.0710 | rho_stable=1.28 lam=0.56 clip_wls=0.198 clip_raw=0.370 [446s]
persistence        h= 7 | r1_global=+0.0510 r2_series=+0.0646 r3_cell=+0.0619 r4_wls_series=+0.0489 r4_wls_cell=+0.0492 r5_wls=+0.0186 r5_ridge=+0.0431 r5_raw_ratio=+0.0280 | rho_stable=1.42 lam=0.59 clip_wls=0.222 clip_raw=0.372 [532s]
roll7              h= 1 | r1_global=+0.1764 r2_series=+0.2052 r3_cell=+0.2032 r4_wls_series=+0.1879 r4_wls_cell=+0.1875 r5_wls=+0.1468 r5_ridge=+0.1416 r5_raw_ratio=+0.1339 | rho_stable=1.07 lam=0.52 clip_wls=0.123 clip_raw=0.382 [648s]
roll7              h= 2 | r1_global=+0.0664 r2_series=+0.1095 r3_cell=+0.1044 r4_wls_series=+0.0777 r4_wls_cell=+0.0759 r5_wls=+0.0402 r5_ridge=+0.0450 r5_raw_ratio=+0.0307 | rho_stable=1.42 lam=0.59 clip_wls=0.170 clip_raw=0.384 [747s]
roll7              h= 3 | r1_global=+0.0393 r2_series=+0.0823 r3_cell=+0.0758 r4_wls_series=+0.0458 r4_wls_cell=+0.0441 r5_wls=-0.0140 r5_ridge=+0.0337 r5_raw_ratio=+0.0156 | rho_stable=1.40 lam=0.58 clip_wls=0.178 clip_raw=0.373 [997s]
roll7              h= 7 | r1_global=+0.0595 r2_series=+0.0777 r3_cell=+0.0686 r4_wls_series=+0.0501 r4_wls_cell=+0.0481 r5_wls=-0.0093 r5_ridge=+0.0387 r5_raw_ratio=+0.0196 | rho_stable=1.74 lam=0.63 clip_wls=0.218 clip_raw=0.388 [1283s]
snaive7            h= 1 | r1_global=+0.3184 r2_series=+0.3370 r3_cell=+0.3374 r4_wls_series=+0.3268 r4_wls_cell=+0.3279 r5_wls=+0.3009 r5_ridge=+0.2886 r5_raw_ratio=+0.2908 | rho_stable=0.96 lam=0.49 clip_wls=0.105 clip_raw=0.334 [1577s]
snaive7            h= 2 | r1_global=+0.1391 r2_series=+0.1925 r3_cell=+0.1901 r4_wls_series=+0.1761 r4_wls_cell=+0.1754 r5_wls=+0.1380 r5_ridge=+0.1296 r5_raw_ratio=+0.1249 | rho_stable=1.19 lam=0.54 clip_wls=0.173 clip_raw=0.375 [1761s]
snaive7            h= 3 | r1_global=+0.0772 r2_series=+0.1334 r3_cell=+0.1295 r4_wls_series=+0.1007 r4_wls_cell=+0.0994 r5_wls=+0.0434 r5_ridge=+0.0737 r5_raw_ratio=+0.0666 | rho_stable=1.23 lam=0.55 clip_wls=0.191 clip_raw=0.358 [1872s]
operator_schedule  h= 1 | r1_global=-0.0849 r2_series=-0.0049 r3_cell=-0.0083 r4_wls_series=-0.0261 r4_wls_cell=-0.0262 r5_wls=-0.0514 r5_ridge=-0.0197 r5_raw_ratio=-0.0792 | rho_stable=4.49 lam=0.82 clip_wls=0.317 clip_raw=0.397 [1995s]
operator_schedule  h= 2 | r1_global=-0.0647 r2_series=-0.0177 r3_cell=-0.0225 r4_wls_series=-0.0497 r4_wls_cell=-0.0497 r5_wls=-0.0793 r5_ridge=-0.0328 r5_raw_ratio=-0.0777 | rho_stable=5.40 lam=0.84 clip_wls=0.346 clip_raw=0.418 [2105s]
operator_schedule  h= 3 | r1_global=-0.0494 r2_series=-0.0240 r3_cell=-0.0285 r4_wls_series=-0.0614 r4_wls_cell=-0.0615 r5_wls=-0.0982 r5_ridge=-0.0384 r5_raw_ratio=-0.0839 | rho_stable=5.59 lam=0.85 clip_wls=0.377 clip_raw=0.440 [2197s]
operator_schedule  h= 7 | r1_global=-0.0210 r2_series=-0.0508 r3_cell=-0.0679 r4_wls_series=-0.0796 r4_wls_cell=-0.0797 r5_wls=-0.1200 r5_ridge=-0.0826 r5_raw_ratio=-0.1294 | rho_stable=4.16 lam=0.81 clip_wls=0.436 clip_raw=0.491 [2291s]

wrote 1500 rows

=== variance diagnostics: stable vs M1 unstable ===
                   gate_absmax  frac_clipped
rung                                        
rung0_none        0.000000e+00        0.0000
rung1_global      7.320000e-01        0.0000
rung2_series      1.254500e+00        0.0507
rung3_cell        1.971600e+00        0.0864
rung4_wls_cell    3.215400e+00        0.1307
rung4_wls_series  3.145800e+00        0.1201
rung5_raw_ratio   8.586764e+10        0.3991
rung5_ridge       1.533337e+03        0.2145
rung5_wls         4.797700e+00        0.2337
rung5_wls_bagged  4.275400e+00        0.2098

rho_stable range: 0.870 .. 6.145
DONE 2291.3924362659454
