matched zones: ['CAPITL', 'CENTRL', 'DUNWOD', 'GENESE', 'H Q']
matched window start: 2022-01-01
5min  clock_h= 1h steps= 12 b_pers  | baseMAE= 14.667 residR2=+0.055 | r1_global=+0.0350 r2_series=+0.0371 r3_cell=+0.0370 r4_shrunk=+0.0123 r5_instanc=+0.0022 [579s]
5min  clock_h= 1h steps= 12 b_da    | baseMAE= 16.998 residR2=+0.077 | r1_global=+0.0796 r2_series=+0.0807 r3_cell=+0.0771 r4_shrunk=+0.0538 r5_instanc=+0.0528 [579s]
5min  clock_h=24h steps=288 b_pers  | baseMAE= 23.254 residR2=+0.152 | r1_global=+0.1458 r2_series=+0.1448 r3_cell=+0.1403 r4_shrunk=+0.1469 r5_instanc=+0.1427 [1347s]
5min  clock_h=24h steps=288 b_da    | baseMAE= 17.028 residR2=-0.006 | r1_global=-0.0057 r2_series=-0.0033 r3_cell=-0.0031 r4_shrunk=-0.0041 r5_instanc=-0.0041 [1347s]
15min clock_h= 1h steps=  4 b_pers  | baseMAE= 13.923 residR2=+0.046 | r1_global=+0.0394 r2_series=+0.0354 r3_cell=+0.0353 r4_shrunk=+0.0305 r5_instanc=+0.0256 [1587s]
15min clock_h= 1h steps=  4 b_da    | baseMAE= 16.616 residR2=+0.093 | r1_global=+0.0973 r2_series=+0.0960 r3_cell=+0.0901 r4_shrunk=+0.0813 r5_instanc=+0.0788 [1587s]
15min clock_h=24h steps= 96 b_pers  | baseMAE= 22.783 residR2=+0.114 | r1_global=+0.1068 r2_series=+0.1035 r3_cell=+0.1012 r4_shrunk=+0.1109 r5_instanc=+0.1096 [1819s]
15min clock_h=24h steps= 96 b_da    | baseMAE= 16.646 residR2=-0.002 | r1_global=-0.0017 r2_series=-0.0006 r3_cell=-0.0006 r4_shrunk=-0.0020 r5_instanc=-0.0022 [1819s]
1h    clock_h= 1h steps=  1 b_pers  | baseMAE= 11.926 residR2=+0.075 | r1_global=+0.0913 r2_series=+0.0825 r3_cell=+0.0811 r4_shrunk=+0.0931 r5_instanc=+0.0938 [1889s]
1h    clock_h= 1h steps=  1 b_da    | baseMAE= 15.533 residR2=+0.068 | r1_global=+0.0772 r2_series=+0.0765 r3_cell=+0.0735 r4_shrunk=+0.0457 r5_instanc=+0.0364 [1889s]
1h    clock_h=24h steps= 24 b_pers  | baseMAE= 21.710 residR2=+0.079 | r1_global=+0.0874 r2_series=+0.0873 r3_cell=+0.0947 r4_shrunk=+0.1017 r5_instanc=+0.1013 [2086s]
1h    clock_h=24h steps= 24 b_da    | baseMAE= 15.560 residR2=-0.001 | r1_global=-0.0006 r2_series=-0.0001 r3_cell=-0.0002 r4_shrunk=-0.0002 r5_instanc=-0.0002 [2086s]
1d    clock_h=24h steps=  1 b_pers  | baseMAE= 13.971 residR2=+0.021 | r1_global=+0.0229 r2_series=+0.0190 r3_cell=+0.0107 r4_shrunk=+0.0287 r5_instanc=+0.0290 [2141s]
1d    clock_h=24h steps=  1 b_da    | baseMAE= 10.817 residR2=+0.003 | r1_global=+0.0032 r2_series=+0.0032 r3_cell=+0.0036 r4_shrunk=+0.0025 r5_instanc=+0.0024 [2141s]

wrote 420 rows

=== Q1: baseline error by resolution at matched clock horizon ===
res                15min      1d      1h    5min
clock_h baseline                                
1       b_da      16.616     NaN  15.533  16.998
        b_pers    13.923     NaN  11.926  14.667
24      b_da      16.646  10.817  15.560  17.028
        b_pers    22.783  13.971  21.710  23.254

=== Q2: correction value (best coarse rung) by resolution ===
res                15min      1d      1h    5min
clock_h baseline                                
1       b_da      0.1130     NaN  0.0843  0.0998
        b_pers    0.0647     NaN  0.1066  0.0900
24      b_da      0.0023  0.0036  0.0006 -0.0011
        b_pers    0.1200  0.0190  0.1083  0.1564

=== residual predictability by resolution ===
res               15min     1d     1h   5min
clock_h baseline                            
1       b_da      0.093    NaN  0.068  0.077
        b_pers    0.046    NaN  0.075  0.055
24      b_da     -0.002  0.003 -0.001 -0.006
        b_pers    0.114  0.021  0.079  0.152
DONE 2141.2535514831543
